
Discarded input sections

 .ARM.attributes
                0x0000000000000000       0x14 build/mailbox.o
 .ARM.attributes
                0x0000000000000000       0x14 build/framebuffer.o
 .ARM.attributes
                0x0000000000000000       0x14 build/text.o
 .ARM.attributes
                0x0000000000000000       0x14 build/systemTimer.o
 .ARM.attributes
                0x0000000000000000       0x14 build/drawing.o
 .ARM.attributes
                0x0000000000000000       0x14 build/gpio.o
 .ARM.attributes
                0x0000000000000000       0x14 build/main.o
 .ARM.attributes
                0x0000000000000000       0x14 build/random.o
 .ARM.attributes
                0x0000000000000000       0x14 build/maths.o
 .ARM.attributes
                0x0000000000000000       0x14 build/tags.o

Memory Configuration

Name             Origin             Length             Attributes
*default*        0x0000000000000000 0xffffffffffffffff

Linker script and memory map

LOAD build/mailbox.o
LOAD build/framebuffer.o
LOAD build/text.o
LOAD build/systemTimer.o
LOAD build/drawing.o
LOAD build/gpio.o
LOAD build/main.o
LOAD build/random.o
LOAD build/maths.o
LOAD build/tags.o
LOAD ./libcsud.a

.init           0x0000000000008000        0x4
 *(.init)
 .init          0x0000000000008000        0x4 build/main.o
                0x0000000000008000                _start

.data           0x0000000000008010      0x8e3
 *(.data)
 .data          0x0000000000008010        0x0 build/mailbox.o
 .data          0x0000000000008010       0x28 build/framebuffer.o
                0x0000000000008010                FrameBufferInfo
 .data          0x0000000000008038        0x0 build/text.o
 .data          0x0000000000008038        0x0 build/systemTimer.o
 *fill*         0x0000000000008038        0x8 
 .data          0x0000000000008040      0x810 build/drawing.o
 .data          0x0000000000008850        0x0 build/gpio.o
 .data          0x0000000000008850       0x1b build/main.o
 .data          0x000000000000886b        0x0 build/random.o
 .data          0x000000000000886b        0x0 build/maths.o
 .data          0x000000000000886b       0x24 build/tags.o
 *.c.o(*)
 *(.bss)
 .bss           0x000000000000888f        0x0 build/mailbox.o
 .bss           0x000000000000888f        0x0 build/framebuffer.o
 .bss           0x000000000000888f        0x0 build/text.o
 .bss           0x000000000000888f        0x0 build/systemTimer.o
 .bss           0x000000000000888f        0x0 build/drawing.o
 .bss           0x000000000000888f        0x0 build/gpio.o
 .bss           0x000000000000888f       0x64 build/main.o
 .bss           0x00000000000088f3        0x0 build/random.o
 .bss           0x00000000000088f3        0x0 build/maths.o
 .bss           0x00000000000088f3        0x0 build/tags.o

.text           0x00000000000088f4      0x6ec
 *.c.o(.text)
 *(.text)
 .text          0x00000000000088f4       0x60 build/mailbox.o
                0x00000000000088f4                MailboxWrite
                0x0000000000008920                MailboxRead
 .text          0x0000000000008954       0x60 build/framebuffer.o
                0x0000000000008954                InitialiseFrameBuffer
 .text          0x00000000000089b4      0x244 build/text.o
                0x00000000000089b4                DrawStringz
                0x00000000000089e0                CharCount
                0x00000000000089fc                SignedString
                0x0000000000008a3c                UnsignedString
                0x0000000000008a90                ReverseString
                0x0000000000008abc                FormatString
 .text          0x0000000000008bf8       0x24 build/systemTimer.o
                0x0000000000008bf8                timerWait
 .text          0x0000000000008c1c      0x1f0 build/drawing.o
                0x0000000000008c1c                SetForeColour
                0x0000000000008c30                SetGraphicsAddress
                0x0000000000008c3c                DrawPixel
                0x0000000000008c78                DrawLine
                0x0000000000008cf4                DrawByte
                0x0000000000008d3c                DrawCharacter
                0x0000000000008d90                DrawString
 .text          0x0000000000008e0c       0xa4 build/gpio.o
                0x0000000000008e0c                SetGpioFunction
                0x0000000000008e5c                SetGpio
 .text          0x0000000000008eb0       0x74 build/main.o
                0x0000000000008eb0                main
 .text          0x0000000000008f24       0x18 build/random.o
                0x0000000000008f24                Random
 .text          0x0000000000008f3c       0x48 build/maths.o
                0x0000000000008f3c                DivideU32
 .text          0x0000000000008f84       0x5c build/tags.o
                0x0000000000008f84                FindTag

/DISCARD/
 *(*)
OUTPUT(build/output.elf elf32-littlearm)
