Archive member included to satisfy reference by file (symbol)

libuspi.a(uspilibrary.o)      build/kernel.o (USPiInitialize)
libuspi.a(dwhcidevice.o)      libuspi.a(uspilibrary.o) (DWHCIDevice)
libuspi.a(dwhciregister.o)    libuspi.a(dwhcidevice.o) (DWHCIRegister)
libuspi.a(dwhcixferstagedata.o)
                              libuspi.a(dwhcidevice.o) (_DWHCITransferStageData)
libuspi.a(usbdevice.o)        libuspi.a(dwhcixferstagedata.o) (USBDeviceGetAddress)
libuspi.a(usbendpoint.o)      libuspi.a(usbdevice.o) (USBEndpoint)
libuspi.a(usbrequest.o)       libuspi.a(dwhcidevice.o) (USBRequest)
libuspi.a(devicenameservice.o)
                              libuspi.a(uspilibrary.o) (DeviceNameService)
libuspi.a(macaddress.o)       libuspi.a(uspilibrary.o) (MACAddressCopyTo)
libuspi.a(smsc951x.o)         libuspi.a(uspilibrary.o) (SMSC951xDeviceGetMACAddress)
libuspi.a(string.o)           libuspi.a(uspilibrary.o) (String)
libuspi.a(util.o)             libuspi.a(macaddress.o) (uspi_memset)
libuspi.a(usbmassdevice.o)    libuspi.a(uspilibrary.o) (USBBulkOnlyMassStorageDeviceSeek)
libuspi.a(dwhciframeschednper.o)
                              libuspi.a(dwhcixferstagedata.o) (DWHCIFrameSchedulerNonPeriodic)
libuspi.a(dwhciframeschedper.o)
                              libuspi.a(dwhcixferstagedata.o) (DWHCIFrameSchedulerPeriodic)
libuspi.a(usbkeyboard.o)      libuspi.a(uspilibrary.o) (USBKeyboardDeviceRegisterKeyPressedHandler)
libuspi.a(dwhcirootport.o)    libuspi.a(dwhcidevice.o) (DWHCIRootPort)
libuspi.a(usbmouse.o)         libuspi.a(uspilibrary.o) (USBMouseDeviceRegisterStatusHandler)
libuspi.a(dwhciframeschednsplit.o)
                              libuspi.a(dwhcixferstagedata.o) (DWHCIFrameSchedulerNoSplit)
libuspi.a(usbgamepad.o)       libuspi.a(uspilibrary.o) (USBGamePadDeviceRegisterStatusHandler)
libuspi.a(synchronize.o)      libuspi.a(dwhcidevice.o) (uspi_EnterCritical)
libuspi.a(usbstring.o)        libuspi.a(usbdevice.o) (USBString)
libuspi.a(usbmidi.o)          libuspi.a(uspilibrary.o) (USBMIDIDeviceRegisterPacketHandler)
libuspi.a(usbconfigparser.o)  libuspi.a(usbdevice.o) (USBConfigurationParser)
libuspi.a(usbdevicefactory.o)
                              libuspi.a(dwhcirootport.o) (USBDeviceFactoryGetDevice)
libuspi.a(usbstandardhub.o)   libuspi.a(usbdevicefactory.o) (USBStandardHub)
libuspi.a(keymap.o)           libuspi.a(usbkeyboard.o) (KeyMap)
libuspienv.a(alloc.o)         libuspi.a(uspilibrary.o) (malloc)
libuspienv.a(assert.o)        libuspienv.a(alloc.o) (assertion_failed)
libuspienv.a(debug.o)         libuspienv.a(assert.o) (debug_stacktrace)
libuspienv.a(libstub.o)       libuspi.a(dwhcixferstagedata.o) (__aeabi_uidiv)
libuspienv.a(logger.o)        libuspienv.a(assert.o) (LoggerGet)
libuspienv.a(screen.o)        libuspienv.a(logger.o) (ScreenDeviceWrite)
libuspienv.a(synchronize.o)   libuspienv.a(alloc.o) (EnterCritical)
libuspienv.a(timer.o)         libuspienv.a(logger.o) (TimerGetTimeString)
libuspienv.a(uspibind.o)      libuspi.a(dwhcidevice.o) (MsDelay)
libuspienv.a(uspienv.o)       build/kernel.o (USPiEnvInitialize)
libuspienv.a(util.o)          libuspienv.a(screen.o) (memset)
libuspienv.a(util_fast.o)     libuspienv.a(screen.o) (memcpyblk)
libuspienv.a(memory.o)        libuspienv.a(uspienv.o) (MemorySystem)
libuspienv.a(pagetable.o)     libuspienv.a(memory.o) (PageTable)
libuspienv.a(exceptionhandler.o)
                              libuspienv.a(uspienv.o) (ExceptionHandler2)
libuspienv.a(bcmframebuffer.o)
                              libuspienv.a(screen.o) (BcmFrameBuffer)
libuspienv.a(bcmpropertytags.o)
                              libuspienv.a(uspibind.o) (BcmPropertyTags)
libuspienv.a(chargenerator.o)
                              libuspienv.a(screen.o) (CharGenerator)
libuspienv.a(delayloop.o)     libuspienv.a(timer.o) (DelayLoop)
libuspienv.a(exceptionstub.o)
                              libuspienv.a(exceptionhandler.o) (UndefinedInstructionStub)
libuspienv.a(interrupt.o)     libuspienv.a(uspienv.o) (InterruptSystem)
libuspienv.a(libhelper.o)     libuspienv.a(libstub.o) (Divide)
libuspienv.a(memio.o)         libuspienv.a(timer.o) (read32)
libuspienv.a(bcmmailbox.o)    libuspienv.a(bcmframebuffer.o) (BcmMailBox)

Allocating common symbols
Common symbol       size              file

position            0x328             build/snake.o
keys                0x6               build/keyboard.o
modifiers           0x1               build/keyboard.o

Discarded input sections

 .comment       0x0000000000000000       0x12 build/keyboard.o
 .ARM.attributes
                0x0000000000000000       0x34 build/keyboard.o
 .comment       0x0000000000000000       0x12 build/snake.o
 .ARM.attributes
                0x0000000000000000       0x34 build/snake.o
 .comment       0x0000000000000000       0x12 build/kernel.o
 .ARM.attributes
                0x0000000000000000       0x34 build/kernel.o
 .comment       0x0000000000000000       0x12 build/startup.o
 .ARM.attributes
                0x0000000000000000       0x34 build/startup.o
 .ARM.attributes
                0x0000000000000000       0x14 build/mailbox.o
 .ARM.attributes
                0x0000000000000000       0x14 build/framebuffer.o
 .ARM.attributes
                0x0000000000000000       0x14 build/text.o
 .ARM.attributes
                0x0000000000000000       0x14 build/systemTimer.o
 .ARM.attributes
                0x0000000000000000       0x14 build/drawing.o
 .ARM.attributes
                0x0000000000000000       0x14 build/gpio.o
 .ARM.attributes
                0x0000000000000000       0x14 build/main.o
 .ARM.attributes
                0x0000000000000000       0x14 build/random.o
 .ARM.attributes
                0x0000000000000000       0x14 build/maths.o
 .ARM.attributes
                0x0000000000000000       0x14 build/tags.o
 .comment       0x0000000000000000       0x12 libuspi.a(uspilibrary.o)
 .ARM.attributes
                0x0000000000000000       0x30 libuspi.a(uspilibrary.o)
 .comment       0x0000000000000000       0x12 libuspi.a(dwhcidevice.o)
 .ARM.attributes
                0x0000000000000000       0x30 libuspi.a(dwhcidevice.o)
 .comment       0x0000000000000000       0x12 libuspi.a(dwhciregister.o)
 .ARM.attributes
                0x0000000000000000       0x30 libuspi.a(dwhciregister.o)
 .comment       0x0000000000000000       0x12 libuspi.a(dwhcixferstagedata.o)
 .ARM.attributes
                0x0000000000000000       0x30 libuspi.a(dwhcixferstagedata.o)
 .comment       0x0000000000000000       0x12 libuspi.a(usbdevice.o)
 .ARM.attributes
                0x0000000000000000       0x30 libuspi.a(usbdevice.o)
 .comment       0x0000000000000000       0x12 libuspi.a(usbendpoint.o)
 .ARM.attributes
                0x0000000000000000       0x30 libuspi.a(usbendpoint.o)
 .comment       0x0000000000000000       0x12 libuspi.a(usbrequest.o)
 .ARM.attributes
                0x0000000000000000       0x30 libuspi.a(usbrequest.o)
 .comment       0x0000000000000000       0x12 libuspi.a(devicenameservice.o)
 .ARM.attributes
                0x0000000000000000       0x30 libuspi.a(devicenameservice.o)
 .comment       0x0000000000000000       0x12 libuspi.a(macaddress.o)
 .ARM.attributes
                0x0000000000000000       0x30 libuspi.a(macaddress.o)
 .comment       0x0000000000000000       0x12 libuspi.a(smsc951x.o)
 .ARM.attributes
                0x0000000000000000       0x30 libuspi.a(smsc951x.o)
 .comment       0x0000000000000000       0x12 libuspi.a(string.o)
 .ARM.attributes
                0x0000000000000000       0x30 libuspi.a(string.o)
 .comment       0x0000000000000000       0x12 libuspi.a(util.o)
 .ARM.attributes
                0x0000000000000000       0x30 libuspi.a(util.o)
 .comment       0x0000000000000000       0x12 libuspi.a(usbmassdevice.o)
 .ARM.attributes
                0x0000000000000000       0x30 libuspi.a(usbmassdevice.o)
 .comment       0x0000000000000000       0x12 libuspi.a(dwhciframeschednper.o)
 .ARM.attributes
                0x0000000000000000       0x30 libuspi.a(dwhciframeschednper.o)
 .comment       0x0000000000000000       0x12 libuspi.a(dwhciframeschedper.o)
 .ARM.attributes
                0x0000000000000000       0x30 libuspi.a(dwhciframeschedper.o)
 .comment       0x0000000000000000       0x12 libuspi.a(usbkeyboard.o)
 .ARM.attributes
                0x0000000000000000       0x30 libuspi.a(usbkeyboard.o)
 .comment       0x0000000000000000       0x12 libuspi.a(dwhcirootport.o)
 .ARM.attributes
                0x0000000000000000       0x30 libuspi.a(dwhcirootport.o)
 .comment       0x0000000000000000       0x12 libuspi.a(usbmouse.o)
 .ARM.attributes
                0x0000000000000000       0x30 libuspi.a(usbmouse.o)
 .comment       0x0000000000000000       0x12 libuspi.a(dwhciframeschednsplit.o)
 .ARM.attributes
                0x0000000000000000       0x30 libuspi.a(dwhciframeschednsplit.o)
 .comment       0x0000000000000000       0x12 libuspi.a(usbgamepad.o)
 .ARM.attributes
                0x0000000000000000       0x30 libuspi.a(usbgamepad.o)
 .comment       0x0000000000000000       0x12 libuspi.a(synchronize.o)
 .ARM.attributes
                0x0000000000000000       0x30 libuspi.a(synchronize.o)
 .comment       0x0000000000000000       0x12 libuspi.a(usbstring.o)
 .ARM.attributes
                0x0000000000000000       0x30 libuspi.a(usbstring.o)
 .comment       0x0000000000000000       0x12 libuspi.a(usbmidi.o)
 .ARM.attributes
                0x0000000000000000       0x30 libuspi.a(usbmidi.o)
 .comment       0x0000000000000000       0x12 libuspi.a(usbconfigparser.o)
 .ARM.attributes
                0x0000000000000000       0x30 libuspi.a(usbconfigparser.o)
 .comment       0x0000000000000000       0x12 libuspi.a(usbdevicefactory.o)
 .ARM.attributes
                0x0000000000000000       0x30 libuspi.a(usbdevicefactory.o)
 .comment       0x0000000000000000       0x12 libuspi.a(usbstandardhub.o)
 .ARM.attributes
                0x0000000000000000       0x30 libuspi.a(usbstandardhub.o)
 .comment       0x0000000000000000       0x12 libuspi.a(keymap.o)
 .ARM.attributes
                0x0000000000000000       0x30 libuspi.a(keymap.o)
 .comment       0x0000000000000000       0x12 libuspienv.a(alloc.o)
 .ARM.attributes
                0x0000000000000000       0x30 libuspienv.a(alloc.o)
 .comment       0x0000000000000000       0x12 libuspienv.a(assert.o)
 .ARM.attributes
                0x0000000000000000       0x30 libuspienv.a(assert.o)
 .comment       0x0000000000000000       0x12 libuspienv.a(debug.o)
 .ARM.attributes
                0x0000000000000000       0x30 libuspienv.a(debug.o)
 .ARM.attributes
                0x0000000000000000       0x1a libuspienv.a(libstub.o)
 .comment       0x0000000000000000       0x12 libuspienv.a(logger.o)
 .ARM.attributes
                0x0000000000000000       0x30 libuspienv.a(logger.o)
 .comment       0x0000000000000000       0x12 libuspienv.a(screen.o)
 .ARM.attributes
                0x0000000000000000       0x30 libuspienv.a(screen.o)
 .comment       0x0000000000000000       0x12 libuspienv.a(synchronize.o)
 .ARM.attributes
                0x0000000000000000       0x30 libuspienv.a(synchronize.o)
 .comment       0x0000000000000000       0x12 libuspienv.a(timer.o)
 .ARM.attributes
                0x0000000000000000       0x30 libuspienv.a(timer.o)
 .comment       0x0000000000000000       0x12 libuspienv.a(uspibind.o)
 .ARM.attributes
                0x0000000000000000       0x30 libuspienv.a(uspibind.o)
 .comment       0x0000000000000000       0x12 libuspienv.a(uspienv.o)
 .ARM.attributes
                0x0000000000000000       0x30 libuspienv.a(uspienv.o)
 .comment       0x0000000000000000       0x12 libuspienv.a(util.o)
 .ARM.attributes
                0x0000000000000000       0x30 libuspienv.a(util.o)
 .ARM.attributes
                0x0000000000000000       0x1a libuspienv.a(util_fast.o)
 .comment       0x0000000000000000       0x12 libuspienv.a(memory.o)
 .ARM.attributes
                0x0000000000000000       0x30 libuspienv.a(memory.o)
 .comment       0x0000000000000000       0x12 libuspienv.a(pagetable.o)
 .ARM.attributes
                0x0000000000000000       0x30 libuspienv.a(pagetable.o)
 .comment       0x0000000000000000       0x12 libuspienv.a(exceptionhandler.o)
 .ARM.attributes
                0x0000000000000000       0x30 libuspienv.a(exceptionhandler.o)
 .comment       0x0000000000000000       0x12 libuspienv.a(bcmframebuffer.o)
 .ARM.attributes
                0x0000000000000000       0x30 libuspienv.a(bcmframebuffer.o)
 .comment       0x0000000000000000       0x12 libuspienv.a(bcmpropertytags.o)
 .ARM.attributes
                0x0000000000000000       0x30 libuspienv.a(bcmpropertytags.o)
 .comment       0x0000000000000000       0x12 libuspienv.a(chargenerator.o)
 .ARM.attributes
                0x0000000000000000       0x30 libuspienv.a(chargenerator.o)
 .ARM.attributes
                0x0000000000000000       0x1a libuspienv.a(delayloop.o)
 .ARM.attributes
                0x0000000000000000       0x1a libuspienv.a(exceptionstub.o)
 .comment       0x0000000000000000       0x12 libuspienv.a(interrupt.o)
 .ARM.attributes
                0x0000000000000000       0x30 libuspienv.a(interrupt.o)
 .comment       0x0000000000000000       0x12 libuspienv.a(libhelper.o)
 .ARM.attributes
                0x0000000000000000       0x30 libuspienv.a(libhelper.o)
 .comment       0x0000000000000000       0x12 libuspienv.a(memio.o)
 .ARM.attributes
                0x0000000000000000       0x30 libuspienv.a(memio.o)
 .comment       0x0000000000000000       0x12 libuspienv.a(bcmmailbox.o)
 .ARM.attributes
                0x0000000000000000       0x30 libuspienv.a(bcmmailbox.o)

Memory Configuration

Name             Origin             Length             Attributes
*default*        0x0000000000000000 0xffffffffffffffff

Linker script and memory map

LOAD build/keyboard.o
LOAD build/snake.o
LOAD build/kernel.o
LOAD build/startup.o
LOAD build/mailbox.o
LOAD build/framebuffer.o
LOAD build/text.o
LOAD build/systemTimer.o
LOAD build/drawing.o
LOAD build/gpio.o
LOAD build/main.o
LOAD build/random.o
LOAD build/maths.o
LOAD build/tags.o
LOAD libuspi.a
LOAD libuspienv.a

.init           0x0000000000008000        0x8
 *(.init)
 .init          0x0000000000008000        0x8 build/main.o
                0x0000000000008000                _start

.data           0x0000000000008010      0xd1c
 *(.data)
 .data          0x0000000000008010        0x0 build/keyboard.o
 .data          0x0000000000008010        0x0 build/snake.o
 .data          0x0000000000008010        0x0 build/kernel.o
 .data          0x0000000000008010        0x0 build/startup.o
 .data          0x0000000000008010        0x0 build/mailbox.o
 .data          0x0000000000008010       0x28 build/framebuffer.o
                0x0000000000008010                FrameBufferInfo
 .data          0x0000000000008038        0x0 build/text.o
 .data          0x0000000000008038        0x0 build/systemTimer.o
 *fill*         0x0000000000008038        0x8 
 .data          0x0000000000008040      0x810 build/drawing.o
 .data          0x0000000000008850        0x0 build/gpio.o
 .data          0x0000000000008850        0x0 build/main.o
 .data          0x0000000000008850        0x0 build/random.o
 .data          0x0000000000008850        0x0 build/maths.o
 .data          0x0000000000008850       0x24 build/tags.o
 .data          0x0000000000008874        0x0 libuspi.a(uspilibrary.o)
 .data          0x0000000000008874        0x0 libuspi.a(dwhcidevice.o)
 .data          0x0000000000008874        0x0 libuspi.a(dwhciregister.o)
 .data          0x0000000000008874        0x0 libuspi.a(dwhcixferstagedata.o)
 .data          0x0000000000008874        0x1 libuspi.a(usbdevice.o)
 .data          0x0000000000008875        0x0 libuspi.a(usbendpoint.o)
 .data          0x0000000000008875        0x0 libuspi.a(usbrequest.o)
 .data          0x0000000000008875        0x0 libuspi.a(devicenameservice.o)
 .data          0x0000000000008875        0x0 libuspi.a(macaddress.o)
 .data          0x0000000000008875        0x0 libuspi.a(smsc951x.o)
 .data          0x0000000000008875        0x0 libuspi.a(string.o)
 .data          0x0000000000008875        0x0 libuspi.a(util.o)
 *fill*         0x0000000000008875        0x3 
 .data          0x0000000000008878        0x4 libuspi.a(usbmassdevice.o)
 .data          0x000000000000887c        0x0 libuspi.a(dwhciframeschednper.o)
 .data          0x000000000000887c        0x0 libuspi.a(dwhciframeschedper.o)
 .data          0x000000000000887c        0x4 libuspi.a(usbkeyboard.o)
 .data          0x0000000000008880        0x0 libuspi.a(dwhcirootport.o)
 .data          0x0000000000008880        0x4 libuspi.a(usbmouse.o)
 .data          0x0000000000008884        0x0 libuspi.a(dwhciframeschednsplit.o)
 .data          0x0000000000008884       0x34 libuspi.a(usbgamepad.o)
 .data          0x00000000000088b8        0x0 libuspi.a(synchronize.o)
 .data          0x00000000000088b8        0x0 libuspi.a(usbstring.o)
 .data          0x00000000000088b8        0x4 libuspi.a(usbmidi.o)
 .data          0x00000000000088bc        0x0 libuspi.a(usbconfigparser.o)
 .data          0x00000000000088bc        0x0 libuspi.a(usbdevicefactory.o)
 .data          0x00000000000088bc        0x0 libuspi.a(usbstandardhub.o)
 .data          0x00000000000088bc        0x0 libuspi.a(keymap.o)
 .data          0x00000000000088bc       0x38 libuspienv.a(alloc.o)
 .data          0x00000000000088f4        0x0 libuspienv.a(assert.o)
 .data          0x00000000000088f4        0x0 libuspienv.a(debug.o)
 .data          0x00000000000088f4        0x0 libuspienv.a(libstub.o)
 .data          0x00000000000088f4        0x0 libuspienv.a(logger.o)
 .data          0x00000000000088f4        0x0 libuspienv.a(screen.o)
 .data          0x00000000000088f4        0x0 libuspienv.a(synchronize.o)
 .data          0x00000000000088f4        0x0 libuspienv.a(timer.o)
 .data          0x00000000000088f4        0x0 libuspienv.a(uspibind.o)
 .data          0x00000000000088f4        0x0 libuspienv.a(uspienv.o)
 .data          0x00000000000088f4        0x0 libuspienv.a(util.o)
 .data          0x00000000000088f4        0x0 libuspienv.a(util_fast.o)
 .data          0x00000000000088f4        0x0 libuspienv.a(memory.o)
 .data          0x00000000000088f4        0x0 libuspienv.a(pagetable.o)
 .data          0x00000000000088f4        0x0 libuspienv.a(exceptionhandler.o)
 .data          0x00000000000088f4        0x0 libuspienv.a(bcmframebuffer.o)
 .data          0x00000000000088f4        0x0 libuspienv.a(bcmpropertytags.o)
 .data          0x00000000000088f4        0x0 libuspienv.a(chargenerator.o)
 .data          0x00000000000088f4        0x0 libuspienv.a(delayloop.o)
 .data          0x00000000000088f4        0x0 libuspienv.a(exceptionstub.o)
 .data          0x00000000000088f4        0x0 libuspienv.a(interrupt.o)
 .data          0x00000000000088f4        0x0 libuspienv.a(libhelper.o)
 .data          0x00000000000088f4        0x0 libuspienv.a(memio.o)
 .data          0x00000000000088f4        0x0 libuspienv.a(bcmmailbox.o)
 *.c.o(*)
 *(.bss)
 .bss           0x00000000000088f4        0x0 build/keyboard.o
 .bss           0x00000000000088f4        0x0 build/snake.o
 .bss           0x00000000000088f4        0x0 build/kernel.o
 .bss           0x00000000000088f4        0x0 build/startup.o
 .bss           0x00000000000088f4        0x0 build/mailbox.o
 .bss           0x00000000000088f4        0x0 build/framebuffer.o
 .bss           0x00000000000088f4        0x0 build/text.o
 .bss           0x00000000000088f4        0x0 build/systemTimer.o
 .bss           0x00000000000088f4        0x0 build/drawing.o
 .bss           0x00000000000088f4        0x0 build/gpio.o
 .bss           0x00000000000088f4        0x0 build/main.o
 .bss           0x00000000000088f4        0x0 build/random.o
 .bss           0x00000000000088f4        0x0 build/maths.o
 .bss           0x00000000000088f4        0x0 build/tags.o
 .bss           0x00000000000088f4        0x4 libuspi.a(uspilibrary.o)
 .bss           0x00000000000088f8        0x0 libuspi.a(dwhcidevice.o)
 .bss           0x00000000000088f8        0x0 libuspi.a(dwhciregister.o)
 .bss           0x00000000000088f8        0x0 libuspi.a(dwhcixferstagedata.o)
 .bss           0x00000000000088f8        0x0 libuspi.a(usbdevice.o)
 .bss           0x00000000000088f8        0x0 libuspi.a(usbendpoint.o)
 .bss           0x00000000000088f8        0x0 libuspi.a(usbrequest.o)
 .bss           0x00000000000088f8        0x4 libuspi.a(devicenameservice.o)
 .bss           0x00000000000088fc        0x0 libuspi.a(macaddress.o)
 .bss           0x00000000000088fc        0x4 libuspi.a(smsc951x.o)
 .bss           0x0000000000008900        0x0 libuspi.a(string.o)
 .bss           0x0000000000008900        0x0 libuspi.a(util.o)
 .bss           0x0000000000008900        0x0 libuspi.a(usbmassdevice.o)
 .bss           0x0000000000008900        0x0 libuspi.a(dwhciframeschednper.o)
 .bss           0x0000000000008900        0x0 libuspi.a(dwhciframeschedper.o)
 .bss           0x0000000000008900        0x0 libuspi.a(usbkeyboard.o)
 .bss           0x0000000000008900        0x0 libuspi.a(dwhcirootport.o)
 .bss           0x0000000000008900        0x0 libuspi.a(usbmouse.o)
 .bss           0x0000000000008900        0x0 libuspi.a(dwhciframeschednsplit.o)
 .bss           0x0000000000008900        0x0 libuspi.a(usbgamepad.o)
 .bss           0x0000000000008900        0x8 libuspi.a(synchronize.o)
 .bss           0x0000000000008908        0x0 libuspi.a(usbstring.o)
 .bss           0x0000000000008908        0x0 libuspi.a(usbmidi.o)
 .bss           0x0000000000008908        0x0 libuspi.a(usbconfigparser.o)
 .bss           0x0000000000008908        0x0 libuspi.a(usbdevicefactory.o)
 .bss           0x0000000000008908        0x0 libuspi.a(usbstandardhub.o)
 .bss           0x0000000000008908        0x0 libuspi.a(keymap.o)
 .bss           0x0000000000008908       0x14 libuspienv.a(alloc.o)
 .bss           0x000000000000891c        0x0 libuspienv.a(assert.o)
 .bss           0x000000000000891c        0x0 libuspienv.a(debug.o)
 .bss           0x000000000000891c        0x0 libuspienv.a(libstub.o)
 .bss           0x000000000000891c        0x4 libuspienv.a(logger.o)
 .bss           0x0000000000008920        0x0 libuspienv.a(screen.o)
 .bss           0x0000000000008920        0x8 libuspienv.a(synchronize.o)
 .bss           0x0000000000008928        0x4 libuspienv.a(timer.o)
 .bss           0x000000000000892c        0x0 libuspienv.a(uspibind.o)
 .bss           0x000000000000892c      0x3f8 libuspienv.a(uspienv.o)
 .bss           0x0000000000008d24        0x0 libuspienv.a(util.o)
 .bss           0x0000000000008d24        0x0 libuspienv.a(util_fast.o)
 .bss           0x0000000000008d24        0x0 libuspienv.a(memory.o)
 .bss           0x0000000000008d24        0x0 libuspienv.a(pagetable.o)
 .bss           0x0000000000008d24        0x4 libuspienv.a(exceptionhandler.o)
 .bss           0x0000000000008d28        0x0 libuspienv.a(bcmframebuffer.o)
 .bss           0x0000000000008d28        0x0 libuspienv.a(bcmpropertytags.o)
 .bss           0x0000000000008d28        0x0 libuspienv.a(chargenerator.o)
 .bss           0x0000000000008d28        0x0 libuspienv.a(delayloop.o)
 .bss           0x0000000000008d28        0x0 libuspienv.a(exceptionstub.o)
 .bss           0x0000000000008d28        0x4 libuspienv.a(interrupt.o)
 .bss           0x0000000000008d2c        0x0 libuspienv.a(libhelper.o)
 .bss           0x0000000000008d2c        0x0 libuspienv.a(memio.o)
 .bss           0x0000000000008d2c        0x0 libuspienv.a(bcmmailbox.o)

.text           0x0000000000008d30    0x1214c
 *.c.o(.text)
 *(.text)
 .text          0x0000000000008d30      0x100 build/keyboard.o
                0x0000000000008d30                modKeys
                0x0000000000008db4                KeyWasDown
 .text          0x0000000000008e30      0x330 build/snake.o
                0x0000000000008e30                snake
 .text          0x0000000000009160      0x108 build/kernel.o
                0x0000000000009160                kernel_main
 .text          0x0000000000009268       0x38 build/startup.o
                0x0000000000009268                _cstartup
 .text          0x00000000000092a0       0x60 build/mailbox.o
                0x00000000000092a0                MailboxWrite
                0x00000000000092cc                MailboxRead
 .text          0x0000000000009300       0x60 build/framebuffer.o
                0x0000000000009300                InitialiseFrameBuffer
 .text          0x0000000000009360      0x244 build/text.o
                0x0000000000009360                DrawStringz
                0x000000000000938c                CharCount
                0x00000000000093a8                SignedString
                0x00000000000093e8                UnsignedString
                0x000000000000943c                ReverseString
                0x0000000000009468                FormatString
 .text          0x00000000000095a4       0x24 build/systemTimer.o
                0x00000000000095a4                timerWait
 .text          0x00000000000095c8      0x1f0 build/drawing.o
                0x00000000000095c8                SetForeColour
                0x00000000000095dc                SetGraphicsAddress
                0x00000000000095e8                DrawPixel
                0x0000000000009624                DrawLine
                0x00000000000096a0                DrawByte
                0x00000000000096e8                DrawCharacter
                0x000000000000973c                DrawString
 .text          0x00000000000097b8       0xa4 build/gpio.o
                0x00000000000097b8                SetGpioFunction
                0x0000000000009808                SetGpio
 .text          0x000000000000985c        0x0 build/main.o
 .text          0x000000000000985c       0x18 build/random.o
                0x000000000000985c                Random
 .text          0x0000000000009874       0x48 build/maths.o
                0x0000000000009874                DivideU32
 .text          0x00000000000098bc       0x5c build/tags.o
                0x00000000000098bc                FindTag
 .text          0x0000000000009918      0xd10 libuspi.a(uspilibrary.o)
                0x0000000000009918                USPiInitialize
                0x0000000000009b6c                USPiKeyboardAvailable
                0x0000000000009bb4                USPiKeyboardRegisterKeyPressedHandler
                0x0000000000009c28                USPiKeyboardRegisterShutdownHandler
                0x0000000000009c9c                USPiKeyboardRegisterKeyStatusHandlerRaw
                0x0000000000009d10                USPiMouseAvailable
                0x0000000000009d58                USPiMouseRegisterStatusHandler
                0x0000000000009dcc                USPiMassStorageDeviceAvailable
                0x0000000000009e54                USPiMassStorageDeviceRead
                0x0000000000009f08                USPiMassStorageDeviceWrite
                0x0000000000009fbc                USPiMassStorageDeviceGetCapacity
                0x000000000000a028                USPiEthernetAvailable
                0x000000000000a070                USPiGetMACAddress
                0x000000000000a10c                USPiSendFrame
                0x000000000000a190                USPiReceiveFrame
                0x000000000000a214                USPiGamePadAvailable
                0x000000000000a29c                USPiGamePadRegisterStatusHandler
                0x000000000000a304                USPiGamePadGetStatus
                0x000000000000a388                USPiMIDIAvailable
                0x000000000000a3d4                USPiMIDIRegisterPacketHandler
                0x000000000000a44c                USPiDeviceGetInformation
 .text          0x000000000000a628     0x2860 libuspi.a(dwhcidevice.o)
                0x000000000000a628                DWHCIDeviceCompletionRoutine
                0x000000000000a65c                DWHCIDevice
                0x000000000000a6b8                _DWHCIDevice
                0x000000000000a6c8                DWHCIDeviceEnableGlobalInterrupts
                0x000000000000a730                DWHCIDeviceEnableCommonInterrupts
                0x000000000000a78c                DWHCIDeviceEnableHostInterrupts
                0x000000000000a808                DWHCIDeviceEnableChannelInterrupt
                0x000000000000a880                DWHCIDeviceDisableChannelInterrupt
                0x000000000000a8f8                DWHCIDeviceStartChannel
                0x000000000000acd8                DWHCIDeviceStartTransaction
                0x000000000000ae04                DWHCIDeviceTimerHandler
                0x000000000000af20                DWHCIDeviceAllocateChannel
                0x000000000000afbc                DWHCIDeviceFreeChannel
                0x000000000000b050                DWHCIDeviceTransferStageAsync
                0x000000000000b204                DWHCIDeviceSubmitAsyncRequest
                0x000000000000b2f4                DWHCIDeviceTransferStage
                0x000000000000b3c8                DWHCIDeviceSubmitBlockingRequest
                0x000000000000b628                DWHCIDeviceControlMessage
                0x000000000000b714                DWHCIDeviceGetDescriptor
                0x000000000000b784                DWHCIDeviceSetAddress
                0x000000000000b7fc                DWHCIDeviceSetConfiguration
                0x000000000000b874                DWHCIDeviceTransfer
                0x000000000000b904                DWHCIDeviceChannelInterruptHandler
                0x000000000000beec                DWHCIDeviceInterruptHandler
                0x000000000000c004                DWHCIDeviceWaitForBit
                0x000000000000c0ec                DWHCIDeviceEnableRootPort
                0x000000000000c1d8                DWHCIDeviceReset
                0x000000000000c2ac                DWHCIDeviceInitCore
                0x000000000000c51c                DWHCIDeviceFlushTxFIFO
                0x000000000000c5c8                DWHCIDeviceFlushRxFIFO
                0x000000000000c658                DWHCIDeviceInitHost
                0x000000000000c878                DWHCIDeviceInitialize
                0x000000000000ca8c                DWHCIDeviceGetPortSpeed
                0x000000000000cb10                DWHCIDeviceOvercurrentDetected
                0x000000000000cb80                DWHCIDeviceDisableRootPort
                0x000000000000cbe8                DWHCIDeviceDumpRegister
                0x000000000000cc68                DWHCIDeviceDumpStatus
 .text          0x000000000000ce88      0x4b4 libuspi.a(dwhciregister.o)
                0x000000000000ce88                DWHCIRegister
                0x000000000000cec0                DWHCIRegister2
                0x000000000000cf00                _DWHCIRegister
                0x000000000000cf30                DWHCIRegisterRead
                0x000000000000cf6c                DWHCIRegisterWrite
                0x000000000000cfc0                DWHCIRegisterGet
                0x000000000000d00c                DWHCIRegisterSet
                0x000000000000d044                DWHCIRegisterIsSet
                0x000000000000d0a0                DWHCIRegisterAnd
                0x000000000000d0f8                DWHCIRegisterOr
                0x000000000000d150                DWHCIRegisterClearBit
                0x000000000000d1c8                DWHCIRegisterSetBit
                0x000000000000d240                DWHCIRegisterClearAll
                0x000000000000d278                DWHCIRegisterSetAll
                0x000000000000d2b0                DWHCIRegisterDump
 .text          0x000000000000d33c      0xd5c libuspi.a(dwhcixferstagedata.o)
                0x000000000000d33c                _DWHCITransferStageData
                0x000000000000d3b8                DWHCITransferStageDataTransactionComplete
                0x000000000000d510                DWHCITransferStageDataSetSplitComplete
                0x000000000000d560                DWHCITransferStageDataSetState
                0x000000000000d590                DWHCITransferStageDataGetState
                0x000000000000d5bc                DWHCITransferStageDataSetSubState
                0x000000000000d5ec                DWHCITransferStageDataGetSubState
                0x000000000000d618                DWHCITransferStageDataBeginSplitCycle
                0x000000000000d620                DWHCITransferStageDataGetChannelNumber
                0x000000000000d64c                DWHCITransferStageDataIsPeriodic
                0x000000000000d6b8                DWHCITransferStageData
                0x000000000000d9c8                DWHCITransferStageDataGetDeviceAddress
                0x000000000000da1c                DWHCITransferStageDataGetEndpointType
                0x000000000000dac0                DWHCITransferStageDataGetEndpointNumber
                0x000000000000db14                DWHCITransferStageDataGetMaxPacketSize
                0x000000000000db44                DWHCITransferStageDataGetSpeed
                0x000000000000db70                DWHCITransferStageDataGetPID
                0x000000000000dc18                DWHCITransferStageDataIsDirectionIn
                0x000000000000dc48                DWHCITransferStageDataIsStatusStage
                0x000000000000dc78                DWHCITransferStageDataGetDMAAddress
                0x000000000000dcc8                DWHCITransferStageDataGetBytesToTransfer
                0x000000000000dcf8                DWHCITransferStageDataGetPacketsToTransfer
                0x000000000000dd28                DWHCITransferStageDataIsSplit
                0x000000000000dd58                DWHCITransferStageDataIsSplitComplete
                0x000000000000ddac                DWHCITransferStageDataGetHubAddress
                0x000000000000de24                DWHCITransferStageDataGetHubPortAddress
                0x000000000000dea0                DWHCITransferStageDataGetSplitPosition
                0x000000000000def0                DWHCITransferStageDataGetStatusMask
                0x000000000000df54                DWHCITransferStageDataGetTransactionStatus
                0x000000000000dfa4                DWHCITransferStageDataIsStageComplete
                0x000000000000dfdc                DWHCITransferStageDataGetResultLen
                0x000000000000e018                DWHCITransferStageDataGetURB
                0x000000000000e068                DWHCITransferStageDataGetFrameScheduler
 .text          0x000000000000e098      0xdd8 libuspi.a(usbdevice.o)
                0x000000000000e098                USBDeviceConfigure
                0x000000000000e160                USBDevice
                0x000000000000e270                USBDeviceCopy
                0x000000000000e440                _USBDevice
                0x000000000000e4f4                USBDeviceGetName
                0x000000000000e6b4                USBDeviceGetAddress
                0x000000000000e6e4                USBDeviceGetSpeed
                0x000000000000e714                USBDeviceGetHubAddress
                0x000000000000e744                USBDeviceGetHubPortNumber
                0x000000000000e774                USBDeviceGetEndpoint0
                0x000000000000e7c8                USBDeviceGetHost
                0x000000000000e818                USBDeviceGetDeviceDescriptor
                0x000000000000e868                USBDeviceGetConfigurationDescriptor
                0x000000000000e8bc                USBDeviceGetDescriptor
                0x000000000000e91c                USBDeviceConfigurationError
                0x000000000000e978                USBDeviceSetAddress
                0x000000000000e9cc                USBDeviceInitialize
 .text          0x000000000000ee70      0x5f8 libuspi.a(usbendpoint.o)
                0x000000000000ee70                USBEndpoint
                0x000000000000eee0                USBEndpoint2
                0x000000000000f08c                USBEndpointCopy
                0x000000000000f128                _USBEndpoint
                0x000000000000f158                USBEndpointGetDevice
                0x000000000000f1a4                USBEndpointGetNumber
                0x000000000000f1d0                USBEndpointGetType
                0x000000000000f1fc                USBEndpointIsDirectionIn
                0x000000000000f228                USBEndpointSetMaxPacketSize
                0x000000000000f258                USBEndpointGetMaxPacketSize
                0x000000000000f284                USBEndpointGetInterval
                0x000000000000f2d0                USBEndpointGetNextPID
                0x000000000000f338                USBEndpointSkipPID
                0x000000000000f418                USBEndpointResetPID
 .text          0x000000000000f468      0x3b4 libuspi.a(usbrequest.o)
                0x000000000000f468                USBRequest
                0x000000000000f510                _USBRequest
                0x000000000000f54c                USBRequestGetEndpoint
                0x000000000000f598                USBRequestSetStatus
                0x000000000000f5c8                USBRequestSetResultLen
                0x000000000000f5f8                USBRequestGetStatus
                0x000000000000f624                USBRequestGetResultLength
                0x000000000000f670                USBRequestGetSetupData
                0x000000000000f6e0                USBRequestGetBuffer
                0x000000000000f738                USBRequestGetBufLen
                0x000000000000f764                USBRequestSetCompletionRoutine
                0x000000000000f7c0                USBRequestCallCompletionRoutine
 .text          0x000000000000f81c      0x318 libuspi.a(devicenameservice.o)
                0x000000000000f81c                DeviceNameService
                0x000000000000f87c                _DeviceNameService
                0x000000000000f928                DeviceNameServiceAddDevice
                0x000000000000fa08                DeviceNameServiceGetDevice
                0x000000000000faec                DeviceNameServiceGet
 .text          0x000000000000fb34      0x39c libuspi.a(macaddress.o)
                0x000000000000fb34                MACAddress
                0x000000000000fb64                _MACAddress
                0x000000000000fb94                MACAddressSet
                0x000000000000fbf4                MACAddress2
                0x000000000000fc2c                MACAddressSetBroadcast
                0x000000000000fc6c                MACAddressGet
                0x000000000000fcb8                MACAddressIsEqual
                0x000000000000fd24                MACAddressCopyTo
                0x000000000000fd9c                MACAddressIsBroadcast
                0x000000000000fe20                MACAddressGetSize
                0x000000000000fe28                MACAddressFormat
 .text          0x000000000000fed0      0xb64 libuspi.a(smsc951x.o)
                0x000000000000fed0                SMSC951xDevice
                0x000000000000ff4c                _SMSC951xDevice
                0x000000000000ffd4                SMSC951xDeviceGetMACAddress
                0x0000000000010004                SMSC951xDeviceSendFrame
                0x00000000000100f8                SMSC951xDeviceReceiveFrame
                0x00000000000102c8                SMSC951xDeviceWriteReg
                0x0000000000010354                SMSC951xDeviceConfigure
                0x000000000001075c                SMSC951xDeviceReadReg
                0x00000000000107e8                SMSC951xDeviceDumpReg
                0x0000000000010878                SMSC951xDeviceDumpRegs
 .text          0x0000000000010a34      0xa84 libuspi.a(string.o)
                0x0000000000010a34                String
                0x0000000000010a68                String2
                0x0000000000010ab4                _String
                0x0000000000010af4                StringGet
                0x0000000000010b30                StringSet
                0x0000000000010b90                StringGetLength
                0x0000000000010bd0                StringAppend
                0x0000000000010c70                StringCompare
                0x0000000000010ca8                StringFind
                0x0000000000010d20                StringReserveSpace
                0x0000000000010db4                StringPutChar
                0x0000000000010e18                StringPutString
                0x0000000000010e74                ntoa
                0x0000000000010f34                StringFormatV
                0x0000000000011468                StringFormat
 .text          0x00000000000114b8      0x288 libuspi.a(util.o)
                0x00000000000114b8                uspi_memset
                0x00000000000114d8                uspi_memcpy
                0x00000000000114fc                uspi_memcmp
                0x0000000000011574                uspi_strlen
                0x00000000000115a4                uspi_strcmp
                0x000000000001163c                uspi_strcpy
                0x0000000000011670                uspi_strncpy
                0x00000000000116c4                uspi_strcat
                0x0000000000011710                uspi_char2int
                0x0000000000011714                uspi_le2be16
                0x0000000000011724                uspi_le2be32
 .text          0x0000000000011740      0xdc4 libuspi.a(usbmassdevice.o)
                0x0000000000011740                USBBulkOnlyMassStorageDevice
                0x00000000000117a4                _USBBulkOnlyMassStorageDevice
                0x0000000000011814                USBBulkOnlyMassStorageDeviceSeek
                0x0000000000011854                USBBulkOnlyMassStorageDeviceGetCapacity
                0x0000000000011884                USBBulkOnlyMassStorageDeviceCommand
                0x0000000000011b2c                USBBulkOnlyMassStorageDeviceConfigure
                0x0000000000012024                USBBulkOnlyMassStorageDeviceTryRead
                0x000000000001216c                USBBulkOnlyMassStorageDeviceTryWrite
                0x00000000000122ac                USBBulkOnlyMassStorageDeviceReset
                0x000000000001241c                USBBulkOnlyMassStorageDeviceRead
                0x0000000000012490                USBBulkOnlyMassStorageDeviceWrite
 .text          0x0000000000012504      0x2b0 libuspi.a(dwhciframeschednper.o)
                0x0000000000012504                DWHCIFrameSchedulerNonPeriodicWaitForFrame
                0x0000000000012508                DWHCIFrameSchedulerNonPeriodicIsOddFrame
                0x0000000000012510                _DWHCIFrameSchedulerNonPeriodic
                0x0000000000012540                DWHCIFrameSchedulerNonPeriodicStartSplit
                0x0000000000012570                DWHCIFrameSchedulerNonPeriodicCompleteSplit
                0x000000000001260c                DWHCIFrameSchedulerNonPeriodicTransactionComplete
                0x000000000001273c                DWHCIFrameSchedulerNonPeriodic
 .text          0x00000000000127b4      0x37c libuspi.a(dwhciframeschedper.o)
                0x00000000000127b4                _DWHCIFrameSchedulerPeriodic
                0x00000000000127e4                DWHCIFrameSchedulerPeriodicStartSplit
                0x000000000001281c                DWHCIFrameSchedulerPeriodicCompleteSplit
                0x00000000000128d4                DWHCIFrameSchedulerPeriodicIsOddFrame
                0x0000000000012904                DWHCIFrameSchedulerPeriodicTransactionComplete
                0x0000000000012a28                DWHCIFrameSchedulerPeriodicWaitForFrame
                0x0000000000012ab0                DWHCIFrameSchedulerPeriodic
 .text          0x0000000000012b30      0x8cc libuspi.a(usbkeyboard.o)
                0x0000000000012c3c                USBKeyboardDeviceConfigure
                0x00000000000131c0                USBKeyboardDevice
                0x000000000001325c                _CUSBKeyboardDevice
                0x00000000000132cc                USBKeyboardDeviceRegisterKeyPressedHandler
                0x0000000000013318                USBKeyboardDeviceRegisterSelectConsoleHandler
                0x0000000000013364                USBKeyboardDeviceRegisterShutdownHandler
                0x00000000000133b0                USBKeyboardDeviceRegisterKeyStatusHandlerRaw
 .text          0x00000000000133fc      0x308 libuspi.a(dwhcirootport.o)
                0x00000000000133fc                DWHCIRootPort
                0x0000000000013450                _DWHCIRootPort
                0x00000000000134a0                DWHCIRootPortInitialize
 .text          0x0000000000013704      0x614 libuspi.a(usbmouse.o)
                0x0000000000013800                USBMouseDeviceConfigure
                0x0000000000013be4                USBMouseDevice
                0x0000000000013c64                _CUSBMouseDevice
                0x0000000000013ccc                USBMouseDeviceRegisterStatusHandler
 .text          0x0000000000013d18      0x19c libuspi.a(dwhciframeschednsplit.o)
                0x0000000000013d18                _DWHCIFrameSchedulerNoSplit
                0x0000000000013d1c                DWHCIFrameSchedulerNoSplitStartSplit
                0x0000000000013d3c                DWHCIFrameSchedulerNoSplitCompleteSplit
                0x0000000000013d60                DWHCIFrameSchedulerNoSplitTransactionComplete
                0x0000000000013d80                DWHCIFrameSchedulerNoSplitIsOddFrame
                0x0000000000013db0                DWHCIFrameSchedulerNoSplitWaitForFrame
                0x0000000000013e34                DWHCIFrameSchedulerNoSplit
 .text          0x0000000000013eb4      0xe88 libuspi.a(usbgamepad.o)
                0x0000000000014500                USBGamePadDeviceConfigure
                0x0000000000014b08                USBGamePadDevice
                0x0000000000014be4                _CUSBGamePadDevice
                0x0000000000014c84                USBGamePadDeviceRegisterStatusHandler
                0x0000000000014cd4                USBGamePadDeviceGetReport
 .text          0x0000000000014d3c       0xd4 libuspi.a(synchronize.o)
                0x0000000000014d3c                uspi_EnterCritical
                0x0000000000014d7c                uspi_LeaveCritical
                0x0000000000014de0                uspi_CleanAndInvalidateDataCacheRange
 .text          0x0000000000014e10      0x728 libuspi.a(usbstring.o)
                0x0000000000014e10                USBString
                0x0000000000014e94                USBStringCopy
                0x0000000000014f90                _USBString
                0x0000000000015010                USBStringGetFromDescriptor
                0x00000000000152d8                USBStringGet
                0x0000000000015308                USBStringGetLanguageID
 .text          0x0000000000015538      0x5d0 libuspi.a(usbmidi.o)
                0x0000000000015634                USBMIDIDeviceConfigure
                0x00000000000159fc                USBMIDIDevice
                0x0000000000015a54                _CUSBMIDIDevice
                0x0000000000015abc                USBMIDIDeviceRegisterPacketHandler
 .text          0x0000000000015b08      0x348 libuspi.a(usbconfigparser.o)
                0x0000000000015b08                USBConfigurationParser
                0x0000000000015ca0                _USBConfigurationParser
                0x0000000000015cd0                USBConfigurationParserIsValid
                0x0000000000015cfc                USBConfigurationParserGetDescriptor
                0x0000000000015dd8                USBConfigurationParserError
 .text          0x0000000000015e50      0x314 libuspi.a(usbdevicefactory.o)
                0x0000000000015e50                GetDevice
                0x00000000000160dc                USBDeviceFactoryGetDevice
 .text          0x0000000000016164      0xd28 libuspi.a(usbstandardhub.o)
                0x0000000000016164                USBStandardHub
                0x00000000000161d0                _USBStandardHub
                0x000000000001627c                USBStandardHubInitialize
                0x00000000000162ac                USBStandardHubGetDeviceNames
                0x00000000000163d0                USBStandardHubEnumeratePorts
                0x0000000000016b24                USBStandardHubConfigure
 .text          0x0000000000016e8c      0x3f0 libuspi.a(keymap.o)
                0x0000000000016e8c                KeyMap
                0x0000000000016edc                _KeyMap
                0x0000000000016ee0                KeyMapClearTable
                0x0000000000016f3c                KeyMapSetEntry
                0x0000000000016fc0                KeyMapTranslate
                0x0000000000017124                KeyMapGetString
                0x0000000000017224                KeyMapGetLEDStatus
 .text          0x000000000001727c      0x410 libuspienv.a(alloc.o)
                0x000000000001727c                mem_init
                0x00000000000172c0                mem_get_size
                0x00000000000172e8                malloc
                0x000000000001748c                free
                0x0000000000017584                palloc
                0x000000000001763c                pfree
 .text          0x000000000001768c       0x88 libuspienv.a(assert.o)
                0x000000000001768c                assertion_failed
 .text          0x0000000000017714      0x19c libuspienv.a(debug.o)
                0x0000000000017714                debug_hexdump
                0x0000000000017824                debug_stacktrace
 .text          0x00000000000178b0       0x2c libuspienv.a(libstub.o)
                0x00000000000178b0                __aeabi_uidiv
                0x00000000000178c0                __aeabi_uidivmod
 .text          0x00000000000178dc      0x32c libuspienv.a(logger.o)
                0x00000000000178dc                Logger
                0x00000000000178fc                _Logger
                0x0000000000017918                LoggerGet
                0x0000000000017928                LoggerWrite2
                0x0000000000017950                LoggerWriteV
                0x0000000000017bb0                LoggerWrite
                0x0000000000017be0                LoggerInitialize
 .text          0x0000000000017c08      0xd98 libuspienv.a(screen.o)
                0x0000000000017c08                ScreenDevice
                0x0000000000017c54                _ScreenDevice
                0x0000000000017c84                ScreenDeviceGetWidth
                0x0000000000017c8c                ScreenDeviceGetHeight
                0x0000000000017c94                ScreenDeviceSetPixel
                0x0000000000017cbc                ScreenDeviceGetPixel
                0x0000000000017cf8                ScreenDeviceCarriageReturn
                0x0000000000017d04                ScreenDeviceCursorHome
                0x0000000000017d14                ScreenDeviceCursorLeft
                0x0000000000017d7c                ScreenDeviceCursorMove
                0x0000000000017dd0                ScreenDeviceCursorUp
                0x0000000000017e08                ScreenDeviceDeleteChars
                0x0000000000017e0c                ScreenDeviceDeleteLines
                0x0000000000017e10                ScreenDeviceInsertLines
                0x0000000000017e14                ScreenDeviceInsertMode
                0x0000000000017e1c                ScreenDeviceReverseScroll
                0x0000000000017e20                ScreenDeviceSetCursorMode
                0x0000000000017e28                ScreenDeviceSetStandoutMode
                0x0000000000017ec8                ScreenDeviceScroll
                0x0000000000017f40                ScreenDeviceCursorDown
                0x0000000000017f8c                ScreenDeviceNewLine
                0x0000000000017fa0                ScreenDeviceCursorRight
                0x0000000000017fd4                ScreenDeviceTabulator
                0x0000000000018018                ScreenDeviceDisplayChar2
                0x00000000000180b4                ScreenDeviceRotor
                0x000000000001810c                ScreenDeviceDisplayChar
                0x0000000000018148                ScreenDeviceEraseChar
                0x00000000000181b4                ScreenDeviceClearLineEnd
                0x00000000000181fc                ScreenDeviceClearDisplayEnd
                0x0000000000018240                ScreenDeviceEraseChars
                0x00000000000182a8                ScreenDeviceWrite2
                0x0000000000018788                ScreenDeviceInvertCursor
                0x0000000000018824                ScreenDeviceInitialize
                0x000000000001894c                ScreenDeviceWrite
 .text          0x00000000000189a0       0xa4 libuspienv.a(synchronize.o)
                0x00000000000189a0                EnterCritical
                0x00000000000189e0                LeaveCritical
 .text          0x0000000000018a44      0x764 libuspienv.a(timer.o)
                0x0000000000018a44                Timer
                0x0000000000018ae4                _Timer
                0x0000000000018af8                TimerGetClockTicks
                0x0000000000018b38                TimerGetTicks
                0x0000000000018b64                TimerGetTime
                0x0000000000018b90                TimerGetTimeString
                0x0000000000018c88                TimerStartKernelTimer
                0x0000000000018d64                TimerCancelKernelTimer
                0x0000000000018dbc                TimerMsDelay
                0x0000000000018dfc                TimerusDelay
                0x0000000000018e3c                TimerGet
                0x0000000000018e84                TimerSimpleusDelay
                0x0000000000018ed0                TimerSimpleMsDelay
                0x0000000000018eec                TimerPollKernelTimers
                0x0000000000018f6c                TimerInterruptHandler
                0x000000000001906c                TimerTuneMsDelay
                0x00000000000190fc                TimerInitialize
 .text          0x00000000000191a8      0x1f4 libuspienv.a(uspibind.o)
                0x00000000000191a8                MsDelay
                0x00000000000191c0                usDelay
                0x00000000000191d8                StartKernelTimer
                0x0000000000019210                CancelKernelTimer
                0x0000000000019228                ConnectInterrupt
                0x0000000000019250                SetPowerStateOn
                0x00000000000192cc                GetMACAddress
                0x000000000001933c                LogWrite
                0x0000000000019384                uspi_assertion_failed
                0x0000000000019390                DebugHexdump
 .text          0x000000000001939c      0x148 libuspienv.a(uspienv.o)
                0x000000000001939c                USPiEnvInitialize
                0x000000000001949c                USPiEnvClose
                0x00000000000194d8                USPiEnvGetScreen
 .text          0x00000000000194e4      0x288 libuspienv.a(util.o)
                0x00000000000194e4                memset
                0x0000000000019504                memcpy
                0x0000000000019528                memcmp
                0x00000000000195a0                strlen
                0x00000000000195d0                strcmp
                0x0000000000019668                strcpy
                0x000000000001969c                strncpy
                0x00000000000196f0                strcat
                0x000000000001973c                char2int
                0x0000000000019740                le2be16
                0x0000000000019750                le2be32
 .text          0x000000000001976c       0x20 libuspienv.a(util_fast.o)
                0x000000000001976c                memcpyblk
 .text          0x000000000001978c      0x2d8 libuspienv.a(memory.o)
                0x000000000001978c                _MemorySystem
                0x0000000000019808                MemorySystemGetMemSize
                0x0000000000019834                MemorySystemEnableMMU
                0x0000000000019934                MemorySystem
 .text          0x0000000000019a64      0x218 libuspienv.a(pagetable.o)
                0x0000000000019a64                PageTable
                0x0000000000019b04                PageTable2
                0x0000000000019c08                _PageTable
                0x0000000000019c4c                PageTableGetBaseAddress
 .text          0x0000000000019c7c      0x2cc libuspienv.a(exceptionhandler.o)
                0x0000000000019c7c                ExceptionHandler2
                0x0000000000019d38                _ExceptionHandler
                0x0000000000019d80                ExceptionHandlerThrow
                0x0000000000019ddc                ExceptionHandlerThrow2
                0x0000000000019ed8                ExceptionHandlerGet
                0x0000000000019f20                ExceptionHandler
 .text          0x0000000000019f48      0x364 libuspienv.a(bcmframebuffer.o)
                0x0000000000019f48                BcmFrameBuffer
                0x000000000001a098                _BcmFrameBuffer
                0x000000000001a0d8                BcmFrameBufferSetPalette
                0x000000000001a120                BcmFrameBufferInitialize
                0x000000000001a188                BcmFrameBufferGetWidth
                0x000000000001a1b8                BcmFrameBufferGetHeight
                0x000000000001a1e8                BcmFrameBufferGetPitch
                0x000000000001a218                BcmFrameBufferGetDepth
                0x000000000001a248                BcmFrameBufferGetBuffer
                0x000000000001a27c                BcmFrameBufferGetSize
 .text          0x000000000001a2ac      0x1c4 libuspienv.a(bcmpropertytags.o)
                0x000000000001a2ac                BcmPropertyTags
                0x000000000001a2e0                _BcmPropertyTags
                0x000000000001a310                BcmPropertyTagsGetTag
 .text          0x000000000001a470      0x180 libuspienv.a(chargenerator.o)
                0x000000000001a470                CharGenerator
                0x000000000001a4a0                _CharGenerator
                0x000000000001a4a4                CharGeneratorGetCharWidth
                0x000000000001a4d0                CharGeneratorGetCharHeight
                0x000000000001a504                CharGeneratorGetUnderline
                0x000000000001a538                CharGeneratorGetPixel
 .text          0x000000000001a5f0        0xc libuspienv.a(delayloop.o)
                0x000000000001a5f0                DelayLoop
 .text          0x000000000001a5fc       0xe0 libuspienv.a(exceptionstub.o)
                0x000000000001a5fc                UndefinedInstructionStub
                0x000000000001a640                PrefetchAbortStub
                0x000000000001a684                DataAbortStub
                0x000000000001a6c8                IRQStub
 .text          0x000000000001a6dc      0x4d4 libuspienv.a(interrupt.o)
                0x000000000001a6dc                InterruptSystem
                0x000000000001a730                _InterruptSystem
                0x000000000001a744                InterruptSystemInitialize
                0x000000000001a83c                InterruptSystemEnableIRQ
                0x000000000001a8b4                InterruptSystemConnectIRQ
                0x000000000001a938                InterruptSystemDisableIRQ
                0x000000000001a9b0                InterruptSystemDisconnectIRQ
                0x000000000001aa30                InterruptSystemGet
                0x000000000001aa78                InterruptSystemCallIRQHandler
                0x000000000001aaec                InterruptHandler
 .text          0x000000000001abb0       0xd8 libuspienv.a(libhelper.o)
                0x000000000001abb0                Divide
 .text          0x000000000001ac88       0x10 libuspienv.a(memio.o)
                0x000000000001ac88                read32
                0x000000000001ac90                write32
 .text          0x000000000001ac98      0x1e4 libuspienv.a(bcmmailbox.o)
                0x000000000001ac98                BcmMailBox
                0x000000000001acc8                _BcmMailBox
                0x000000000001acf0                BcmMailBoxFlush
                0x000000000001ad50                BcmMailBoxRead
                0x000000000001adb4                BcmMailBoxWrite
                0x000000000001ae28                BcmMailBoxWriteRead
                0x000000000001ae7c                _etext = .

.rodata         0x000000000001ae7c     0x36cc
 *(.rodata*)
 .rodata        0x000000000001ae7c       0xd0 build/keyboard.o
 .rodata        0x000000000001af4c       0x1e build/kernel.o
 *fill*         0x000000000001af6a        0x2 
 .rodata        0x000000000001af6c        0x5 libuspi.a(uspilibrary.o)
 *fill*         0x000000000001af71        0x3 
 .rodata.str1.4
                0x000000000001af74      0x133 libuspi.a(uspilibrary.o)
                                        0x13f (size before relaxing)
 *fill*         0x000000000001b0a7        0x1 
 .rodata        0x000000000001b0a8        0x6 libuspi.a(dwhcidevice.o)
 *fill*         0x000000000001b0ae        0x2 
 .rodata.str1.4
                0x000000000001b0b0      0x586 libuspi.a(dwhcidevice.o)
                                        0x58a (size before relaxing)
 *fill*         0x000000000001b636        0x2 
 .rodata.str1.4
                0x000000000001b638       0x85 libuspi.a(dwhciregister.o)
                                         0x91 (size before relaxing)
 *fill*         0x000000000001b6bd        0x3 
 .rodata.str1.4
                0x000000000001b6c0      0x1c1 libuspi.a(dwhcixferstagedata.o)
                                        0x1d1 (size before relaxing)
 *fill*         0x000000000001b881        0x3 
 .rodata        0x000000000001b884        0x7 libuspi.a(usbdevice.o)
 *fill*         0x000000000001b88b        0x1 
 .rodata.str1.4
                0x000000000001b88c      0x2e0 libuspi.a(usbdevice.o)
                                        0x2f0 (size before relaxing)
 .rodata.str1.4
                0x000000000001bb6c      0x192 libuspi.a(usbendpoint.o)
                                        0x1c6 (size before relaxing)
 *fill*         0x000000000001bcfe        0x2 
 .rodata.str1.4
                0x000000000001bd00       0xd1 libuspi.a(usbrequest.o)
                                         0xf5 (size before relaxing)
 *fill*         0x000000000001bdd1        0x3 
 .rodata.str1.4
                0x000000000001bdd4       0x75 libuspi.a(devicenameservice.o)
                                         0xa9 (size before relaxing)
 *fill*         0x000000000001be49        0x3 
 .rodata.str1.4
                0x000000000001be4c       0x3e libuspi.a(macaddress.o)
                                         0x7a (size before relaxing)
 *fill*         0x000000000001be8a        0x2 
 .rodata        0x000000000001be8c        0x9 libuspi.a(smsc951x.o)
 *fill*         0x000000000001be95        0x3 
 .rodata.str1.4
                0x000000000001be98      0x24a libuspi.a(smsc951x.o)
                                        0x272 (size before relaxing)
 *fill*         0x000000000001c0e2        0x2 
 .rodata.str1.4
                0x000000000001c0e4        0x9 libuspi.a(string.o)
                                         0x19 (size before relaxing)
 *fill*         0x000000000001c0ed        0x3 
 .rodata        0x000000000001c0f0        0x5 libuspi.a(usbmassdevice.o)
 *fill*         0x000000000001c0f5        0x3 
 .rodata.str1.4
                0x000000000001c0f8      0x26c libuspi.a(usbmassdevice.o)
                                        0x2ac (size before relaxing)
 .rodata.str1.4
                0x000000000001c364       0x58 libuspi.a(dwhciframeschednper.o)
                                         0x68 (size before relaxing)
 .rodata.str1.4
                0x000000000001c3bc       0x15 libuspi.a(dwhciframeschedper.o)
                                         0x68 (size before relaxing)
 *fill*         0x000000000001c3d1        0x3 
 .rodata        0x000000000001c3d4        0x7 libuspi.a(usbkeyboard.o)
 *fill*         0x000000000001c3db        0x1 
 .rodata.str1.4
                0x000000000001c3dc      0x14a libuspi.a(usbkeyboard.o)
                                        0x192 (size before relaxing)
 *fill*         0x000000000001c526        0x2 
 .rodata        0x000000000001c528        0x7 libuspi.a(dwhcirootport.o)
 *fill*         0x000000000001c52f        0x1 
 .rodata.str1.4
                0x000000000001c530       0xbb libuspi.a(dwhcirootport.o)
                                         0xf3 (size before relaxing)
 *fill*         0x000000000001c5eb        0x1 
 .rodata        0x000000000001c5ec        0x7 libuspi.a(usbmouse.o)
 *fill*         0x000000000001c5f3        0x1 
 .rodata.str1.4
                0x000000000001c5f4       0x2c libuspi.a(usbmouse.o)
                                        0x130 (size before relaxing)
 .rodata.str1.4
                0x000000000001c620       0x18 libuspi.a(dwhciframeschednsplit.o)
                                         0x27 (size before relaxing)
 .rodata        0x000000000001c638        0xd libuspi.a(usbgamepad.o)
 *fill*         0x000000000001c645        0x3 
 .rodata.str1.4
                0x000000000001c648       0x55 libuspi.a(usbgamepad.o)
                                        0x154 (size before relaxing)
 *fill*         0x000000000001c69d        0x3 
 .rodata.str1.4
                0x000000000001c6a0       0x25 libuspi.a(synchronize.o)
 *fill*         0x000000000001c6c5        0x3 
 .rodata.str1.4
                0x000000000001c6c8       0x9e libuspi.a(usbstring.o)
                                         0xc2 (size before relaxing)
 *fill*         0x000000000001c766        0x2 
 .rodata        0x000000000001c768       0x48 libuspi.a(usbmidi.o)
 .rodata.str1.4
                0x000000000001c7b0       0x7c libuspi.a(usbmidi.o)
                                        0x10c (size before relaxing)
 .rodata.str1.4
                0x000000000001c82c       0x8f libuspi.a(usbconfigparser.o)
                                         0xab (size before relaxing)
 *fill*         0x000000000001c8bb        0x1 
 .rodata.str1.4
                0x000000000001c8bc       0x7f libuspi.a(usbdevicefactory.o)
                                         0xab (size before relaxing)
 *fill*         0x000000000001c93b        0x1 
 .rodata        0x000000000001c93c        0x7 libuspi.a(usbstandardhub.o)
 *fill*         0x000000000001c943        0x1 
 .rodata.str1.4
                0x000000000001c944      0x2fc libuspi.a(usbstandardhub.o)
                                        0x378 (size before relaxing)
 .rodata        0x000000000001cc40      0x4cc libuspi.a(keymap.o)
 .rodata.str1.4
                0x000000000001d10c       0xda libuspi.a(keymap.o)
                                         0xf6 (size before relaxing)
 *fill*         0x000000000001d1e6        0x2 
 .rodata.str1.4
                0x000000000001d1e8       0xbb libuspienv.a(alloc.o)
 *fill*         0x000000000001d2a3        0x1 
 .rodata.str1.4
                0x000000000001d2a4       0x1d libuspienv.a(assert.o)
 *fill*         0x000000000001d2c1        0x3 
 .rodata        0x000000000001d2c4        0x6 libuspienv.a(debug.o)
 *fill*         0x000000000001d2ca        0x2 
 .rodata.str1.4
                0x000000000001d2cc       0x8e libuspienv.a(debug.o)
 *fill*         0x000000000001d35a        0x2 
 .rodata.str1.4
                0x000000000001d35c       0x2b libuspienv.a(logger.o)
                                         0x33 (size before relaxing)
 *fill*         0x000000000001d387        0x1 
 .rodata        0x000000000001d388        0x5 libuspienv.a(screen.o)
 .rodata.str1.4
                0x000000000001d38d       0x25 libuspienv.a(synchronize.o)
 *fill*         0x000000000001d38d        0x3 
 .rodata.str1.4
                0x000000000001d390       0xcb libuspienv.a(timer.o)
                                        0x107 (size before relaxing)
 *fill*         0x000000000001d45b        0x1 
 .rodata.str1.4
                0x000000000001d45c       0xa8 libuspienv.a(memory.o)
                                         0xb4 (size before relaxing)
 .rodata.str1.4
                0x000000000001d504       0x49 libuspienv.a(pagetable.o)
                                         0x55 (size before relaxing)
 *fill*         0x000000000001d54d        0x3 
 .rodata        0x000000000001d550       0x18 libuspienv.a(exceptionhandler.o)
 .rodata.str1.4
                0x000000000001d568       0xb7 libuspienv.a(exceptionhandler.o)
                                         0xe3 (size before relaxing)
 *fill*         0x000000000001d61f        0x1 
 .rodata.str1.4
                0x000000000001d620       0x11 libuspienv.a(bcmframebuffer.o)
                                         0x1f (size before relaxing)
 *fill*         0x000000000001d631        0x3 
 .rodata.str1.4
                0x000000000001d634       0x5f libuspienv.a(bcmpropertytags.o)
                                         0x6b (size before relaxing)
 *fill*         0x000000000001d693        0x1 
 .rodata        0x000000000001d694      0xdf0 libuspienv.a(chargenerator.o)
 .rodata.str1.4
                0x000000000001e484       0x2c libuspienv.a(chargenerator.o)
                                         0x38 (size before relaxing)
 .rodata.str1.4
                0x000000000001e4b0       0x65 libuspienv.a(interrupt.o)
                                         0x81 (size before relaxing)
 *fill*         0x000000000001e515        0x3 
 .rodata.str1.4
                0x000000000001e518        0xc libuspienv.a(libhelper.o)
                                          0xe (size before relaxing)
 .rodata.str1.4
                0x000000000001e524       0x24 libuspienv.a(bcmmailbox.o)
                                         0x2f (size before relaxing)

COMMON          0x000000000001e548      0x330
 *(COMMON*)
 COMMON         0x000000000001e548        0x7 build/keyboard.o
                0x000000000001e548                keys
                0x000000000001e54e                modifiers
 *fill*         0x000000000001e54f        0x1 
 COMMON         0x000000000001e550      0x328 build/snake.o
                0x000000000001e550                position

/DISCARD/
 *(*)
OUTPUT(build/output.elf elf32-littlearm)
