Archive member included to satisfy reference by file (symbol)

libuspi.a(uspilibrary.o)      build/kernel.o (USPiInitialize)
libuspi.a(dwhcidevice.o)      libuspi.a(uspilibrary.o) (DWHCIDevice)
libuspi.a(dwhciregister.o)    libuspi.a(dwhcidevice.o) (DWHCIRegister)
libuspi.a(dwhcixferstagedata.o)
                              libuspi.a(dwhcidevice.o) (_DWHCITransferStageData)
libuspi.a(usbdevice.o)        libuspi.a(dwhcixferstagedata.o) (USBDeviceGetAddress)
libuspi.a(usbendpoint.o)      libuspi.a(usbdevice.o) (USBEndpoint)
libuspi.a(usbrequest.o)       libuspi.a(dwhcidevice.o) (USBRequest)
libuspi.a(devicenameservice.o)
                              libuspi.a(uspilibrary.o) (DeviceNameService)
libuspi.a(macaddress.o)       libuspi.a(uspilibrary.o) (MACAddressCopyTo)
libuspi.a(smsc951x.o)         libuspi.a(uspilibrary.o) (SMSC951xDeviceGetMACAddress)
libuspi.a(string.o)           libuspi.a(uspilibrary.o) (String)
libuspi.a(util.o)             libuspi.a(macaddress.o) (uspi_memset)
libuspi.a(usbmassdevice.o)    libuspi.a(uspilibrary.o) (USBBulkOnlyMassStorageDeviceSeek)
libuspi.a(dwhciframeschednper.o)
                              libuspi.a(dwhcixferstagedata.o) (DWHCIFrameSchedulerNonPeriodic)
libuspi.a(dwhciframeschedper.o)
                              libuspi.a(dwhcixferstagedata.o) (DWHCIFrameSchedulerPeriodic)
libuspi.a(usbkeyboard.o)      libuspi.a(uspilibrary.o) (USBKeyboardDeviceRegisterKeyPressedHandler)
libuspi.a(dwhcirootport.o)    libuspi.a(dwhcidevice.o) (DWHCIRootPort)
libuspi.a(usbmouse.o)         libuspi.a(uspilibrary.o) (USBMouseDeviceRegisterStatusHandler)
libuspi.a(dwhciframeschednsplit.o)
                              libuspi.a(dwhcixferstagedata.o) (DWHCIFrameSchedulerNoSplit)
libuspi.a(usbgamepad.o)       libuspi.a(uspilibrary.o) (USBGamePadDeviceRegisterStatusHandler)
libuspi.a(synchronize.o)      libuspi.a(dwhcidevice.o) (uspi_EnterCritical)
libuspi.a(usbstring.o)        libuspi.a(usbdevice.o) (USBString)
libuspi.a(usbmidi.o)          libuspi.a(uspilibrary.o) (USBMIDIDeviceRegisterPacketHandler)
libuspi.a(usbconfigparser.o)  libuspi.a(usbdevice.o) (USBConfigurationParser)
libuspi.a(usbdevicefactory.o)
                              libuspi.a(dwhcirootport.o) (USBDeviceFactoryGetDevice)
libuspi.a(usbstandardhub.o)   libuspi.a(usbdevicefactory.o) (USBStandardHub)
libuspi.a(keymap.o)           libuspi.a(usbkeyboard.o) (KeyMap)
libuspienv.a(alloc.o)         libuspi.a(uspilibrary.o) (malloc)
libuspienv.a(assert.o)        libuspienv.a(alloc.o) (assertion_failed)
libuspienv.a(debug.o)         libuspienv.a(assert.o) (debug_stacktrace)
libuspienv.a(libstub.o)       build/print.o (__aeabi_uidiv)
libuspienv.a(logger.o)        libuspienv.a(assert.o) (LoggerGet)
libuspienv.a(screen.o)        libuspienv.a(logger.o) (ScreenDeviceWrite)
libuspienv.a(synchronize.o)   libuspienv.a(alloc.o) (EnterCritical)
libuspienv.a(timer.o)         libuspienv.a(logger.o) (TimerGetTimeString)
libuspienv.a(uspibind.o)      libuspi.a(dwhcidevice.o) (MsDelay)
libuspienv.a(uspienv.o)       build/kernel.o (USPiEnvInitialize)
libuspienv.a(util.o)          libuspienv.a(screen.o) (memset)
libuspienv.a(util_fast.o)     libuspienv.a(screen.o) (memcpyblk)
libuspienv.a(memory.o)        libuspienv.a(uspienv.o) (MemorySystem)
libuspienv.a(pagetable.o)     libuspienv.a(memory.o) (PageTable)
libuspienv.a(exceptionhandler.o)
                              libuspienv.a(uspienv.o) (ExceptionHandler2)
libuspienv.a(bcmframebuffer.o)
                              libuspienv.a(screen.o) (BcmFrameBuffer)
libuspienv.a(bcmpropertytags.o)
                              libuspienv.a(uspibind.o) (BcmPropertyTags)
libuspienv.a(chargenerator.o)
                              libuspienv.a(screen.o) (CharGenerator)
libuspienv.a(delayloop.o)     libuspienv.a(timer.o) (DelayLoop)
libuspienv.a(exceptionstub.o)
                              libuspienv.a(exceptionhandler.o) (UndefinedInstructionStub)
libuspienv.a(interrupt.o)     libuspienv.a(uspienv.o) (InterruptSystem)
libuspienv.a(libhelper.o)     libuspienv.a(libstub.o) (Divide)
libuspienv.a(memio.o)         libuspienv.a(timer.o) (read32)
libuspienv.a(bcmmailbox.o)    libuspienv.a(bcmframebuffer.o) (BcmMailBox)

Allocating common symbols
Common symbol       size              file

terminalScreen      0x1800            build/terminal.o
position            0x328             build/snake.o
lastPressed         0x3e8             build/keyboard.o
terminalBuffer      0x4000            build/terminal.o

Discarded input sections

 .comment       0x0000000000000000       0x6f build/print.o
 .ARM.attributes
                0x0000000000000000       0x34 build/print.o
 .comment       0x0000000000000000       0x6f build/terminal.o
 .ARM.attributes
                0x0000000000000000       0x34 build/terminal.o
 .comment       0x0000000000000000       0x6f build/keyboard.o
 .ARM.attributes
                0x0000000000000000       0x34 build/keyboard.o
 .comment       0x0000000000000000       0x6f build/graphics.o
 .ARM.attributes
                0x0000000000000000       0x34 build/graphics.o
 .comment       0x0000000000000000       0x6f build/snake.o
 .ARM.attributes
                0x0000000000000000       0x34 build/snake.o
 .comment       0x0000000000000000       0x6f build/kernel.o
 .ARM.attributes
                0x0000000000000000       0x34 build/kernel.o
 .comment       0x0000000000000000       0x6f build/startup.o
 .ARM.attributes
                0x0000000000000000       0x34 build/startup.o
 .ARM.attributes
                0x0000000000000000       0x14 build/mailbox.o
 .ARM.attributes
                0x0000000000000000       0x14 build/framebuffer.o
 .ARM.attributes
                0x0000000000000000       0x14 build/text.o
 .ARM.attributes
                0x0000000000000000       0x14 build/systemTimer.o
 .ARM.attributes
                0x0000000000000000       0x14 build/drawing.o
 .ARM.attributes
                0x0000000000000000       0x14 build/gpio.o
 .ARM.attributes
                0x0000000000000000       0x14 build/main.o
 .ARM.attributes
                0x0000000000000000       0x14 build/random.o
 .ARM.attributes
                0x0000000000000000       0x14 build/maths.o
 .comment       0x0000000000000000       0x12 libuspi.a(uspilibrary.o)
 .ARM.attributes
                0x0000000000000000       0x30 libuspi.a(uspilibrary.o)
 .comment       0x0000000000000000       0x12 libuspi.a(dwhcidevice.o)
 .ARM.attributes
                0x0000000000000000       0x30 libuspi.a(dwhcidevice.o)
 .comment       0x0000000000000000       0x12 libuspi.a(dwhciregister.o)
 .ARM.attributes
                0x0000000000000000       0x30 libuspi.a(dwhciregister.o)
 .comment       0x0000000000000000       0x12 libuspi.a(dwhcixferstagedata.o)
 .ARM.attributes
                0x0000000000000000       0x30 libuspi.a(dwhcixferstagedata.o)
 .comment       0x0000000000000000       0x12 libuspi.a(usbdevice.o)
 .ARM.attributes
                0x0000000000000000       0x30 libuspi.a(usbdevice.o)
 .comment       0x0000000000000000       0x12 libuspi.a(usbendpoint.o)
 .ARM.attributes
                0x0000000000000000       0x30 libuspi.a(usbendpoint.o)
 .comment       0x0000000000000000       0x12 libuspi.a(usbrequest.o)
 .ARM.attributes
                0x0000000000000000       0x30 libuspi.a(usbrequest.o)
 .comment       0x0000000000000000       0x12 libuspi.a(devicenameservice.o)
 .ARM.attributes
                0x0000000000000000       0x30 libuspi.a(devicenameservice.o)
 .comment       0x0000000000000000       0x12 libuspi.a(macaddress.o)
 .ARM.attributes
                0x0000000000000000       0x30 libuspi.a(macaddress.o)
 .comment       0x0000000000000000       0x12 libuspi.a(smsc951x.o)
 .ARM.attributes
                0x0000000000000000       0x30 libuspi.a(smsc951x.o)
 .comment       0x0000000000000000       0x12 libuspi.a(string.o)
 .ARM.attributes
                0x0000000000000000       0x30 libuspi.a(string.o)
 .comment       0x0000000000000000       0x12 libuspi.a(util.o)
 .ARM.attributes
                0x0000000000000000       0x30 libuspi.a(util.o)
 .comment       0x0000000000000000       0x12 libuspi.a(usbmassdevice.o)
 .ARM.attributes
                0x0000000000000000       0x30 libuspi.a(usbmassdevice.o)
 .comment       0x0000000000000000       0x12 libuspi.a(dwhciframeschednper.o)
 .ARM.attributes
                0x0000000000000000       0x30 libuspi.a(dwhciframeschednper.o)
 .comment       0x0000000000000000       0x12 libuspi.a(dwhciframeschedper.o)
 .ARM.attributes
                0x0000000000000000       0x30 libuspi.a(dwhciframeschedper.o)
 .comment       0x0000000000000000       0x12 libuspi.a(usbkeyboard.o)
 .ARM.attributes
                0x0000000000000000       0x30 libuspi.a(usbkeyboard.o)
 .comment       0x0000000000000000       0x12 libuspi.a(dwhcirootport.o)
 .ARM.attributes
                0x0000000000000000       0x30 libuspi.a(dwhcirootport.o)
 .comment       0x0000000000000000       0x12 libuspi.a(usbmouse.o)
 .ARM.attributes
                0x0000000000000000       0x30 libuspi.a(usbmouse.o)
 .comment       0x0000000000000000       0x12 libuspi.a(dwhciframeschednsplit.o)
 .ARM.attributes
                0x0000000000000000       0x30 libuspi.a(dwhciframeschednsplit.o)
 .comment       0x0000000000000000       0x12 libuspi.a(usbgamepad.o)
 .ARM.attributes
                0x0000000000000000       0x30 libuspi.a(usbgamepad.o)
 .comment       0x0000000000000000       0x12 libuspi.a(synchronize.o)
 .ARM.attributes
                0x0000000000000000       0x30 libuspi.a(synchronize.o)
 .comment       0x0000000000000000       0x12 libuspi.a(usbstring.o)
 .ARM.attributes
                0x0000000000000000       0x30 libuspi.a(usbstring.o)
 .comment       0x0000000000000000       0x12 libuspi.a(usbmidi.o)
 .ARM.attributes
                0x0000000000000000       0x30 libuspi.a(usbmidi.o)
 .comment       0x0000000000000000       0x12 libuspi.a(usbconfigparser.o)
 .ARM.attributes
                0x0000000000000000       0x30 libuspi.a(usbconfigparser.o)
 .comment       0x0000000000000000       0x12 libuspi.a(usbdevicefactory.o)
 .ARM.attributes
                0x0000000000000000       0x30 libuspi.a(usbdevicefactory.o)
 .comment       0x0000000000000000       0x12 libuspi.a(usbstandardhub.o)
 .ARM.attributes
                0x0000000000000000       0x30 libuspi.a(usbstandardhub.o)
 .comment       0x0000000000000000       0x12 libuspi.a(keymap.o)
 .ARM.attributes
                0x0000000000000000       0x30 libuspi.a(keymap.o)
 .comment       0x0000000000000000       0x12 libuspienv.a(alloc.o)
 .ARM.attributes
                0x0000000000000000       0x30 libuspienv.a(alloc.o)
 .comment       0x0000000000000000       0x12 libuspienv.a(assert.o)
 .ARM.attributes
                0x0000000000000000       0x30 libuspienv.a(assert.o)
 .comment       0x0000000000000000       0x12 libuspienv.a(debug.o)
 .ARM.attributes
                0x0000000000000000       0x30 libuspienv.a(debug.o)
 .ARM.attributes
                0x0000000000000000       0x1a libuspienv.a(libstub.o)
 .comment       0x0000000000000000       0x12 libuspienv.a(logger.o)
 .ARM.attributes
                0x0000000000000000       0x30 libuspienv.a(logger.o)
 .comment       0x0000000000000000       0x12 libuspienv.a(screen.o)
 .ARM.attributes
                0x0000000000000000       0x30 libuspienv.a(screen.o)
 .comment       0x0000000000000000       0x12 libuspienv.a(synchronize.o)
 .ARM.attributes
                0x0000000000000000       0x30 libuspienv.a(synchronize.o)
 .comment       0x0000000000000000       0x12 libuspienv.a(timer.o)
 .ARM.attributes
                0x0000000000000000       0x30 libuspienv.a(timer.o)
 .comment       0x0000000000000000       0x12 libuspienv.a(uspibind.o)
 .ARM.attributes
                0x0000000000000000       0x30 libuspienv.a(uspibind.o)
 .comment       0x0000000000000000       0x12 libuspienv.a(uspienv.o)
 .ARM.attributes
                0x0000000000000000       0x30 libuspienv.a(uspienv.o)
 .comment       0x0000000000000000       0x12 libuspienv.a(util.o)
 .ARM.attributes
                0x0000000000000000       0x30 libuspienv.a(util.o)
 .ARM.attributes
                0x0000000000000000       0x1a libuspienv.a(util_fast.o)
 .comment       0x0000000000000000       0x12 libuspienv.a(memory.o)
 .ARM.attributes
                0x0000000000000000       0x30 libuspienv.a(memory.o)
 .comment       0x0000000000000000       0x12 libuspienv.a(pagetable.o)
 .ARM.attributes
                0x0000000000000000       0x30 libuspienv.a(pagetable.o)
 .comment       0x0000000000000000       0x12 libuspienv.a(exceptionhandler.o)
 .ARM.attributes
                0x0000000000000000       0x30 libuspienv.a(exceptionhandler.o)
 .comment       0x0000000000000000       0x12 libuspienv.a(bcmframebuffer.o)
 .ARM.attributes
                0x0000000000000000       0x30 libuspienv.a(bcmframebuffer.o)
 .comment       0x0000000000000000       0x12 libuspienv.a(bcmpropertytags.o)
 .ARM.attributes
                0x0000000000000000       0x30 libuspienv.a(bcmpropertytags.o)
 .comment       0x0000000000000000       0x12 libuspienv.a(chargenerator.o)
 .ARM.attributes
                0x0000000000000000       0x30 libuspienv.a(chargenerator.o)
 .ARM.attributes
                0x0000000000000000       0x1a libuspienv.a(delayloop.o)
 .ARM.attributes
                0x0000000000000000       0x1a libuspienv.a(exceptionstub.o)
 .comment       0x0000000000000000       0x12 libuspienv.a(interrupt.o)
 .ARM.attributes
                0x0000000000000000       0x30 libuspienv.a(interrupt.o)
 .comment       0x0000000000000000       0x12 libuspienv.a(libhelper.o)
 .ARM.attributes
                0x0000000000000000       0x30 libuspienv.a(libhelper.o)
 .comment       0x0000000000000000       0x12 libuspienv.a(memio.o)
 .ARM.attributes
                0x0000000000000000       0x30 libuspienv.a(memio.o)
 .comment       0x0000000000000000       0x12 libuspienv.a(bcmmailbox.o)
 .ARM.attributes
                0x0000000000000000       0x30 libuspienv.a(bcmmailbox.o)

Memory Configuration

Name             Origin             Length             Attributes
*default*        0x0000000000000000 0xffffffffffffffff

Linker script and memory map

LOAD build/print.o
LOAD build/terminal.o
LOAD build/keyboard.o
LOAD build/graphics.o
LOAD build/snake.o
LOAD build/kernel.o
LOAD build/startup.o
LOAD build/mailbox.o
LOAD build/framebuffer.o
LOAD build/text.o
LOAD build/systemTimer.o
LOAD build/drawing.o
LOAD build/gpio.o
LOAD build/main.o
LOAD build/random.o
LOAD build/maths.o
LOAD libuspi.a
LOAD libuspienv.a

.init           0x0000000000008000        0x8
 *(.init)
 .init          0x0000000000008000        0x8 build/main.o
                0x0000000000008000                _start

.data           0x0000000000008010      0xe08
 *(.data)
 .data          0x0000000000008010       0x25 build/print.o
 .data          0x0000000000008035        0x0 build/terminal.o
 .data          0x0000000000008035        0x0 build/keyboard.o
 .data          0x0000000000008035        0x0 build/graphics.o
 .data          0x0000000000008035        0x0 build/snake.o
 .data          0x0000000000008035        0x0 build/kernel.o
 .data          0x0000000000008035        0x0 build/startup.o
 .data          0x0000000000008035        0x0 build/mailbox.o
 *fill*         0x0000000000008035        0xb 
 .data          0x0000000000008040       0x28 build/framebuffer.o
                0x0000000000008040                FrameBufferInfo
 .data          0x0000000000008068        0x0 build/text.o
 .data          0x0000000000008068        0x0 build/systemTimer.o
 *fill*         0x0000000000008068        0x8 
 .data          0x0000000000008070      0x810 build/drawing.o
 .data          0x0000000000008880        0x0 build/gpio.o
 .data          0x0000000000008880        0x0 build/main.o
 .data          0x0000000000008880        0x0 build/random.o
 .data          0x0000000000008880        0x0 build/maths.o
 .data          0x0000000000008880        0x0 libuspi.a(uspilibrary.o)
 .data          0x0000000000008880        0x0 libuspi.a(dwhcidevice.o)
 .data          0x0000000000008880        0x0 libuspi.a(dwhciregister.o)
 .data          0x0000000000008880        0x0 libuspi.a(dwhcixferstagedata.o)
 .data          0x0000000000008880        0x1 libuspi.a(usbdevice.o)
 .data          0x0000000000008881        0x0 libuspi.a(usbendpoint.o)
 .data          0x0000000000008881        0x0 libuspi.a(usbrequest.o)
 .data          0x0000000000008881        0x0 libuspi.a(devicenameservice.o)
 .data          0x0000000000008881        0x0 libuspi.a(macaddress.o)
 .data          0x0000000000008881        0x0 libuspi.a(smsc951x.o)
 .data          0x0000000000008881        0x0 libuspi.a(string.o)
 .data          0x0000000000008881        0x0 libuspi.a(util.o)
 *fill*         0x0000000000008881        0x3 
 .data          0x0000000000008884        0x4 libuspi.a(usbmassdevice.o)
 .data          0x0000000000008888        0x0 libuspi.a(dwhciframeschednper.o)
 .data          0x0000000000008888        0x0 libuspi.a(dwhciframeschedper.o)
 .data          0x0000000000008888        0x4 libuspi.a(usbkeyboard.o)
 .data          0x000000000000888c        0x0 libuspi.a(dwhcirootport.o)
 .data          0x000000000000888c        0x4 libuspi.a(usbmouse.o)
 .data          0x0000000000008890        0x0 libuspi.a(dwhciframeschednsplit.o)
 .data          0x0000000000008890       0x34 libuspi.a(usbgamepad.o)
 .data          0x00000000000088c4        0x0 libuspi.a(synchronize.o)
 .data          0x00000000000088c4        0x0 libuspi.a(usbstring.o)
 .data          0x00000000000088c4        0x4 libuspi.a(usbmidi.o)
 .data          0x00000000000088c8        0x0 libuspi.a(usbconfigparser.o)
 .data          0x00000000000088c8        0x0 libuspi.a(usbdevicefactory.o)
 .data          0x00000000000088c8        0x0 libuspi.a(usbstandardhub.o)
 .data          0x00000000000088c8        0x0 libuspi.a(keymap.o)
 .data          0x00000000000088c8       0x38 libuspienv.a(alloc.o)
 .data          0x0000000000008900        0x0 libuspienv.a(assert.o)
 .data          0x0000000000008900        0x0 libuspienv.a(debug.o)
 .data          0x0000000000008900        0x0 libuspienv.a(libstub.o)
 .data          0x0000000000008900        0x0 libuspienv.a(logger.o)
 .data          0x0000000000008900        0x0 libuspienv.a(screen.o)
 .data          0x0000000000008900        0x0 libuspienv.a(synchronize.o)
 .data          0x0000000000008900        0x0 libuspienv.a(timer.o)
 .data          0x0000000000008900        0x0 libuspienv.a(uspibind.o)
 .data          0x0000000000008900        0x0 libuspienv.a(uspienv.o)
 .data          0x0000000000008900        0x0 libuspienv.a(util.o)
 .data          0x0000000000008900        0x0 libuspienv.a(util_fast.o)
 .data          0x0000000000008900        0x0 libuspienv.a(memory.o)
 .data          0x0000000000008900        0x0 libuspienv.a(pagetable.o)
 .data          0x0000000000008900        0x0 libuspienv.a(exceptionhandler.o)
 .data          0x0000000000008900        0x0 libuspienv.a(bcmframebuffer.o)
 .data          0x0000000000008900        0x0 libuspienv.a(bcmpropertytags.o)
 .data          0x0000000000008900        0x0 libuspienv.a(chargenerator.o)
 .data          0x0000000000008900        0x0 libuspienv.a(delayloop.o)
 .data          0x0000000000008900        0x0 libuspienv.a(exceptionstub.o)
 .data          0x0000000000008900        0x0 libuspienv.a(interrupt.o)
 .data          0x0000000000008900        0x0 libuspienv.a(libhelper.o)
 .data          0x0000000000008900        0x0 libuspienv.a(memio.o)
 .data          0x0000000000008900        0x0 libuspienv.a(bcmmailbox.o)
 *.c.o(*)
 *(.bss)
 .bss           0x0000000000008900       0xc8 build/print.o
 .bss           0x00000000000089c8        0xc build/terminal.o
                0x00000000000089c8                terminalStart
                0x00000000000089cc                terminalStop
                0x00000000000089d0                terminalView
 .bss           0x00000000000089d4        0xc build/keyboard.o
                0x00000000000089d4                counter
                0x00000000000089d8                new_input
 .bss           0x00000000000089e0        0x0 build/graphics.o
 .bss           0x00000000000089e0        0x0 build/snake.o
 .bss           0x00000000000089e0        0x0 build/kernel.o
 .bss           0x00000000000089e0        0x0 build/startup.o
 .bss           0x00000000000089e0        0x0 build/mailbox.o
 .bss           0x00000000000089e0        0x0 build/framebuffer.o
 .bss           0x00000000000089e0        0x0 build/text.o
 .bss           0x00000000000089e0        0x0 build/systemTimer.o
 .bss           0x00000000000089e0        0x0 build/drawing.o
 .bss           0x00000000000089e0        0x0 build/gpio.o
 .bss           0x00000000000089e0        0x0 build/main.o
 .bss           0x00000000000089e0        0x0 build/random.o
 .bss           0x00000000000089e0        0x0 build/maths.o
 .bss           0x00000000000089e0        0x4 libuspi.a(uspilibrary.o)
 .bss           0x00000000000089e4        0x0 libuspi.a(dwhcidevice.o)
 .bss           0x00000000000089e4        0x0 libuspi.a(dwhciregister.o)
 .bss           0x00000000000089e4        0x0 libuspi.a(dwhcixferstagedata.o)
 .bss           0x00000000000089e4        0x0 libuspi.a(usbdevice.o)
 .bss           0x00000000000089e4        0x0 libuspi.a(usbendpoint.o)
 .bss           0x00000000000089e4        0x0 libuspi.a(usbrequest.o)
 .bss           0x00000000000089e4        0x4 libuspi.a(devicenameservice.o)
 .bss           0x00000000000089e8        0x0 libuspi.a(macaddress.o)
 .bss           0x00000000000089e8        0x4 libuspi.a(smsc951x.o)
 .bss           0x00000000000089ec        0x0 libuspi.a(string.o)
 .bss           0x00000000000089ec        0x0 libuspi.a(util.o)
 .bss           0x00000000000089ec        0x0 libuspi.a(usbmassdevice.o)
 .bss           0x00000000000089ec        0x0 libuspi.a(dwhciframeschednper.o)
 .bss           0x00000000000089ec        0x0 libuspi.a(dwhciframeschedper.o)
 .bss           0x00000000000089ec        0x0 libuspi.a(usbkeyboard.o)
 .bss           0x00000000000089ec        0x0 libuspi.a(dwhcirootport.o)
 .bss           0x00000000000089ec        0x0 libuspi.a(usbmouse.o)
 .bss           0x00000000000089ec        0x0 libuspi.a(dwhciframeschednsplit.o)
 .bss           0x00000000000089ec        0x0 libuspi.a(usbgamepad.o)
 .bss           0x00000000000089ec        0x8 libuspi.a(synchronize.o)
 .bss           0x00000000000089f4        0x0 libuspi.a(usbstring.o)
 .bss           0x00000000000089f4        0x0 libuspi.a(usbmidi.o)
 .bss           0x00000000000089f4        0x0 libuspi.a(usbconfigparser.o)
 .bss           0x00000000000089f4        0x0 libuspi.a(usbdevicefactory.o)
 .bss           0x00000000000089f4        0x0 libuspi.a(usbstandardhub.o)
 .bss           0x00000000000089f4        0x0 libuspi.a(keymap.o)
 .bss           0x00000000000089f4       0x14 libuspienv.a(alloc.o)
 .bss           0x0000000000008a08        0x0 libuspienv.a(assert.o)
 .bss           0x0000000000008a08        0x0 libuspienv.a(debug.o)
 .bss           0x0000000000008a08        0x0 libuspienv.a(libstub.o)
 .bss           0x0000000000008a08        0x4 libuspienv.a(logger.o)
 .bss           0x0000000000008a0c        0x0 libuspienv.a(screen.o)
 .bss           0x0000000000008a0c        0x8 libuspienv.a(synchronize.o)
 .bss           0x0000000000008a14        0x4 libuspienv.a(timer.o)
 .bss           0x0000000000008a18        0x0 libuspienv.a(uspibind.o)
 .bss           0x0000000000008a18      0x3f8 libuspienv.a(uspienv.o)
 .bss           0x0000000000008e10        0x0 libuspienv.a(util.o)
 .bss           0x0000000000008e10        0x0 libuspienv.a(util_fast.o)
 .bss           0x0000000000008e10        0x0 libuspienv.a(memory.o)
 .bss           0x0000000000008e10        0x0 libuspienv.a(pagetable.o)
 .bss           0x0000000000008e10        0x4 libuspienv.a(exceptionhandler.o)
 .bss           0x0000000000008e14        0x0 libuspienv.a(bcmframebuffer.o)
 .bss           0x0000000000008e14        0x0 libuspienv.a(bcmpropertytags.o)
 .bss           0x0000000000008e14        0x0 libuspienv.a(chargenerator.o)
 .bss           0x0000000000008e14        0x0 libuspienv.a(delayloop.o)
 .bss           0x0000000000008e14        0x0 libuspienv.a(exceptionstub.o)
 .bss           0x0000000000008e14        0x4 libuspienv.a(interrupt.o)
 .bss           0x0000000000008e18        0x0 libuspienv.a(libhelper.o)
 .bss           0x0000000000008e18        0x0 libuspienv.a(memio.o)
 .bss           0x0000000000008e18        0x0 libuspienv.a(bcmmailbox.o)

.text           0x0000000000008e18    0x129a4
 *.c.o(.text)
 *(.text)
 .text          0x0000000000008e18      0x544 build/print.o
                0x0000000000008e18                PrintCharacter
                0x0000000000009050                PrintString
                0x000000000000916c                PrintFormat
 .text          0x000000000000935c      0x194 build/terminal.o
                0x000000000000935c                TerminalDisplay
 .text          0x00000000000094f0      0x10c build/keyboard.o
                0x00000000000094f0                KeyboardHandler
 .text          0x00000000000095fc       0xd4 build/graphics.o
                0x00000000000095fc                DrawPixelColor
                0x000000000000965c                ClearScreen
 .text          0x00000000000096d0      0x438 build/snake.o
                0x00000000000096d0                snake
 .text          0x0000000000009b08       0xe8 build/kernel.o
                0x0000000000009b08                kernel_main
 .text          0x0000000000009bf0       0x38 build/startup.o
                0x0000000000009bf0                _cstartup
 .text          0x0000000000009c28       0x60 build/mailbox.o
                0x0000000000009c28                MailboxWrite
                0x0000000000009c54                MailboxRead
 .text          0x0000000000009c88       0x60 build/framebuffer.o
                0x0000000000009c88                InitialiseFrameBuffer
 .text          0x0000000000009ce8      0x24c build/text.o
                0x0000000000009ce8                DrawStringz
                0x0000000000009d1c                CharCount
                0x0000000000009d38                SignedString
                0x0000000000009d78                UnsignedString
                0x0000000000009dcc                ReverseString
                0x0000000000009df8                FormatString
 .text          0x0000000000009f34       0x2c build/systemTimer.o
                0x0000000000009f34                timerWait
 .text          0x0000000000009f60      0x1f0 build/drawing.o
                0x0000000000009f60                SetForeColour
                0x0000000000009f74                SetGraphicsAddress
                0x0000000000009f80                DrawPixel
                0x0000000000009fbc                DrawLine
                0x000000000000a038                DrawByte
                0x000000000000a080                DrawCharacter
                0x000000000000a0d4                DrawString
 .text          0x000000000000a150       0xa4 build/gpio.o
                0x000000000000a150                SetGpioFunction
                0x000000000000a1a0                SetGpio
 .text          0x000000000000a1f4        0x0 build/main.o
 .text          0x000000000000a1f4       0x18 build/random.o
                0x000000000000a1f4                Random
 .text          0x000000000000a20c       0x48 build/maths.o
                0x000000000000a20c                DivideU32
 .text          0x000000000000a254      0xd10 libuspi.a(uspilibrary.o)
                0x000000000000a254                USPiInitialize
                0x000000000000a4a8                USPiKeyboardAvailable
                0x000000000000a4f0                USPiKeyboardRegisterKeyPressedHandler
                0x000000000000a564                USPiKeyboardRegisterShutdownHandler
                0x000000000000a5d8                USPiKeyboardRegisterKeyStatusHandlerRaw
                0x000000000000a64c                USPiMouseAvailable
                0x000000000000a694                USPiMouseRegisterStatusHandler
                0x000000000000a708                USPiMassStorageDeviceAvailable
                0x000000000000a790                USPiMassStorageDeviceRead
                0x000000000000a844                USPiMassStorageDeviceWrite
                0x000000000000a8f8                USPiMassStorageDeviceGetCapacity
                0x000000000000a964                USPiEthernetAvailable
                0x000000000000a9ac                USPiGetMACAddress
                0x000000000000aa48                USPiSendFrame
                0x000000000000aacc                USPiReceiveFrame
                0x000000000000ab50                USPiGamePadAvailable
                0x000000000000abd8                USPiGamePadRegisterStatusHandler
                0x000000000000ac40                USPiGamePadGetStatus
                0x000000000000acc4                USPiMIDIAvailable
                0x000000000000ad10                USPiMIDIRegisterPacketHandler
                0x000000000000ad88                USPiDeviceGetInformation
 .text          0x000000000000af64     0x2860 libuspi.a(dwhcidevice.o)
                0x000000000000af64                DWHCIDeviceCompletionRoutine
                0x000000000000af98                DWHCIDevice
                0x000000000000aff4                _DWHCIDevice
                0x000000000000b004                DWHCIDeviceEnableGlobalInterrupts
                0x000000000000b06c                DWHCIDeviceEnableCommonInterrupts
                0x000000000000b0c8                DWHCIDeviceEnableHostInterrupts
                0x000000000000b144                DWHCIDeviceEnableChannelInterrupt
                0x000000000000b1bc                DWHCIDeviceDisableChannelInterrupt
                0x000000000000b234                DWHCIDeviceStartChannel
                0x000000000000b614                DWHCIDeviceStartTransaction
                0x000000000000b740                DWHCIDeviceTimerHandler
                0x000000000000b85c                DWHCIDeviceAllocateChannel
                0x000000000000b8f8                DWHCIDeviceFreeChannel
                0x000000000000b98c                DWHCIDeviceTransferStageAsync
                0x000000000000bb40                DWHCIDeviceSubmitAsyncRequest
                0x000000000000bc30                DWHCIDeviceTransferStage
                0x000000000000bd04                DWHCIDeviceSubmitBlockingRequest
                0x000000000000bf64                DWHCIDeviceControlMessage
                0x000000000000c050                DWHCIDeviceGetDescriptor
                0x000000000000c0c0                DWHCIDeviceSetAddress
                0x000000000000c138                DWHCIDeviceSetConfiguration
                0x000000000000c1b0                DWHCIDeviceTransfer
                0x000000000000c240                DWHCIDeviceChannelInterruptHandler
                0x000000000000c828                DWHCIDeviceInterruptHandler
                0x000000000000c940                DWHCIDeviceWaitForBit
                0x000000000000ca28                DWHCIDeviceEnableRootPort
                0x000000000000cb14                DWHCIDeviceReset
                0x000000000000cbe8                DWHCIDeviceInitCore
                0x000000000000ce58                DWHCIDeviceFlushTxFIFO
                0x000000000000cf04                DWHCIDeviceFlushRxFIFO
                0x000000000000cf94                DWHCIDeviceInitHost
                0x000000000000d1b4                DWHCIDeviceInitialize
                0x000000000000d3c8                DWHCIDeviceGetPortSpeed
                0x000000000000d44c                DWHCIDeviceOvercurrentDetected
                0x000000000000d4bc                DWHCIDeviceDisableRootPort
                0x000000000000d524                DWHCIDeviceDumpRegister
                0x000000000000d5a4                DWHCIDeviceDumpStatus
 .text          0x000000000000d7c4      0x4b4 libuspi.a(dwhciregister.o)
                0x000000000000d7c4                DWHCIRegister
                0x000000000000d7fc                DWHCIRegister2
                0x000000000000d83c                _DWHCIRegister
                0x000000000000d86c                DWHCIRegisterRead
                0x000000000000d8a8                DWHCIRegisterWrite
                0x000000000000d8fc                DWHCIRegisterGet
                0x000000000000d948                DWHCIRegisterSet
                0x000000000000d980                DWHCIRegisterIsSet
                0x000000000000d9dc                DWHCIRegisterAnd
                0x000000000000da34                DWHCIRegisterOr
                0x000000000000da8c                DWHCIRegisterClearBit
                0x000000000000db04                DWHCIRegisterSetBit
                0x000000000000db7c                DWHCIRegisterClearAll
                0x000000000000dbb4                DWHCIRegisterSetAll
                0x000000000000dbec                DWHCIRegisterDump
 .text          0x000000000000dc78      0xd5c libuspi.a(dwhcixferstagedata.o)
                0x000000000000dc78                _DWHCITransferStageData
                0x000000000000dcf4                DWHCITransferStageDataTransactionComplete
                0x000000000000de4c                DWHCITransferStageDataSetSplitComplete
                0x000000000000de9c                DWHCITransferStageDataSetState
                0x000000000000decc                DWHCITransferStageDataGetState
                0x000000000000def8                DWHCITransferStageDataSetSubState
                0x000000000000df28                DWHCITransferStageDataGetSubState
                0x000000000000df54                DWHCITransferStageDataBeginSplitCycle
                0x000000000000df5c                DWHCITransferStageDataGetChannelNumber
                0x000000000000df88                DWHCITransferStageDataIsPeriodic
                0x000000000000dff4                DWHCITransferStageData
                0x000000000000e304                DWHCITransferStageDataGetDeviceAddress
                0x000000000000e358                DWHCITransferStageDataGetEndpointType
                0x000000000000e3fc                DWHCITransferStageDataGetEndpointNumber
                0x000000000000e450                DWHCITransferStageDataGetMaxPacketSize
                0x000000000000e480                DWHCITransferStageDataGetSpeed
                0x000000000000e4ac                DWHCITransferStageDataGetPID
                0x000000000000e554                DWHCITransferStageDataIsDirectionIn
                0x000000000000e584                DWHCITransferStageDataIsStatusStage
                0x000000000000e5b4                DWHCITransferStageDataGetDMAAddress
                0x000000000000e604                DWHCITransferStageDataGetBytesToTransfer
                0x000000000000e634                DWHCITransferStageDataGetPacketsToTransfer
                0x000000000000e664                DWHCITransferStageDataIsSplit
                0x000000000000e694                DWHCITransferStageDataIsSplitComplete
                0x000000000000e6e8                DWHCITransferStageDataGetHubAddress
                0x000000000000e760                DWHCITransferStageDataGetHubPortAddress
                0x000000000000e7dc                DWHCITransferStageDataGetSplitPosition
                0x000000000000e82c                DWHCITransferStageDataGetStatusMask
                0x000000000000e890                DWHCITransferStageDataGetTransactionStatus
                0x000000000000e8e0                DWHCITransferStageDataIsStageComplete
                0x000000000000e918                DWHCITransferStageDataGetResultLen
                0x000000000000e954                DWHCITransferStageDataGetURB
                0x000000000000e9a4                DWHCITransferStageDataGetFrameScheduler
 .text          0x000000000000e9d4      0xdd8 libuspi.a(usbdevice.o)
                0x000000000000e9d4                USBDeviceConfigure
                0x000000000000ea9c                USBDevice
                0x000000000000ebac                USBDeviceCopy
                0x000000000000ed7c                _USBDevice
                0x000000000000ee30                USBDeviceGetName
                0x000000000000eff0                USBDeviceGetAddress
                0x000000000000f020                USBDeviceGetSpeed
                0x000000000000f050                USBDeviceGetHubAddress
                0x000000000000f080                USBDeviceGetHubPortNumber
                0x000000000000f0b0                USBDeviceGetEndpoint0
                0x000000000000f104                USBDeviceGetHost
                0x000000000000f154                USBDeviceGetDeviceDescriptor
                0x000000000000f1a4                USBDeviceGetConfigurationDescriptor
                0x000000000000f1f8                USBDeviceGetDescriptor
                0x000000000000f258                USBDeviceConfigurationError
                0x000000000000f2b4                USBDeviceSetAddress
                0x000000000000f308                USBDeviceInitialize
 .text          0x000000000000f7ac      0x5f8 libuspi.a(usbendpoint.o)
                0x000000000000f7ac                USBEndpoint
                0x000000000000f81c                USBEndpoint2
                0x000000000000f9c8                USBEndpointCopy
                0x000000000000fa64                _USBEndpoint
                0x000000000000fa94                USBEndpointGetDevice
                0x000000000000fae0                USBEndpointGetNumber
                0x000000000000fb0c                USBEndpointGetType
                0x000000000000fb38                USBEndpointIsDirectionIn
                0x000000000000fb64                USBEndpointSetMaxPacketSize
                0x000000000000fb94                USBEndpointGetMaxPacketSize
                0x000000000000fbc0                USBEndpointGetInterval
                0x000000000000fc0c                USBEndpointGetNextPID
                0x000000000000fc74                USBEndpointSkipPID
                0x000000000000fd54                USBEndpointResetPID
 .text          0x000000000000fda4      0x3b4 libuspi.a(usbrequest.o)
                0x000000000000fda4                USBRequest
                0x000000000000fe4c                _USBRequest
                0x000000000000fe88                USBRequestGetEndpoint
                0x000000000000fed4                USBRequestSetStatus
                0x000000000000ff04                USBRequestSetResultLen
                0x000000000000ff34                USBRequestGetStatus
                0x000000000000ff60                USBRequestGetResultLength
                0x000000000000ffac                USBRequestGetSetupData
                0x000000000001001c                USBRequestGetBuffer
                0x0000000000010074                USBRequestGetBufLen
                0x00000000000100a0                USBRequestSetCompletionRoutine
                0x00000000000100fc                USBRequestCallCompletionRoutine
 .text          0x0000000000010158      0x318 libuspi.a(devicenameservice.o)
                0x0000000000010158                DeviceNameService
                0x00000000000101b8                _DeviceNameService
                0x0000000000010264                DeviceNameServiceAddDevice
                0x0000000000010344                DeviceNameServiceGetDevice
                0x0000000000010428                DeviceNameServiceGet
 .text          0x0000000000010470      0x39c libuspi.a(macaddress.o)
                0x0000000000010470                MACAddress
                0x00000000000104a0                _MACAddress
                0x00000000000104d0                MACAddressSet
                0x0000000000010530                MACAddress2
                0x0000000000010568                MACAddressSetBroadcast
                0x00000000000105a8                MACAddressGet
                0x00000000000105f4                MACAddressIsEqual
                0x0000000000010660                MACAddressCopyTo
                0x00000000000106d8                MACAddressIsBroadcast
                0x000000000001075c                MACAddressGetSize
                0x0000000000010764                MACAddressFormat
 .text          0x000000000001080c      0xb64 libuspi.a(smsc951x.o)
                0x000000000001080c                SMSC951xDevice
                0x0000000000010888                _SMSC951xDevice
                0x0000000000010910                SMSC951xDeviceGetMACAddress
                0x0000000000010940                SMSC951xDeviceSendFrame
                0x0000000000010a34                SMSC951xDeviceReceiveFrame
                0x0000000000010c04                SMSC951xDeviceWriteReg
                0x0000000000010c90                SMSC951xDeviceConfigure
                0x0000000000011098                SMSC951xDeviceReadReg
                0x0000000000011124                SMSC951xDeviceDumpReg
                0x00000000000111b4                SMSC951xDeviceDumpRegs
 .text          0x0000000000011370      0xa84 libuspi.a(string.o)
                0x0000000000011370                String
                0x00000000000113a4                String2
                0x00000000000113f0                _String
                0x0000000000011430                StringGet
                0x000000000001146c                StringSet
                0x00000000000114cc                StringGetLength
                0x000000000001150c                StringAppend
                0x00000000000115ac                StringCompare
                0x00000000000115e4                StringFind
                0x000000000001165c                StringReserveSpace
                0x00000000000116f0                StringPutChar
                0x0000000000011754                StringPutString
                0x00000000000117b0                ntoa
                0x0000000000011870                StringFormatV
                0x0000000000011da4                StringFormat
 .text          0x0000000000011df4      0x288 libuspi.a(util.o)
                0x0000000000011df4                uspi_memset
                0x0000000000011e14                uspi_memcpy
                0x0000000000011e38                uspi_memcmp
                0x0000000000011eb0                uspi_strlen
                0x0000000000011ee0                uspi_strcmp
                0x0000000000011f78                uspi_strcpy
                0x0000000000011fac                uspi_strncpy
                0x0000000000012000                uspi_strcat
                0x000000000001204c                uspi_char2int
                0x0000000000012050                uspi_le2be16
                0x0000000000012060                uspi_le2be32
 .text          0x000000000001207c      0xdc4 libuspi.a(usbmassdevice.o)
                0x000000000001207c                USBBulkOnlyMassStorageDevice
                0x00000000000120e0                _USBBulkOnlyMassStorageDevice
                0x0000000000012150                USBBulkOnlyMassStorageDeviceSeek
                0x0000000000012190                USBBulkOnlyMassStorageDeviceGetCapacity
                0x00000000000121c0                USBBulkOnlyMassStorageDeviceCommand
                0x0000000000012468                USBBulkOnlyMassStorageDeviceConfigure
                0x0000000000012960                USBBulkOnlyMassStorageDeviceTryRead
                0x0000000000012aa8                USBBulkOnlyMassStorageDeviceTryWrite
                0x0000000000012be8                USBBulkOnlyMassStorageDeviceReset
                0x0000000000012d58                USBBulkOnlyMassStorageDeviceRead
                0x0000000000012dcc                USBBulkOnlyMassStorageDeviceWrite
 .text          0x0000000000012e40      0x2b0 libuspi.a(dwhciframeschednper.o)
                0x0000000000012e40                DWHCIFrameSchedulerNonPeriodicWaitForFrame
                0x0000000000012e44                DWHCIFrameSchedulerNonPeriodicIsOddFrame
                0x0000000000012e4c                _DWHCIFrameSchedulerNonPeriodic
                0x0000000000012e7c                DWHCIFrameSchedulerNonPeriodicStartSplit
                0x0000000000012eac                DWHCIFrameSchedulerNonPeriodicCompleteSplit
                0x0000000000012f48                DWHCIFrameSchedulerNonPeriodicTransactionComplete
                0x0000000000013078                DWHCIFrameSchedulerNonPeriodic
 .text          0x00000000000130f0      0x37c libuspi.a(dwhciframeschedper.o)
                0x00000000000130f0                _DWHCIFrameSchedulerPeriodic
                0x0000000000013120                DWHCIFrameSchedulerPeriodicStartSplit
                0x0000000000013158                DWHCIFrameSchedulerPeriodicCompleteSplit
                0x0000000000013210                DWHCIFrameSchedulerPeriodicIsOddFrame
                0x0000000000013240                DWHCIFrameSchedulerPeriodicTransactionComplete
                0x0000000000013364                DWHCIFrameSchedulerPeriodicWaitForFrame
                0x00000000000133ec                DWHCIFrameSchedulerPeriodic
 .text          0x000000000001346c      0x8cc libuspi.a(usbkeyboard.o)
                0x0000000000013578                USBKeyboardDeviceConfigure
                0x0000000000013afc                USBKeyboardDevice
                0x0000000000013b98                _CUSBKeyboardDevice
                0x0000000000013c08                USBKeyboardDeviceRegisterKeyPressedHandler
                0x0000000000013c54                USBKeyboardDeviceRegisterSelectConsoleHandler
                0x0000000000013ca0                USBKeyboardDeviceRegisterShutdownHandler
                0x0000000000013cec                USBKeyboardDeviceRegisterKeyStatusHandlerRaw
 .text          0x0000000000013d38      0x308 libuspi.a(dwhcirootport.o)
                0x0000000000013d38                DWHCIRootPort
                0x0000000000013d8c                _DWHCIRootPort
                0x0000000000013ddc                DWHCIRootPortInitialize
 .text          0x0000000000014040      0x614 libuspi.a(usbmouse.o)
                0x000000000001413c                USBMouseDeviceConfigure
                0x0000000000014520                USBMouseDevice
                0x00000000000145a0                _CUSBMouseDevice
                0x0000000000014608                USBMouseDeviceRegisterStatusHandler
 .text          0x0000000000014654      0x19c libuspi.a(dwhciframeschednsplit.o)
                0x0000000000014654                _DWHCIFrameSchedulerNoSplit
                0x0000000000014658                DWHCIFrameSchedulerNoSplitStartSplit
                0x0000000000014678                DWHCIFrameSchedulerNoSplitCompleteSplit
                0x000000000001469c                DWHCIFrameSchedulerNoSplitTransactionComplete
                0x00000000000146bc                DWHCIFrameSchedulerNoSplitIsOddFrame
                0x00000000000146ec                DWHCIFrameSchedulerNoSplitWaitForFrame
                0x0000000000014770                DWHCIFrameSchedulerNoSplit
 .text          0x00000000000147f0      0xe88 libuspi.a(usbgamepad.o)
                0x0000000000014e3c                USBGamePadDeviceConfigure
                0x0000000000015444                USBGamePadDevice
                0x0000000000015520                _CUSBGamePadDevice
                0x00000000000155c0                USBGamePadDeviceRegisterStatusHandler
                0x0000000000015610                USBGamePadDeviceGetReport
 .text          0x0000000000015678       0xd4 libuspi.a(synchronize.o)
                0x0000000000015678                uspi_EnterCritical
                0x00000000000156b8                uspi_LeaveCritical
                0x000000000001571c                uspi_CleanAndInvalidateDataCacheRange
 .text          0x000000000001574c      0x728 libuspi.a(usbstring.o)
                0x000000000001574c                USBString
                0x00000000000157d0                USBStringCopy
                0x00000000000158cc                _USBString
                0x000000000001594c                USBStringGetFromDescriptor
                0x0000000000015c14                USBStringGet
                0x0000000000015c44                USBStringGetLanguageID
 .text          0x0000000000015e74      0x5d0 libuspi.a(usbmidi.o)
                0x0000000000015f70                USBMIDIDeviceConfigure
                0x0000000000016338                USBMIDIDevice
                0x0000000000016390                _CUSBMIDIDevice
                0x00000000000163f8                USBMIDIDeviceRegisterPacketHandler
 .text          0x0000000000016444      0x348 libuspi.a(usbconfigparser.o)
                0x0000000000016444                USBConfigurationParser
                0x00000000000165dc                _USBConfigurationParser
                0x000000000001660c                USBConfigurationParserIsValid
                0x0000000000016638                USBConfigurationParserGetDescriptor
                0x0000000000016714                USBConfigurationParserError
 .text          0x000000000001678c      0x314 libuspi.a(usbdevicefactory.o)
                0x000000000001678c                GetDevice
                0x0000000000016a18                USBDeviceFactoryGetDevice
 .text          0x0000000000016aa0      0xd28 libuspi.a(usbstandardhub.o)
                0x0000000000016aa0                USBStandardHub
                0x0000000000016b0c                _USBStandardHub
                0x0000000000016bb8                USBStandardHubInitialize
                0x0000000000016be8                USBStandardHubGetDeviceNames
                0x0000000000016d0c                USBStandardHubEnumeratePorts
                0x0000000000017460                USBStandardHubConfigure
 .text          0x00000000000177c8      0x3f0 libuspi.a(keymap.o)
                0x00000000000177c8                KeyMap
                0x0000000000017818                _KeyMap
                0x000000000001781c                KeyMapClearTable
                0x0000000000017878                KeyMapSetEntry
                0x00000000000178fc                KeyMapTranslate
                0x0000000000017a60                KeyMapGetString
                0x0000000000017b60                KeyMapGetLEDStatus
 .text          0x0000000000017bb8      0x410 libuspienv.a(alloc.o)
                0x0000000000017bb8                mem_init
                0x0000000000017bfc                mem_get_size
                0x0000000000017c24                malloc
                0x0000000000017dc8                free
                0x0000000000017ec0                palloc
                0x0000000000017f78                pfree
 .text          0x0000000000017fc8       0x88 libuspienv.a(assert.o)
                0x0000000000017fc8                assertion_failed
 .text          0x0000000000018050      0x19c libuspienv.a(debug.o)
                0x0000000000018050                debug_hexdump
                0x0000000000018160                debug_stacktrace
 .text          0x00000000000181ec       0x2c libuspienv.a(libstub.o)
                0x00000000000181ec                __aeabi_uidiv
                0x00000000000181fc                __aeabi_uidivmod
 .text          0x0000000000018218      0x32c libuspienv.a(logger.o)
                0x0000000000018218                Logger
                0x0000000000018238                _Logger
                0x0000000000018254                LoggerGet
                0x0000000000018264                LoggerWrite2
                0x000000000001828c                LoggerWriteV
                0x00000000000184ec                LoggerWrite
                0x000000000001851c                LoggerInitialize
 .text          0x0000000000018544      0xd98 libuspienv.a(screen.o)
                0x0000000000018544                ScreenDevice
                0x0000000000018590                _ScreenDevice
                0x00000000000185c0                ScreenDeviceGetWidth
                0x00000000000185c8                ScreenDeviceGetHeight
                0x00000000000185d0                ScreenDeviceSetPixel
                0x00000000000185f8                ScreenDeviceGetPixel
                0x0000000000018634                ScreenDeviceCarriageReturn
                0x0000000000018640                ScreenDeviceCursorHome
                0x0000000000018650                ScreenDeviceCursorLeft
                0x00000000000186b8                ScreenDeviceCursorMove
                0x000000000001870c                ScreenDeviceCursorUp
                0x0000000000018744                ScreenDeviceDeleteChars
                0x0000000000018748                ScreenDeviceDeleteLines
                0x000000000001874c                ScreenDeviceInsertLines
                0x0000000000018750                ScreenDeviceInsertMode
                0x0000000000018758                ScreenDeviceReverseScroll
                0x000000000001875c                ScreenDeviceSetCursorMode
                0x0000000000018764                ScreenDeviceSetStandoutMode
                0x0000000000018804                ScreenDeviceScroll
                0x000000000001887c                ScreenDeviceCursorDown
                0x00000000000188c8                ScreenDeviceNewLine
                0x00000000000188dc                ScreenDeviceCursorRight
                0x0000000000018910                ScreenDeviceTabulator
                0x0000000000018954                ScreenDeviceDisplayChar2
                0x00000000000189f0                ScreenDeviceRotor
                0x0000000000018a48                ScreenDeviceDisplayChar
                0x0000000000018a84                ScreenDeviceEraseChar
                0x0000000000018af0                ScreenDeviceClearLineEnd
                0x0000000000018b38                ScreenDeviceClearDisplayEnd
                0x0000000000018b7c                ScreenDeviceEraseChars
                0x0000000000018be4                ScreenDeviceWrite2
                0x00000000000190c4                ScreenDeviceInvertCursor
                0x0000000000019160                ScreenDeviceInitialize
                0x0000000000019288                ScreenDeviceWrite
 .text          0x00000000000192dc       0xa4 libuspienv.a(synchronize.o)
                0x00000000000192dc                EnterCritical
                0x000000000001931c                LeaveCritical
 .text          0x0000000000019380      0x764 libuspienv.a(timer.o)
                0x0000000000019380                Timer
                0x0000000000019420                _Timer
                0x0000000000019434                TimerGetClockTicks
                0x0000000000019474                TimerGetTicks
                0x00000000000194a0                TimerGetTime
                0x00000000000194cc                TimerGetTimeString
                0x00000000000195c4                TimerStartKernelTimer
                0x00000000000196a0                TimerCancelKernelTimer
                0x00000000000196f8                TimerMsDelay
                0x0000000000019738                TimerusDelay
                0x0000000000019778                TimerGet
                0x00000000000197c0                TimerSimpleusDelay
                0x000000000001980c                TimerSimpleMsDelay
                0x0000000000019828                TimerPollKernelTimers
                0x00000000000198a8                TimerInterruptHandler
                0x00000000000199a8                TimerTuneMsDelay
                0x0000000000019a38                TimerInitialize
 .text          0x0000000000019ae4      0x1f4 libuspienv.a(uspibind.o)
                0x0000000000019ae4                MsDelay
                0x0000000000019afc                usDelay
                0x0000000000019b14                StartKernelTimer
                0x0000000000019b4c                CancelKernelTimer
                0x0000000000019b64                ConnectInterrupt
                0x0000000000019b8c                SetPowerStateOn
                0x0000000000019c08                GetMACAddress
                0x0000000000019c78                LogWrite
                0x0000000000019cc0                uspi_assertion_failed
                0x0000000000019ccc                DebugHexdump
 .text          0x0000000000019cd8      0x148 libuspienv.a(uspienv.o)
                0x0000000000019cd8                USPiEnvInitialize
                0x0000000000019dd8                USPiEnvClose
                0x0000000000019e14                USPiEnvGetScreen
 .text          0x0000000000019e20      0x288 libuspienv.a(util.o)
                0x0000000000019e20                memset
                0x0000000000019e40                memcpy
                0x0000000000019e64                memcmp
                0x0000000000019edc                strlen
                0x0000000000019f0c                strcmp
                0x0000000000019fa4                strcpy
                0x0000000000019fd8                strncpy
                0x000000000001a02c                strcat
                0x000000000001a078                char2int
                0x000000000001a07c                le2be16
                0x000000000001a08c                le2be32
 .text          0x000000000001a0a8       0x20 libuspienv.a(util_fast.o)
                0x000000000001a0a8                memcpyblk
 .text          0x000000000001a0c8      0x2d8 libuspienv.a(memory.o)
                0x000000000001a0c8                _MemorySystem
                0x000000000001a144                MemorySystemGetMemSize
                0x000000000001a170                MemorySystemEnableMMU
                0x000000000001a270                MemorySystem
 .text          0x000000000001a3a0      0x218 libuspienv.a(pagetable.o)
                0x000000000001a3a0                PageTable
                0x000000000001a440                PageTable2
                0x000000000001a544                _PageTable
                0x000000000001a588                PageTableGetBaseAddress
 .text          0x000000000001a5b8      0x2cc libuspienv.a(exceptionhandler.o)
                0x000000000001a5b8                ExceptionHandler2
                0x000000000001a674                _ExceptionHandler
                0x000000000001a6bc                ExceptionHandlerThrow
                0x000000000001a718                ExceptionHandlerThrow2
                0x000000000001a814                ExceptionHandlerGet
                0x000000000001a85c                ExceptionHandler
 .text          0x000000000001a884      0x364 libuspienv.a(bcmframebuffer.o)
                0x000000000001a884                BcmFrameBuffer
                0x000000000001a9d4                _BcmFrameBuffer
                0x000000000001aa14                BcmFrameBufferSetPalette
                0x000000000001aa5c                BcmFrameBufferInitialize
                0x000000000001aac4                BcmFrameBufferGetWidth
                0x000000000001aaf4                BcmFrameBufferGetHeight
                0x000000000001ab24                BcmFrameBufferGetPitch
                0x000000000001ab54                BcmFrameBufferGetDepth
                0x000000000001ab84                BcmFrameBufferGetBuffer
                0x000000000001abb8                BcmFrameBufferGetSize
 .text          0x000000000001abe8      0x1c4 libuspienv.a(bcmpropertytags.o)
                0x000000000001abe8                BcmPropertyTags
                0x000000000001ac1c                _BcmPropertyTags
                0x000000000001ac4c                BcmPropertyTagsGetTag
 .text          0x000000000001adac      0x180 libuspienv.a(chargenerator.o)
                0x000000000001adac                CharGenerator
                0x000000000001addc                _CharGenerator
                0x000000000001ade0                CharGeneratorGetCharWidth
                0x000000000001ae0c                CharGeneratorGetCharHeight
                0x000000000001ae40                CharGeneratorGetUnderline
                0x000000000001ae74                CharGeneratorGetPixel
 *fill*         0x000000000001af2c        0x4 
 .text          0x000000000001af30        0xc libuspienv.a(delayloop.o)
                0x000000000001af30                DelayLoop
 .text          0x000000000001af3c       0xe0 libuspienv.a(exceptionstub.o)
                0x000000000001af3c                UndefinedInstructionStub
                0x000000000001af80                PrefetchAbortStub
                0x000000000001afc4                DataAbortStub
                0x000000000001b008                IRQStub
 .text          0x000000000001b01c      0x4d4 libuspienv.a(interrupt.o)
                0x000000000001b01c                InterruptSystem
                0x000000000001b070                _InterruptSystem
                0x000000000001b084                InterruptSystemInitialize
                0x000000000001b17c                InterruptSystemEnableIRQ
                0x000000000001b1f4                InterruptSystemConnectIRQ
                0x000000000001b278                InterruptSystemDisableIRQ
                0x000000000001b2f0                InterruptSystemDisconnectIRQ
                0x000000000001b370                InterruptSystemGet
                0x000000000001b3b8                InterruptSystemCallIRQHandler
                0x000000000001b42c                InterruptHandler
 .text          0x000000000001b4f0       0xd8 libuspienv.a(libhelper.o)
                0x000000000001b4f0                Divide
 .text          0x000000000001b5c8       0x10 libuspienv.a(memio.o)
                0x000000000001b5c8                read32
                0x000000000001b5d0                write32
 .text          0x000000000001b5d8      0x1e4 libuspienv.a(bcmmailbox.o)
                0x000000000001b5d8                BcmMailBox
                0x000000000001b608                _BcmMailBox
                0x000000000001b630                BcmMailBoxFlush
                0x000000000001b690                BcmMailBoxRead
                0x000000000001b6f4                BcmMailBoxWrite
                0x000000000001b768                BcmMailBoxWriteRead
                0x000000000001b7bc                _etext = .

.rodata         0x000000000001b7bc     0x35fc
 *(.rodata*)
 .rodata        0x000000000001b7bc       0x1f build/kernel.o
 *fill*         0x000000000001b7db        0x1 
 .rodata        0x000000000001b7dc        0x5 libuspi.a(uspilibrary.o)
 *fill*         0x000000000001b7e1        0x3 
 .rodata.str1.4
                0x000000000001b7e4      0x133 libuspi.a(uspilibrary.o)
                                        0x13f (size before relaxing)
 *fill*         0x000000000001b917        0x1 
 .rodata        0x000000000001b918        0x6 libuspi.a(dwhcidevice.o)
 *fill*         0x000000000001b91e        0x2 
 .rodata.str1.4
                0x000000000001b920      0x586 libuspi.a(dwhcidevice.o)
                                        0x58a (size before relaxing)
 *fill*         0x000000000001bea6        0x2 
 .rodata.str1.4
                0x000000000001bea8       0x85 libuspi.a(dwhciregister.o)
                                         0x91 (size before relaxing)
 *fill*         0x000000000001bf2d        0x3 
 .rodata.str1.4
                0x000000000001bf30      0x1c1 libuspi.a(dwhcixferstagedata.o)
                                        0x1d1 (size before relaxing)
 *fill*         0x000000000001c0f1        0x3 
 .rodata        0x000000000001c0f4        0x7 libuspi.a(usbdevice.o)
 *fill*         0x000000000001c0fb        0x1 
 .rodata.str1.4
                0x000000000001c0fc      0x2e0 libuspi.a(usbdevice.o)
                                        0x2f0 (size before relaxing)
 .rodata.str1.4
                0x000000000001c3dc      0x192 libuspi.a(usbendpoint.o)
                                        0x1c6 (size before relaxing)
 *fill*         0x000000000001c56e        0x2 
 .rodata.str1.4
                0x000000000001c570       0xd1 libuspi.a(usbrequest.o)
                                         0xf5 (size before relaxing)
 *fill*         0x000000000001c641        0x3 
 .rodata.str1.4
                0x000000000001c644       0x75 libuspi.a(devicenameservice.o)
                                         0xa9 (size before relaxing)
 *fill*         0x000000000001c6b9        0x3 
 .rodata.str1.4
                0x000000000001c6bc       0x3e libuspi.a(macaddress.o)
                                         0x7a (size before relaxing)
 *fill*         0x000000000001c6fa        0x2 
 .rodata        0x000000000001c6fc        0x9 libuspi.a(smsc951x.o)
 *fill*         0x000000000001c705        0x3 
 .rodata.str1.4
                0x000000000001c708      0x24a libuspi.a(smsc951x.o)
                                        0x272 (size before relaxing)
 *fill*         0x000000000001c952        0x2 
 .rodata.str1.4
                0x000000000001c954        0x9 libuspi.a(string.o)
                                         0x19 (size before relaxing)
 *fill*         0x000000000001c95d        0x3 
 .rodata        0x000000000001c960        0x5 libuspi.a(usbmassdevice.o)
 *fill*         0x000000000001c965        0x3 
 .rodata.str1.4
                0x000000000001c968      0x26c libuspi.a(usbmassdevice.o)
                                        0x2ac (size before relaxing)
 .rodata.str1.4
                0x000000000001cbd4       0x58 libuspi.a(dwhciframeschednper.o)
                                         0x68 (size before relaxing)
 .rodata.str1.4
                0x000000000001cc2c       0x15 libuspi.a(dwhciframeschedper.o)
                                         0x68 (size before relaxing)
 *fill*         0x000000000001cc41        0x3 
 .rodata        0x000000000001cc44        0x7 libuspi.a(usbkeyboard.o)
 *fill*         0x000000000001cc4b        0x1 
 .rodata.str1.4
                0x000000000001cc4c      0x14a libuspi.a(usbkeyboard.o)
                                        0x192 (size before relaxing)
 *fill*         0x000000000001cd96        0x2 
 .rodata        0x000000000001cd98        0x7 libuspi.a(dwhcirootport.o)
 *fill*         0x000000000001cd9f        0x1 
 .rodata.str1.4
                0x000000000001cda0       0xbb libuspi.a(dwhcirootport.o)
                                         0xf3 (size before relaxing)
 *fill*         0x000000000001ce5b        0x1 
 .rodata        0x000000000001ce5c        0x7 libuspi.a(usbmouse.o)
 *fill*         0x000000000001ce63        0x1 
 .rodata.str1.4
                0x000000000001ce64       0x2c libuspi.a(usbmouse.o)
                                        0x130 (size before relaxing)
 .rodata.str1.4
                0x000000000001ce90       0x18 libuspi.a(dwhciframeschednsplit.o)
                                         0x27 (size before relaxing)
 .rodata        0x000000000001cea8        0xd libuspi.a(usbgamepad.o)
 *fill*         0x000000000001ceb5        0x3 
 .rodata.str1.4
                0x000000000001ceb8       0x55 libuspi.a(usbgamepad.o)
                                        0x154 (size before relaxing)
 *fill*         0x000000000001cf0d        0x3 
 .rodata.str1.4
                0x000000000001cf10       0x25 libuspi.a(synchronize.o)
 *fill*         0x000000000001cf35        0x3 
 .rodata.str1.4
                0x000000000001cf38       0x9e libuspi.a(usbstring.o)
                                         0xc2 (size before relaxing)
 *fill*         0x000000000001cfd6        0x2 
 .rodata        0x000000000001cfd8       0x48 libuspi.a(usbmidi.o)
 .rodata.str1.4
                0x000000000001d020       0x7c libuspi.a(usbmidi.o)
                                        0x10c (size before relaxing)
 .rodata.str1.4
                0x000000000001d09c       0x8f libuspi.a(usbconfigparser.o)
                                         0xab (size before relaxing)
 *fill*         0x000000000001d12b        0x1 
 .rodata.str1.4
                0x000000000001d12c       0x7f libuspi.a(usbdevicefactory.o)
                                         0xab (size before relaxing)
 *fill*         0x000000000001d1ab        0x1 
 .rodata        0x000000000001d1ac        0x7 libuspi.a(usbstandardhub.o)
 *fill*         0x000000000001d1b3        0x1 
 .rodata.str1.4
                0x000000000001d1b4      0x2fc libuspi.a(usbstandardhub.o)
                                        0x378 (size before relaxing)
 .rodata        0x000000000001d4b0      0x4cc libuspi.a(keymap.o)
 .rodata.str1.4
                0x000000000001d97c       0xda libuspi.a(keymap.o)
                                         0xf6 (size before relaxing)
 *fill*         0x000000000001da56        0x2 
 .rodata.str1.4
                0x000000000001da58       0xbb libuspienv.a(alloc.o)
 *fill*         0x000000000001db13        0x1 
 .rodata.str1.4
                0x000000000001db14       0x1d libuspienv.a(assert.o)
 *fill*         0x000000000001db31        0x3 
 .rodata        0x000000000001db34        0x6 libuspienv.a(debug.o)
 *fill*         0x000000000001db3a        0x2 
 .rodata.str1.4
                0x000000000001db3c       0x8e libuspienv.a(debug.o)
 *fill*         0x000000000001dbca        0x2 
 .rodata.str1.4
                0x000000000001dbcc       0x2b libuspienv.a(logger.o)
                                         0x33 (size before relaxing)
 *fill*         0x000000000001dbf7        0x1 
 .rodata        0x000000000001dbf8        0x5 libuspienv.a(screen.o)
 .rodata.str1.4
                0x000000000001dbfd       0x25 libuspienv.a(synchronize.o)
 *fill*         0x000000000001dbfd        0x3 
 .rodata.str1.4
                0x000000000001dc00       0xcb libuspienv.a(timer.o)
                                        0x107 (size before relaxing)
 *fill*         0x000000000001dccb        0x1 
 .rodata.str1.4
                0x000000000001dccc       0xa8 libuspienv.a(memory.o)
                                         0xb4 (size before relaxing)
 .rodata.str1.4
                0x000000000001dd74       0x49 libuspienv.a(pagetable.o)
                                         0x55 (size before relaxing)
 *fill*         0x000000000001ddbd        0x3 
 .rodata        0x000000000001ddc0       0x18 libuspienv.a(exceptionhandler.o)
 .rodata.str1.4
                0x000000000001ddd8       0xb7 libuspienv.a(exceptionhandler.o)
                                         0xe3 (size before relaxing)
 *fill*         0x000000000001de8f        0x1 
 .rodata.str1.4
                0x000000000001de90       0x11 libuspienv.a(bcmframebuffer.o)
                                         0x1f (size before relaxing)
 *fill*         0x000000000001dea1        0x3 
 .rodata.str1.4
                0x000000000001dea4       0x5f libuspienv.a(bcmpropertytags.o)
                                         0x6b (size before relaxing)
 *fill*         0x000000000001df03        0x1 
 .rodata        0x000000000001df04      0xdf0 libuspienv.a(chargenerator.o)
 .rodata.str1.4
                0x000000000001ecf4       0x2c libuspienv.a(chargenerator.o)
                                         0x38 (size before relaxing)
 .rodata.str1.4
                0x000000000001ed20       0x65 libuspienv.a(interrupt.o)
                                         0x81 (size before relaxing)
 *fill*         0x000000000001ed85        0x3 
 .rodata.str1.4
                0x000000000001ed88        0xc libuspienv.a(libhelper.o)
                                          0xe (size before relaxing)
 .rodata.str1.4
                0x000000000001ed94       0x24 libuspienv.a(bcmmailbox.o)
                                         0x2f (size before relaxing)

COMMON          0x000000000001edb8     0x5f10
 *(COMMON*)
 COMMON         0x000000000001edb8     0x5800 build/terminal.o
                0x000000000001edb8                terminalScreen
                0x00000000000205b8                terminalBuffer
 COMMON         0x00000000000245b8      0x3e8 build/keyboard.o
                0x00000000000245b8                lastPressed
 COMMON         0x00000000000249a0      0x328 build/snake.o
                0x00000000000249a0                position

/DISCARD/
 *(*)
OUTPUT(build/output.elf elf32-littlearm)
