Archive member included to satisfy reference by file (symbol)

./libcsud.a(device.keyboard.c.o)
                              build/keyboard.o (KeyboardGetAddress)
./libcsud.a(platform.c.o)     ./libcsud.a(device.keyboard.c.o) (MemoryAllocate)
./libcsud.a(usbd.c.o)         build/main.o (UsbInitialise)
./libcsud.a(device.hid.c.o)   ./libcsud.a(device.keyboard.c.o) (HidReadDevice)
./libcsud.a(device.hub.c.o)   ./libcsud.a(usbd.c.o) (HubPortReset)
./libcsud.a(hcd.designware20.c.o)
                              ./libcsud.a(usbd.c.o) (HcdSumbitControlMessage)
./libcsud.a(hcd.designware20.roothub.c.o)
                              ./libcsud.a(hcd.designware20.c.o) (HcdProcessRootHubMessage)
./libcsud.a(platform.armv6.c.o)
                              ./libcsud.a(hcd.designware20.c.o) (__aeabi_uidiv)
./libcsud.a(platform.broadcom2835.c.o)
                              ./libcsud.a(usbd.c.o) (MicroDelay)

Allocating common symbols
Common symbol       size              file

CorePhysical        0x4               ./libcsud.a(hcd.designware20.c.o)
DeviceNumbers       0x4               ./libcsud.a(usbd.c.o)
HostPhysical        0x4               ./libcsud.a(hcd.designware20.c.o)
keyboards           0x10              ./libcsud.a(device.keyboard.c.o)
PowerPhysical       0x4               ./libcsud.a(hcd.designware20.c.o)
Heap                0x4000            ./libcsud.a(platform.c.o)
Allocations         0xc00             ./libcsud.a(platform.c.o)

Discarded input sections

 .ARM.attributes
                0x0000000000000000       0x14 build/mailbox.o
 .ARM.attributes
                0x0000000000000000       0x14 build/framebuffer.o
 .ARM.attributes
                0x0000000000000000       0x14 build/text.o
 .ARM.attributes
                0x0000000000000000       0x14 build/systemTimer.o
 .ARM.attributes
                0x0000000000000000       0x14 build/drawing.o
 .ARM.attributes
                0x0000000000000000       0x14 build/maths.o
 .ARM.attributes
                0x0000000000000000       0x14 build/gpio.o
 .ARM.attributes
                0x0000000000000000       0x14 build/main.o
 .ARM.attributes
                0x0000000000000000       0x14 build/keyboard.o
 .ARM.attributes
                0x0000000000000000       0x14 build/random.o
 .ARM.attributes
                0x0000000000000000       0x14 build/tags.o

Memory Configuration

Name             Origin             Length             Attributes
*default*        0x0000000000000000 0xffffffffffffffff

Linker script and memory map

LOAD build/mailbox.o
LOAD build/framebuffer.o
LOAD build/text.o
LOAD build/systemTimer.o
LOAD build/drawing.o
LOAD build/maths.o
LOAD build/gpio.o
LOAD build/main.o
LOAD build/keyboard.o
LOAD build/random.o
LOAD build/tags.o
LOAD ./libcsud.a

.init           0x0000000000008000        0x4
 *(.init)
 .init          0x0000000000008000        0x4 build/main.o
                0x0000000000008000                _start

.data           0x0000000000008010     0xc946
 *(.data)
 .data          0x0000000000008010        0x0 build/mailbox.o
 .data          0x0000000000008010       0x28 build/framebuffer.o
                0x0000000000008010                FrameBufferInfo
 .data          0x0000000000008038        0x0 build/text.o
 .data          0x0000000000008038        0x0 build/systemTimer.o
 *fill*         0x0000000000008038        0x8 
 .data          0x0000000000008040      0x810 build/drawing.o
 .data          0x0000000000008850        0x0 build/maths.o
 .data          0x0000000000008850        0x0 build/gpio.o
 .data          0x0000000000008850       0x1b build/main.o
 *fill*         0x000000000000886b        0x5 
 .data          0x0000000000008870       0xe0 build/keyboard.o
 .data          0x0000000000008950        0x0 build/random.o
 .data          0x0000000000008950       0x24 build/tags.o
 .data          0x0000000000008974        0x0 ./libcsud.a(device.keyboard.c.o)
 .data          0x0000000000008974        0x4 ./libcsud.a(platform.c.o)
                0x0000000000008974                FirstAllocation
 .data          0x0000000000008978        0x0 ./libcsud.a(usbd.c.o)
 .data          0x0000000000008978        0x0 ./libcsud.a(device.hid.c.o)
 .data          0x0000000000008978        0x0 ./libcsud.a(device.hub.c.o)
 .data          0x0000000000008978        0x0 ./libcsud.a(hcd.designware20.c.o)
 .data          0x0000000000008978       0x64 ./libcsud.a(hcd.designware20.roothub.c.o)
                0x0000000000008978                DeviceDescriptor
                0x000000000000898c                ConfigurationDescriptor
                0x00000000000089a8                String0
                0x00000000000089ac                String1
                0x00000000000089d0                HubDescriptor
 .data          0x00000000000089dc        0x0 ./libcsud.a(platform.armv6.c.o)
 .data          0x00000000000089dc        0x0 ./libcsud.a(platform.broadcom2835.c.o)
 *.c.o(*)
 .text          0x00000000000089dc     0x1000 ./libcsud.a(device.keyboard.c.o)
                0x00000000000089dc                KeyboardDetached
                0x0000000000008a58                KeyboardDeallocate
                0x0000000000008ad0                KeyboardIndex
                0x0000000000008b28                KeyboardGetAddress
                0x0000000000008b70                KeyboardScan
                0x000000000000923c                KeyboardCount
                0x000000000000924c                KeyboardSetLeds
                0x0000000000009468                KeyboardGetLedSupport
                0x00000000000094b4                KeyboardPoll
                0x00000000000097f8                KeyboardGetModifiers
                0x0000000000009844                KeyboardGetKeyDownCount
                0x00000000000098a8                KeyboadGetKeyIsDown
                0x0000000000009960                KeyboardGetKeyDown
 .bss           0x00000000000099dc       0x14 ./libcsud.a(device.keyboard.c.o)
                0x00000000000099dc                keyboardAddresses
                0x00000000000099ec                keyboardCount
 .comment       0x00000000000099f0       0x11 ./libcsud.a(device.keyboard.c.o)
                                         0x12 (size before relaxing)
 .ARM.attributes
                0x0000000000009a01       0x32 ./libcsud.a(device.keyboard.c.o)
 *fill*         0x0000000000009a33        0x1 
 COMMON         0x0000000000009a34       0x10 ./libcsud.a(device.keyboard.c.o)
                0x0000000000009a34                keyboards
 .text          0x0000000000009a44      0x5c0 ./libcsud.a(platform.c.o)
                0x0000000000009a44                MemoryReserve
                0x0000000000009a4c                MemoryAllocate
                0x0000000000009e9c                MemoryDeallocate
                0x0000000000009fb4                MemoryCopy
 .bss           0x000000000000a004        0x8 ./libcsud.a(platform.c.o)
                0x000000000000a004                FirstFreeAllocation
                0x000000000000a008                allocated
 .comment       0x000000000000a00c       0x12 ./libcsud.a(platform.c.o)
 .ARM.attributes
                0x000000000000a00c       0x32 ./libcsud.a(platform.c.o)
 *fill*         0x000000000000a03e        0x2 
 COMMON         0x000000000000a040     0x4c00 ./libcsud.a(platform.c.o)
                0x000000000000a040                Heap
                0x000000000000e040                Allocations
 .text          0x000000000000ec40     0x10e8 ./libcsud.a(usbd.c.o)
                0x000000000000ec40                UsbGetRootHub
                0x000000000000ec50                UsbPrintDeviceTree
                0x000000000000ed1c                UsbControlMessage
                0x000000000000ee14                UsbGetDescriptor
                0x000000000000ef00                UsbGetString
                0x000000000000ef6c                UsbReadStringLang
                0x000000000000eff0                UsbReadString
                0x000000000000f0f0                UsbReadDeviceDescriptor
                0x000000000000f230                UsbSetAddress
                0x000000000000f310                UsbSetConfiguration
                0x000000000000f3e4                UsbConfigure
                0x000000000000f5b4                UsbGetDescription
                0x000000000000f864                UsbScanDevice
                0x000000000000fa8c                UsbAllocateDevice
                0x000000000000fb48                UsbDeallocateDevice
                0x000000000000fc60                UsbScanRootHub
                0x000000000000fcb0                UsbInitialise
                0x000000000000fd0c                UsbCheckForChange
 .bss           0x000000000000fd28        0x4 ./libcsud.a(usbd.c.o)
                0x000000000000fd28                RootHub
 .rodata        0x000000000000fd2c      0x248 ./libcsud.a(usbd.c.o)
 .rodata.str1.4
                0x000000000000ff74       0x10 ./libcsud.a(usbd.c.o)
 .comment       0x000000000000ff84       0x12 ./libcsud.a(usbd.c.o)
 .ARM.attributes
                0x000000000000ff84       0x32 ./libcsud.a(usbd.c.o)
 *fill*         0x000000000000ffb6        0x2 
 COMMON         0x000000000000ffb8        0x4 ./libcsud.a(usbd.c.o)
                0x000000000000ffb8                DeviceNumbers
 .text          0x000000000000ffbc     0x1b24 ./libcsud.a(device.hid.c.o)
                0x000000000000ffbc                HidEnumerateActionCountField
                0x00000000000100e4                HidDetached
                0x0000000000010120                HidEnumerateActionAddField
                0x0000000000010928                HidDeallocate
                0x0000000000010a7c                HidEnumerateActionCountReport
                0x0000000000010b34                HidGetReport
                0x0000000000010bf0                HidSetReport
                0x0000000000010ca0                BitSet
                0x0000000000010dcc                BitGetUnsigned
                0x0000000000010ed4                BitGetSigned
                0x0000000000010f00                HidReadDevice
                0x00000000000110fc                HidWriteDevice
                0x00000000000112a8                HidSetProtocol
                0x0000000000011358                HidEnumerateReport
                0x00000000000114b0                HidParseReportDescriptor
                0x00000000000117e0                HidScan
                0x0000000000011ad0                HidGetFieldValue
 .bss           0x0000000000011ae0        0x0 ./libcsud.a(device.hid.c.o)
 .comment       0x0000000000011ae0       0x12 ./libcsud.a(device.hid.c.o)
 .ARM.attributes
                0x0000000000011ae0       0x32 ./libcsud.a(device.hid.c.o)
 *fill*         0x0000000000011b12        0x2 
 .text          0x0000000000011b14      0xd34 ./libcsud.a(device.hub.c.o)
                0x0000000000011b14                HubDetached
                0x0000000000011bb4                HubDeallocate
                0x0000000000011c90                HubReadDescriptor
                0x0000000000011d88                HubGetStatus
                0x0000000000011e60                HubPortGetStatus
                0x0000000000011f40                HubChangeFeature
                0x0000000000011ff4                HubChangePortFeature
                0x00000000000120b0                HubPowerOn
                0x0000000000012158                HubPortReset
                0x000000000001222c                HubPortConnectionChanged
                0x0000000000012434                HubCheckConnection
                0x0000000000012568                HubRecursiveCheck
                0x0000000000012630                HubScan
 .bss           0x0000000000012848        0x0 ./libcsud.a(device.hub.c.o)
 .comment       0x0000000000012848       0x12 ./libcsud.a(device.hub.c.o)
 .ARM.attributes
                0x0000000000012848       0x32 ./libcsud.a(device.hub.c.o)
 *fill*         0x000000000001287a        0x2 
 .text          0x000000000001287c     0x160c ./libcsud.a(hcd.designware20.c.o)
                0x000000000001287c                WriteThroughRegMask
                0x0000000000012910                WriteThroughReg
                0x0000000000012918                ReadBackReg
                0x00000000000129bc                ClearReg
                0x0000000000012a24                SetReg
                0x0000000000012ac0                HcdReset
                0x0000000000012b70                HcdTransmitFifoFlush
                0x0000000000012c04                HcdReceiveFifoFlush
                0x0000000000012c7c                HcdPrepareChannel
                0x0000000000012f94                HcdTransmitChannel
                0x0000000000013040                HcdChannelInterruptToError
                0x000000000001311c                HcdChannelSendWaitOne
                0x00000000000133d8                HcdChannelSendWait
                0x00000000000134f0                HcdSumbitControlMessage
                0x0000000000013738                HcdInitialise
                0x00000000000138cc                HcdStart
                0x0000000000013e28                HcdStop
                0x0000000000013e4c                HcdDeinitialise
 .bss           0x0000000000013e88       0x14 ./libcsud.a(hcd.designware20.c.o)
                0x0000000000013e88                Core
                0x0000000000013e8c                Host
                0x0000000000013e90                Power
                0x0000000000013e94                databuffer
                0x0000000000013e98                PhyInitialised
 .comment       0x0000000000013e9c       0x12 ./libcsud.a(hcd.designware20.c.o)
 .ARM.attributes
                0x0000000000013e9c       0x32 ./libcsud.a(hcd.designware20.c.o)
 *fill*         0x0000000000013ece        0x2 
 COMMON         0x0000000000013ed0        0xc ./libcsud.a(hcd.designware20.c.o)
                0x0000000000013ed0                CorePhysical
                0x0000000000013ed4                HostPhysical
                0x0000000000013ed8                PowerPhysical
 .text          0x0000000000013edc      0x6f0 ./libcsud.a(hcd.designware20.roothub.c.o)
                0x0000000000013edc                HcdProcessRootHubMessage
 .bss           0x00000000000145cc        0x4 ./libcsud.a(hcd.designware20.roothub.c.o)
                0x00000000000145cc                RootHubDeviceNumber
 .comment       0x00000000000145d0       0x12 ./libcsud.a(hcd.designware20.roothub.c.o)
 .ARM.attributes
                0x00000000000145d0       0x32 ./libcsud.a(hcd.designware20.roothub.c.o)
 *fill*         0x0000000000014602        0x2 
 .text          0x0000000000014604      0x16c ./libcsud.a(platform.armv6.c.o)
                0x0000000000014604                __aeabi_uidivmod
                0x0000000000014738                __aeabi_uidiv
 .bss           0x0000000000014770        0x0 ./libcsud.a(platform.armv6.c.o)
 .comment       0x0000000000014770       0x12 ./libcsud.a(platform.armv6.c.o)
 .ARM.attributes
                0x0000000000014770       0x32 ./libcsud.a(platform.armv6.c.o)
 *fill*         0x00000000000147a2        0x2 
 .text          0x00000000000147a4      0x11c ./libcsud.a(platform.broadcom2835.c.o)
                0x00000000000147a4                MicroDelay
                0x0000000000014814                PowerOnUsb
 .bss           0x00000000000148c0        0x0 ./libcsud.a(platform.broadcom2835.c.o)
 .comment       0x00000000000148c0       0x12 ./libcsud.a(platform.broadcom2835.c.o)
 .ARM.attributes
                0x00000000000148c0       0x32 ./libcsud.a(platform.broadcom2835.c.o)
 *(.bss)
 .bss           0x00000000000148f2        0x0 build/mailbox.o
 .bss           0x00000000000148f2        0x0 build/framebuffer.o
 .bss           0x00000000000148f2        0x0 build/text.o
 .bss           0x00000000000148f2        0x0 build/systemTimer.o
 .bss           0x00000000000148f2        0x0 build/drawing.o
 .bss           0x00000000000148f2        0x0 build/maths.o
 .bss           0x00000000000148f2        0x0 build/gpio.o
 .bss           0x00000000000148f2       0x64 build/main.o
 .bss           0x0000000000014956        0x0 build/keyboard.o
 .bss           0x0000000000014956        0x0 build/random.o
 .bss           0x0000000000014956        0x0 build/tags.o

.text           0x0000000000014958      0x82c
 *.c.o(.text)
 *(.text)
 .text          0x0000000000014958       0x60 build/mailbox.o
                0x0000000000014958                MailboxWrite
                0x0000000000014984                MailboxRead
 .text          0x00000000000149b8       0x60 build/framebuffer.o
                0x00000000000149b8                InitialiseFrameBuffer
 .text          0x0000000000014a18      0x244 build/text.o
                0x0000000000014a18                DrawStringz
                0x0000000000014a44                CharCount
                0x0000000000014a60                SignedString
                0x0000000000014aa0                UnsignedString
                0x0000000000014af4                ReverseString
                0x0000000000014b20                FormatString
 .text          0x0000000000014c5c       0x24 build/systemTimer.o
                0x0000000000014c5c                timerWait
 .text          0x0000000000014c80      0x1f0 build/drawing.o
                0x0000000000014c80                SetForeColour
                0x0000000000014c94                SetGraphicsAddress
                0x0000000000014ca0                DrawPixel
                0x0000000000014cdc                DrawLine
                0x0000000000014d58                DrawByte
                0x0000000000014da0                DrawCharacter
                0x0000000000014df4                DrawString
 .text          0x0000000000014e70       0x48 build/maths.o
                0x0000000000014e70                DivideU32
 .text          0x0000000000014eb8       0xa4 build/gpio.o
                0x0000000000014eb8                SetGpioFunction
                0x0000000000014f08                SetGpio
 .text          0x0000000000014f5c       0x7c build/main.o
                0x0000000000014f5c                main
 .text          0x0000000000014fd8      0x138 build/keyboard.o
                0x0000000000014fd8                KeyboardUpdate
                0x000000000001505c                KeyWasDown
                0x0000000000015088                KeyboardGetChar
 .text          0x0000000000015110       0x18 build/random.o
                0x0000000000015110                Random
 .text          0x0000000000015128       0x5c build/tags.o
                0x0000000000015128                FindTag

/DISCARD/
 *(*)
OUTPUT(build/output.elf elf32-littlearm)
