Archive member included to satisfy reference by file (symbol)

libuspi.a(uspilibrary.o)      build/kernel.o (USPiInitialize)
libuspi.a(dwhcidevice.o)      libuspi.a(uspilibrary.o) (DWHCIDevice)
libuspi.a(dwhciregister.o)    libuspi.a(dwhcidevice.o) (DWHCIRegister)
libuspi.a(dwhcixferstagedata.o)
                              libuspi.a(dwhcidevice.o) (_DWHCITransferStageData)
libuspi.a(usbdevice.o)        libuspi.a(dwhcixferstagedata.o) (USBDeviceGetAddress)
libuspi.a(usbendpoint.o)      libuspi.a(usbdevice.o) (USBEndpoint)
libuspi.a(usbrequest.o)       libuspi.a(dwhcidevice.o) (USBRequest)
libuspi.a(devicenameservice.o)
                              libuspi.a(uspilibrary.o) (DeviceNameService)
libuspi.a(macaddress.o)       libuspi.a(uspilibrary.o) (MACAddressCopyTo)
libuspi.a(smsc951x.o)         libuspi.a(uspilibrary.o) (SMSC951xDeviceGetMACAddress)
libuspi.a(string.o)           libuspi.a(uspilibrary.o) (String)
libuspi.a(util.o)             libuspi.a(macaddress.o) (uspi_memset)
libuspi.a(usbmassdevice.o)    libuspi.a(uspilibrary.o) (USBBulkOnlyMassStorageDeviceSeek)
libuspi.a(dwhciframeschednper.o)
                              libuspi.a(dwhcixferstagedata.o) (DWHCIFrameSchedulerNonPeriodic)
libuspi.a(dwhciframeschedper.o)
                              libuspi.a(dwhcixferstagedata.o) (DWHCIFrameSchedulerPeriodic)
libuspi.a(usbkeyboard.o)      libuspi.a(uspilibrary.o) (USBKeyboardDeviceRegisterKeyPressedHandler)
libuspi.a(dwhcirootport.o)    libuspi.a(dwhcidevice.o) (DWHCIRootPort)
libuspi.a(usbmouse.o)         libuspi.a(uspilibrary.o) (USBMouseDeviceRegisterStatusHandler)
libuspi.a(dwhciframeschednsplit.o)
                              libuspi.a(dwhcixferstagedata.o) (DWHCIFrameSchedulerNoSplit)
libuspi.a(usbgamepad.o)       libuspi.a(uspilibrary.o) (USBGamePadDeviceRegisterStatusHandler)
libuspi.a(synchronize.o)      libuspi.a(dwhcidevice.o) (uspi_EnterCritical)
libuspi.a(usbstring.o)        libuspi.a(usbdevice.o) (USBString)
libuspi.a(usbmidi.o)          libuspi.a(uspilibrary.o) (USBMIDIDeviceRegisterPacketHandler)
libuspi.a(usbconfigparser.o)  libuspi.a(usbdevice.o) (USBConfigurationParser)
libuspi.a(usbdevicefactory.o)
                              libuspi.a(dwhcirootport.o) (USBDeviceFactoryGetDevice)
libuspi.a(usbstandardhub.o)   libuspi.a(usbdevicefactory.o) (USBStandardHub)
libuspi.a(keymap.o)           libuspi.a(usbkeyboard.o) (KeyMap)
libuspienv.a(alloc.o)         libuspi.a(uspilibrary.o) (malloc)
libuspienv.a(assert.o)        libuspienv.a(alloc.o) (assertion_failed)
libuspienv.a(debug.o)         libuspienv.a(assert.o) (debug_stacktrace)
libuspienv.a(libstub.o)       build/print.o (__aeabi_uidiv)
libuspienv.a(logger.o)        libuspienv.a(assert.o) (LoggerGet)
libuspienv.a(screen.o)        libuspienv.a(logger.o) (ScreenDeviceWrite)
libuspienv.a(synchronize.o)   libuspienv.a(alloc.o) (EnterCritical)
libuspienv.a(timer.o)         libuspienv.a(logger.o) (TimerGetTimeString)
libuspienv.a(uspibind.o)      libuspi.a(dwhcidevice.o) (MsDelay)
libuspienv.a(uspienv.o)       build/kernel.o (USPiEnvInitialize)
libuspienv.a(util.o)          libuspienv.a(screen.o) (memset)
libuspienv.a(util_fast.o)     libuspienv.a(screen.o) (memcpyblk)
libuspienv.a(memory.o)        libuspienv.a(uspienv.o) (MemorySystem)
libuspienv.a(pagetable.o)     libuspienv.a(memory.o) (PageTable)
libuspienv.a(exceptionhandler.o)
                              libuspienv.a(uspienv.o) (ExceptionHandler2)
libuspienv.a(bcmframebuffer.o)
                              libuspienv.a(screen.o) (BcmFrameBuffer)
libuspienv.a(bcmpropertytags.o)
                              libuspienv.a(uspibind.o) (BcmPropertyTags)
libuspienv.a(chargenerator.o)
                              libuspienv.a(screen.o) (CharGenerator)
libuspienv.a(delayloop.o)     libuspienv.a(timer.o) (DelayLoop)
libuspienv.a(exceptionstub.o)
                              libuspienv.a(exceptionhandler.o) (UndefinedInstructionStub)
libuspienv.a(interrupt.o)     libuspienv.a(uspienv.o) (InterruptSystem)
libuspienv.a(libhelper.o)     libuspienv.a(libstub.o) (Divide)
libuspienv.a(memio.o)         libuspienv.a(timer.o) (read32)
libuspienv.a(bcmmailbox.o)    libuspienv.a(bcmframebuffer.o) (BcmMailBox)

Allocating common symbols
Common symbol       size              file

terminalScreen      0x1800            build/terminal.o
position            0x328             build/snake.o
lastPressed         0x3e8             build/keyboard.o
terminalBuffer      0x4000            build/terminal.o

Discarded input sections

 .comment       0x0000000000000000       0x6f build/print.o
 .ARM.attributes
                0x0000000000000000       0x34 build/print.o
 .comment       0x0000000000000000       0x6f build/terminal.o
 .ARM.attributes
                0x0000000000000000       0x34 build/terminal.o
 .comment       0x0000000000000000       0x6f build/keyboard.o
 .ARM.attributes
                0x0000000000000000       0x34 build/keyboard.o
 .comment       0x0000000000000000       0x6f build/graphics.o
 .ARM.attributes
                0x0000000000000000       0x34 build/graphics.o
 .comment       0x0000000000000000       0x6f build/snake.o
 .ARM.attributes
                0x0000000000000000       0x34 build/snake.o
 .comment       0x0000000000000000       0x6f build/kernel.o
 .ARM.attributes
                0x0000000000000000       0x34 build/kernel.o
 .comment       0x0000000000000000       0x6f build/startup.o
 .ARM.attributes
                0x0000000000000000       0x34 build/startup.o
 .ARM.attributes
                0x0000000000000000       0x14 build/mailbox.o
 .ARM.attributes
                0x0000000000000000       0x14 build/framebuffer.o
 .ARM.attributes
                0x0000000000000000       0x14 build/text.o
 .ARM.attributes
                0x0000000000000000       0x14 build/systemTimer.o
 .ARM.attributes
                0x0000000000000000       0x14 build/drawing.o
 .ARM.attributes
                0x0000000000000000       0x14 build/gpio.o
 .ARM.attributes
                0x0000000000000000       0x14 build/main.o
 .ARM.attributes
                0x0000000000000000       0x14 build/random.o
 .ARM.attributes
                0x0000000000000000       0x14 build/maths.o
 .comment       0x0000000000000000       0x12 libuspi.a(uspilibrary.o)
 .ARM.attributes
                0x0000000000000000       0x30 libuspi.a(uspilibrary.o)
 .comment       0x0000000000000000       0x12 libuspi.a(dwhcidevice.o)
 .ARM.attributes
                0x0000000000000000       0x30 libuspi.a(dwhcidevice.o)
 .comment       0x0000000000000000       0x12 libuspi.a(dwhciregister.o)
 .ARM.attributes
                0x0000000000000000       0x30 libuspi.a(dwhciregister.o)
 .comment       0x0000000000000000       0x12 libuspi.a(dwhcixferstagedata.o)
 .ARM.attributes
                0x0000000000000000       0x30 libuspi.a(dwhcixferstagedata.o)
 .comment       0x0000000000000000       0x12 libuspi.a(usbdevice.o)
 .ARM.attributes
                0x0000000000000000       0x30 libuspi.a(usbdevice.o)
 .comment       0x0000000000000000       0x12 libuspi.a(usbendpoint.o)
 .ARM.attributes
                0x0000000000000000       0x30 libuspi.a(usbendpoint.o)
 .comment       0x0000000000000000       0x12 libuspi.a(usbrequest.o)
 .ARM.attributes
                0x0000000000000000       0x30 libuspi.a(usbrequest.o)
 .comment       0x0000000000000000       0x12 libuspi.a(devicenameservice.o)
 .ARM.attributes
                0x0000000000000000       0x30 libuspi.a(devicenameservice.o)
 .comment       0x0000000000000000       0x12 libuspi.a(macaddress.o)
 .ARM.attributes
                0x0000000000000000       0x30 libuspi.a(macaddress.o)
 .comment       0x0000000000000000       0x12 libuspi.a(smsc951x.o)
 .ARM.attributes
                0x0000000000000000       0x30 libuspi.a(smsc951x.o)
 .comment       0x0000000000000000       0x12 libuspi.a(string.o)
 .ARM.attributes
                0x0000000000000000       0x30 libuspi.a(string.o)
 .comment       0x0000000000000000       0x12 libuspi.a(util.o)
 .ARM.attributes
                0x0000000000000000       0x30 libuspi.a(util.o)
 .comment       0x0000000000000000       0x12 libuspi.a(usbmassdevice.o)
 .ARM.attributes
                0x0000000000000000       0x30 libuspi.a(usbmassdevice.o)
 .comment       0x0000000000000000       0x12 libuspi.a(dwhciframeschednper.o)
 .ARM.attributes
                0x0000000000000000       0x30 libuspi.a(dwhciframeschednper.o)
 .comment       0x0000000000000000       0x12 libuspi.a(dwhciframeschedper.o)
 .ARM.attributes
                0x0000000000000000       0x30 libuspi.a(dwhciframeschedper.o)
 .comment       0x0000000000000000       0x12 libuspi.a(usbkeyboard.o)
 .ARM.attributes
                0x0000000000000000       0x30 libuspi.a(usbkeyboard.o)
 .comment       0x0000000000000000       0x12 libuspi.a(dwhcirootport.o)
 .ARM.attributes
                0x0000000000000000       0x30 libuspi.a(dwhcirootport.o)
 .comment       0x0000000000000000       0x12 libuspi.a(usbmouse.o)
 .ARM.attributes
                0x0000000000000000       0x30 libuspi.a(usbmouse.o)
 .comment       0x0000000000000000       0x12 libuspi.a(dwhciframeschednsplit.o)
 .ARM.attributes
                0x0000000000000000       0x30 libuspi.a(dwhciframeschednsplit.o)
 .comment       0x0000000000000000       0x12 libuspi.a(usbgamepad.o)
 .ARM.attributes
                0x0000000000000000       0x30 libuspi.a(usbgamepad.o)
 .comment       0x0000000000000000       0x12 libuspi.a(synchronize.o)
 .ARM.attributes
                0x0000000000000000       0x30 libuspi.a(synchronize.o)
 .comment       0x0000000000000000       0x12 libuspi.a(usbstring.o)
 .ARM.attributes
                0x0000000000000000       0x30 libuspi.a(usbstring.o)
 .comment       0x0000000000000000       0x12 libuspi.a(usbmidi.o)
 .ARM.attributes
                0x0000000000000000       0x30 libuspi.a(usbmidi.o)
 .comment       0x0000000000000000       0x12 libuspi.a(usbconfigparser.o)
 .ARM.attributes
                0x0000000000000000       0x30 libuspi.a(usbconfigparser.o)
 .comment       0x0000000000000000       0x12 libuspi.a(usbdevicefactory.o)
 .ARM.attributes
                0x0000000000000000       0x30 libuspi.a(usbdevicefactory.o)
 .comment       0x0000000000000000       0x12 libuspi.a(usbstandardhub.o)
 .ARM.attributes
                0x0000000000000000       0x30 libuspi.a(usbstandardhub.o)
 .comment       0x0000000000000000       0x12 libuspi.a(keymap.o)
 .ARM.attributes
                0x0000000000000000       0x30 libuspi.a(keymap.o)
 .comment       0x0000000000000000       0x12 libuspienv.a(alloc.o)
 .ARM.attributes
                0x0000000000000000       0x30 libuspienv.a(alloc.o)
 .comment       0x0000000000000000       0x12 libuspienv.a(assert.o)
 .ARM.attributes
                0x0000000000000000       0x30 libuspienv.a(assert.o)
 .comment       0x0000000000000000       0x12 libuspienv.a(debug.o)
 .ARM.attributes
                0x0000000000000000       0x30 libuspienv.a(debug.o)
 .ARM.attributes
                0x0000000000000000       0x1a libuspienv.a(libstub.o)
 .comment       0x0000000000000000       0x12 libuspienv.a(logger.o)
 .ARM.attributes
                0x0000000000000000       0x30 libuspienv.a(logger.o)
 .comment       0x0000000000000000       0x12 libuspienv.a(screen.o)
 .ARM.attributes
                0x0000000000000000       0x30 libuspienv.a(screen.o)
 .comment       0x0000000000000000       0x12 libuspienv.a(synchronize.o)
 .ARM.attributes
                0x0000000000000000       0x30 libuspienv.a(synchronize.o)
 .comment       0x0000000000000000       0x12 libuspienv.a(timer.o)
 .ARM.attributes
                0x0000000000000000       0x30 libuspienv.a(timer.o)
 .comment       0x0000000000000000       0x12 libuspienv.a(uspibind.o)
 .ARM.attributes
                0x0000000000000000       0x30 libuspienv.a(uspibind.o)
 .comment       0x0000000000000000       0x12 libuspienv.a(uspienv.o)
 .ARM.attributes
                0x0000000000000000       0x30 libuspienv.a(uspienv.o)
 .comment       0x0000000000000000       0x12 libuspienv.a(util.o)
 .ARM.attributes
                0x0000000000000000       0x30 libuspienv.a(util.o)
 .ARM.attributes
                0x0000000000000000       0x1a libuspienv.a(util_fast.o)
 .comment       0x0000000000000000       0x12 libuspienv.a(memory.o)
 .ARM.attributes
                0x0000000000000000       0x30 libuspienv.a(memory.o)
 .comment       0x0000000000000000       0x12 libuspienv.a(pagetable.o)
 .ARM.attributes
                0x0000000000000000       0x30 libuspienv.a(pagetable.o)
 .comment       0x0000000000000000       0x12 libuspienv.a(exceptionhandler.o)
 .ARM.attributes
                0x0000000000000000       0x30 libuspienv.a(exceptionhandler.o)
 .comment       0x0000000000000000       0x12 libuspienv.a(bcmframebuffer.o)
 .ARM.attributes
                0x0000000000000000       0x30 libuspienv.a(bcmframebuffer.o)
 .comment       0x0000000000000000       0x12 libuspienv.a(bcmpropertytags.o)
 .ARM.attributes
                0x0000000000000000       0x30 libuspienv.a(bcmpropertytags.o)
 .comment       0x0000000000000000       0x12 libuspienv.a(chargenerator.o)
 .ARM.attributes
                0x0000000000000000       0x30 libuspienv.a(chargenerator.o)
 .ARM.attributes
                0x0000000000000000       0x1a libuspienv.a(delayloop.o)
 .ARM.attributes
                0x0000000000000000       0x1a libuspienv.a(exceptionstub.o)
 .comment       0x0000000000000000       0x12 libuspienv.a(interrupt.o)
 .ARM.attributes
                0x0000000000000000       0x30 libuspienv.a(interrupt.o)
 .comment       0x0000000000000000       0x12 libuspienv.a(libhelper.o)
 .ARM.attributes
                0x0000000000000000       0x30 libuspienv.a(libhelper.o)
 .comment       0x0000000000000000       0x12 libuspienv.a(memio.o)
 .ARM.attributes
                0x0000000000000000       0x30 libuspienv.a(memio.o)
 .comment       0x0000000000000000       0x12 libuspienv.a(bcmmailbox.o)
 .ARM.attributes
                0x0000000000000000       0x30 libuspienv.a(bcmmailbox.o)

Memory Configuration

Name             Origin             Length             Attributes
*default*        0x0000000000000000 0xffffffffffffffff

Linker script and memory map

LOAD build/print.o
LOAD build/terminal.o
LOAD build/keyboard.o
LOAD build/graphics.o
LOAD build/snake.o
LOAD build/kernel.o
LOAD build/startup.o
LOAD build/mailbox.o
LOAD build/framebuffer.o
LOAD build/text.o
LOAD build/systemTimer.o
LOAD build/drawing.o
LOAD build/gpio.o
LOAD build/main.o
LOAD build/random.o
LOAD build/maths.o
LOAD libuspi.a
LOAD libuspienv.a

.init           0x0000000000008000        0x8
 *(.init)
 .init          0x0000000000008000        0x8 build/main.o
                0x0000000000008000                _start

.data           0x0000000000008010      0xd48
 *(.data)
 .data          0x0000000000008010       0x25 build/print.o
 .data          0x0000000000008035        0x0 build/terminal.o
 .data          0x0000000000008035        0x0 build/keyboard.o
 .data          0x0000000000008035        0x0 build/graphics.o
 .data          0x0000000000008035        0x0 build/snake.o
 .data          0x0000000000008035        0x0 build/kernel.o
 .data          0x0000000000008035        0x0 build/startup.o
 .data          0x0000000000008035        0x0 build/mailbox.o
 *fill*         0x0000000000008035        0xb 
 .data          0x0000000000008040       0x28 build/framebuffer.o
                0x0000000000008040                FrameBufferInfo
 .data          0x0000000000008068        0x0 build/text.o
 .data          0x0000000000008068        0x0 build/systemTimer.o
 *fill*         0x0000000000008068        0x8 
 .data          0x0000000000008070      0x810 build/drawing.o
 .data          0x0000000000008880        0x0 build/gpio.o
 .data          0x0000000000008880        0x0 build/main.o
 .data          0x0000000000008880        0x0 build/random.o
 .data          0x0000000000008880        0x0 build/maths.o
 .data          0x0000000000008880        0x0 libuspi.a(uspilibrary.o)
 .data          0x0000000000008880        0x0 libuspi.a(dwhcidevice.o)
 .data          0x0000000000008880        0x0 libuspi.a(dwhciregister.o)
 .data          0x0000000000008880        0x0 libuspi.a(dwhcixferstagedata.o)
 .data          0x0000000000008880        0x1 libuspi.a(usbdevice.o)
 .data          0x0000000000008881        0x0 libuspi.a(usbendpoint.o)
 .data          0x0000000000008881        0x0 libuspi.a(usbrequest.o)
 .data          0x0000000000008881        0x0 libuspi.a(devicenameservice.o)
 .data          0x0000000000008881        0x0 libuspi.a(macaddress.o)
 .data          0x0000000000008881        0x0 libuspi.a(smsc951x.o)
 .data          0x0000000000008881        0x0 libuspi.a(string.o)
 .data          0x0000000000008881        0x0 libuspi.a(util.o)
 *fill*         0x0000000000008881        0x3 
 .data          0x0000000000008884        0x4 libuspi.a(usbmassdevice.o)
 .data          0x0000000000008888        0x0 libuspi.a(dwhciframeschednper.o)
 .data          0x0000000000008888        0x0 libuspi.a(dwhciframeschedper.o)
 .data          0x0000000000008888        0x4 libuspi.a(usbkeyboard.o)
 .data          0x000000000000888c        0x0 libuspi.a(dwhcirootport.o)
 .data          0x000000000000888c        0x4 libuspi.a(usbmouse.o)
 .data          0x0000000000008890        0x0 libuspi.a(dwhciframeschednsplit.o)
 .data          0x0000000000008890       0x34 libuspi.a(usbgamepad.o)
 .data          0x00000000000088c4        0x0 libuspi.a(synchronize.o)
 .data          0x00000000000088c4        0x0 libuspi.a(usbstring.o)
 .data          0x00000000000088c4        0x4 libuspi.a(usbmidi.o)
 .data          0x00000000000088c8        0x0 libuspi.a(usbconfigparser.o)
 .data          0x00000000000088c8        0x0 libuspi.a(usbdevicefactory.o)
 .data          0x00000000000088c8        0x0 libuspi.a(usbstandardhub.o)
 .data          0x00000000000088c8        0x0 libuspi.a(keymap.o)
 .data          0x00000000000088c8       0x38 libuspienv.a(alloc.o)
 .data          0x0000000000008900        0x0 libuspienv.a(assert.o)
 .data          0x0000000000008900        0x0 libuspienv.a(debug.o)
 .data          0x0000000000008900        0x0 libuspienv.a(libstub.o)
 .data          0x0000000000008900        0x0 libuspienv.a(logger.o)
 .data          0x0000000000008900        0x0 libuspienv.a(screen.o)
 .data          0x0000000000008900        0x0 libuspienv.a(synchronize.o)
 .data          0x0000000000008900        0x0 libuspienv.a(timer.o)
 .data          0x0000000000008900        0x0 libuspienv.a(uspibind.o)
 .data          0x0000000000008900        0x0 libuspienv.a(uspienv.o)
 .data          0x0000000000008900        0x0 libuspienv.a(util.o)
 .data          0x0000000000008900        0x0 libuspienv.a(util_fast.o)
 .data          0x0000000000008900        0x0 libuspienv.a(memory.o)
 .data          0x0000000000008900        0x0 libuspienv.a(pagetable.o)
 .data          0x0000000000008900        0x0 libuspienv.a(exceptionhandler.o)
 .data          0x0000000000008900        0x0 libuspienv.a(bcmframebuffer.o)
 .data          0x0000000000008900        0x0 libuspienv.a(bcmpropertytags.o)
 .data          0x0000000000008900        0x0 libuspienv.a(chargenerator.o)
 .data          0x0000000000008900        0x0 libuspienv.a(delayloop.o)
 .data          0x0000000000008900        0x0 libuspienv.a(exceptionstub.o)
 .data          0x0000000000008900        0x0 libuspienv.a(interrupt.o)
 .data          0x0000000000008900        0x0 libuspienv.a(libhelper.o)
 .data          0x0000000000008900        0x0 libuspienv.a(memio.o)
 .data          0x0000000000008900        0x0 libuspienv.a(bcmmailbox.o)
 *.c.o(*)
 *(.bss)
 .bss           0x0000000000008900        0x8 build/print.o
 .bss           0x0000000000008908        0xc build/terminal.o
                0x0000000000008908                terminalStart
                0x000000000000890c                terminalStop
                0x0000000000008910                terminalView
 .bss           0x0000000000008914        0xc build/keyboard.o
                0x0000000000008914                counter
                0x0000000000008918                new_input
 .bss           0x0000000000008920        0x0 build/graphics.o
 .bss           0x0000000000008920        0x0 build/snake.o
 .bss           0x0000000000008920        0x0 build/kernel.o
 .bss           0x0000000000008920        0x0 build/startup.o
 .bss           0x0000000000008920        0x0 build/mailbox.o
 .bss           0x0000000000008920        0x0 build/framebuffer.o
 .bss           0x0000000000008920        0x0 build/text.o
 .bss           0x0000000000008920        0x0 build/systemTimer.o
 .bss           0x0000000000008920        0x0 build/drawing.o
 .bss           0x0000000000008920        0x0 build/gpio.o
 .bss           0x0000000000008920        0x0 build/main.o
 .bss           0x0000000000008920        0x0 build/random.o
 .bss           0x0000000000008920        0x0 build/maths.o
 .bss           0x0000000000008920        0x4 libuspi.a(uspilibrary.o)
 .bss           0x0000000000008924        0x0 libuspi.a(dwhcidevice.o)
 .bss           0x0000000000008924        0x0 libuspi.a(dwhciregister.o)
 .bss           0x0000000000008924        0x0 libuspi.a(dwhcixferstagedata.o)
 .bss           0x0000000000008924        0x0 libuspi.a(usbdevice.o)
 .bss           0x0000000000008924        0x0 libuspi.a(usbendpoint.o)
 .bss           0x0000000000008924        0x0 libuspi.a(usbrequest.o)
 .bss           0x0000000000008924        0x4 libuspi.a(devicenameservice.o)
 .bss           0x0000000000008928        0x0 libuspi.a(macaddress.o)
 .bss           0x0000000000008928        0x4 libuspi.a(smsc951x.o)
 .bss           0x000000000000892c        0x0 libuspi.a(string.o)
 .bss           0x000000000000892c        0x0 libuspi.a(util.o)
 .bss           0x000000000000892c        0x0 libuspi.a(usbmassdevice.o)
 .bss           0x000000000000892c        0x0 libuspi.a(dwhciframeschednper.o)
 .bss           0x000000000000892c        0x0 libuspi.a(dwhciframeschedper.o)
 .bss           0x000000000000892c        0x0 libuspi.a(usbkeyboard.o)
 .bss           0x000000000000892c        0x0 libuspi.a(dwhcirootport.o)
 .bss           0x000000000000892c        0x0 libuspi.a(usbmouse.o)
 .bss           0x000000000000892c        0x0 libuspi.a(dwhciframeschednsplit.o)
 .bss           0x000000000000892c        0x0 libuspi.a(usbgamepad.o)
 .bss           0x000000000000892c        0x8 libuspi.a(synchronize.o)
 .bss           0x0000000000008934        0x0 libuspi.a(usbstring.o)
 .bss           0x0000000000008934        0x0 libuspi.a(usbmidi.o)
 .bss           0x0000000000008934        0x0 libuspi.a(usbconfigparser.o)
 .bss           0x0000000000008934        0x0 libuspi.a(usbdevicefactory.o)
 .bss           0x0000000000008934        0x0 libuspi.a(usbstandardhub.o)
 .bss           0x0000000000008934        0x0 libuspi.a(keymap.o)
 .bss           0x0000000000008934       0x14 libuspienv.a(alloc.o)
 .bss           0x0000000000008948        0x0 libuspienv.a(assert.o)
 .bss           0x0000000000008948        0x0 libuspienv.a(debug.o)
 .bss           0x0000000000008948        0x0 libuspienv.a(libstub.o)
 .bss           0x0000000000008948        0x4 libuspienv.a(logger.o)
 .bss           0x000000000000894c        0x0 libuspienv.a(screen.o)
 .bss           0x000000000000894c        0x8 libuspienv.a(synchronize.o)
 .bss           0x0000000000008954        0x4 libuspienv.a(timer.o)
 .bss           0x0000000000008958        0x0 libuspienv.a(uspibind.o)
 .bss           0x0000000000008958      0x3f8 libuspienv.a(uspienv.o)
 .bss           0x0000000000008d50        0x0 libuspienv.a(util.o)
 .bss           0x0000000000008d50        0x0 libuspienv.a(util_fast.o)
 .bss           0x0000000000008d50        0x0 libuspienv.a(memory.o)
 .bss           0x0000000000008d50        0x0 libuspienv.a(pagetable.o)
 .bss           0x0000000000008d50        0x4 libuspienv.a(exceptionhandler.o)
 .bss           0x0000000000008d54        0x0 libuspienv.a(bcmframebuffer.o)
 .bss           0x0000000000008d54        0x0 libuspienv.a(bcmpropertytags.o)
 .bss           0x0000000000008d54        0x0 libuspienv.a(chargenerator.o)
 .bss           0x0000000000008d54        0x0 libuspienv.a(delayloop.o)
 .bss           0x0000000000008d54        0x0 libuspienv.a(exceptionstub.o)
 .bss           0x0000000000008d54        0x4 libuspienv.a(interrupt.o)
 .bss           0x0000000000008d58        0x0 libuspienv.a(libhelper.o)
 .bss           0x0000000000008d58        0x0 libuspienv.a(memio.o)
 .bss           0x0000000000008d58        0x0 libuspienv.a(bcmmailbox.o)

.text           0x0000000000008d58    0x12834
 *.c.o(.text)
 *(.text)
 .text          0x0000000000008d58      0x384 build/print.o
                0x0000000000008d58                PrintCharacter
                0x0000000000008e1c                PrintUnsigned
                0x0000000000008e98                PrintNumber
                0x0000000000008eec                PrintFormat
 .text          0x00000000000090dc      0x194 build/terminal.o
                0x00000000000090dc                TerminalDisplay
 .text          0x0000000000009270      0x10c build/keyboard.o
                0x0000000000009270                KeyboardHandler
 .text          0x000000000000937c       0xd4 build/graphics.o
                0x000000000000937c                DrawPixelColor
                0x00000000000093dc                ClearScreen
 .text          0x0000000000009450      0x438 build/snake.o
                0x0000000000009450                snake
 .text          0x0000000000009888      0x138 build/kernel.o
                0x0000000000009888                kernel_main
 .text          0x00000000000099c0       0x38 build/startup.o
                0x00000000000099c0                _cstartup
 .text          0x00000000000099f8       0x60 build/mailbox.o
                0x00000000000099f8                MailboxWrite
                0x0000000000009a24                MailboxRead
 .text          0x0000000000009a58       0x60 build/framebuffer.o
                0x0000000000009a58                InitialiseFrameBuffer
 .text          0x0000000000009ab8      0x24c build/text.o
                0x0000000000009ab8                DrawStringz
                0x0000000000009aec                CharCount
                0x0000000000009b08                SignedString
                0x0000000000009b48                UnsignedString
                0x0000000000009b9c                ReverseString
                0x0000000000009bc8                FormatString
 .text          0x0000000000009d04       0x2c build/systemTimer.o
                0x0000000000009d04                timerWait
 .text          0x0000000000009d30      0x1f0 build/drawing.o
                0x0000000000009d30                SetForeColour
                0x0000000000009d44                SetGraphicsAddress
                0x0000000000009d50                DrawPixel
                0x0000000000009d8c                DrawLine
                0x0000000000009e08                DrawByte
                0x0000000000009e50                DrawCharacter
                0x0000000000009ea4                DrawString
 .text          0x0000000000009f20       0xa4 build/gpio.o
                0x0000000000009f20                SetGpioFunction
                0x0000000000009f70                SetGpio
 .text          0x0000000000009fc4        0x0 build/main.o
 .text          0x0000000000009fc4       0x18 build/random.o
                0x0000000000009fc4                Random
 .text          0x0000000000009fdc       0x48 build/maths.o
                0x0000000000009fdc                DivideU32
 .text          0x000000000000a024      0xd10 libuspi.a(uspilibrary.o)
                0x000000000000a024                USPiInitialize
                0x000000000000a278                USPiKeyboardAvailable
                0x000000000000a2c0                USPiKeyboardRegisterKeyPressedHandler
                0x000000000000a334                USPiKeyboardRegisterShutdownHandler
                0x000000000000a3a8                USPiKeyboardRegisterKeyStatusHandlerRaw
                0x000000000000a41c                USPiMouseAvailable
                0x000000000000a464                USPiMouseRegisterStatusHandler
                0x000000000000a4d8                USPiMassStorageDeviceAvailable
                0x000000000000a560                USPiMassStorageDeviceRead
                0x000000000000a614                USPiMassStorageDeviceWrite
                0x000000000000a6c8                USPiMassStorageDeviceGetCapacity
                0x000000000000a734                USPiEthernetAvailable
                0x000000000000a77c                USPiGetMACAddress
                0x000000000000a818                USPiSendFrame
                0x000000000000a89c                USPiReceiveFrame
                0x000000000000a920                USPiGamePadAvailable
                0x000000000000a9a8                USPiGamePadRegisterStatusHandler
                0x000000000000aa10                USPiGamePadGetStatus
                0x000000000000aa94                USPiMIDIAvailable
                0x000000000000aae0                USPiMIDIRegisterPacketHandler
                0x000000000000ab58                USPiDeviceGetInformation
 .text          0x000000000000ad34     0x2860 libuspi.a(dwhcidevice.o)
                0x000000000000ad34                DWHCIDeviceCompletionRoutine
                0x000000000000ad68                DWHCIDevice
                0x000000000000adc4                _DWHCIDevice
                0x000000000000add4                DWHCIDeviceEnableGlobalInterrupts
                0x000000000000ae3c                DWHCIDeviceEnableCommonInterrupts
                0x000000000000ae98                DWHCIDeviceEnableHostInterrupts
                0x000000000000af14                DWHCIDeviceEnableChannelInterrupt
                0x000000000000af8c                DWHCIDeviceDisableChannelInterrupt
                0x000000000000b004                DWHCIDeviceStartChannel
                0x000000000000b3e4                DWHCIDeviceStartTransaction
                0x000000000000b510                DWHCIDeviceTimerHandler
                0x000000000000b62c                DWHCIDeviceAllocateChannel
                0x000000000000b6c8                DWHCIDeviceFreeChannel
                0x000000000000b75c                DWHCIDeviceTransferStageAsync
                0x000000000000b910                DWHCIDeviceSubmitAsyncRequest
                0x000000000000ba00                DWHCIDeviceTransferStage
                0x000000000000bad4                DWHCIDeviceSubmitBlockingRequest
                0x000000000000bd34                DWHCIDeviceControlMessage
                0x000000000000be20                DWHCIDeviceGetDescriptor
                0x000000000000be90                DWHCIDeviceSetAddress
                0x000000000000bf08                DWHCIDeviceSetConfiguration
                0x000000000000bf80                DWHCIDeviceTransfer
                0x000000000000c010                DWHCIDeviceChannelInterruptHandler
                0x000000000000c5f8                DWHCIDeviceInterruptHandler
                0x000000000000c710                DWHCIDeviceWaitForBit
                0x000000000000c7f8                DWHCIDeviceEnableRootPort
                0x000000000000c8e4                DWHCIDeviceReset
                0x000000000000c9b8                DWHCIDeviceInitCore
                0x000000000000cc28                DWHCIDeviceFlushTxFIFO
                0x000000000000ccd4                DWHCIDeviceFlushRxFIFO
                0x000000000000cd64                DWHCIDeviceInitHost
                0x000000000000cf84                DWHCIDeviceInitialize
                0x000000000000d198                DWHCIDeviceGetPortSpeed
                0x000000000000d21c                DWHCIDeviceOvercurrentDetected
                0x000000000000d28c                DWHCIDeviceDisableRootPort
                0x000000000000d2f4                DWHCIDeviceDumpRegister
                0x000000000000d374                DWHCIDeviceDumpStatus
 .text          0x000000000000d594      0x4b4 libuspi.a(dwhciregister.o)
                0x000000000000d594                DWHCIRegister
                0x000000000000d5cc                DWHCIRegister2
                0x000000000000d60c                _DWHCIRegister
                0x000000000000d63c                DWHCIRegisterRead
                0x000000000000d678                DWHCIRegisterWrite
                0x000000000000d6cc                DWHCIRegisterGet
                0x000000000000d718                DWHCIRegisterSet
                0x000000000000d750                DWHCIRegisterIsSet
                0x000000000000d7ac                DWHCIRegisterAnd
                0x000000000000d804                DWHCIRegisterOr
                0x000000000000d85c                DWHCIRegisterClearBit
                0x000000000000d8d4                DWHCIRegisterSetBit
                0x000000000000d94c                DWHCIRegisterClearAll
                0x000000000000d984                DWHCIRegisterSetAll
                0x000000000000d9bc                DWHCIRegisterDump
 .text          0x000000000000da48      0xd5c libuspi.a(dwhcixferstagedata.o)
                0x000000000000da48                _DWHCITransferStageData
                0x000000000000dac4                DWHCITransferStageDataTransactionComplete
                0x000000000000dc1c                DWHCITransferStageDataSetSplitComplete
                0x000000000000dc6c                DWHCITransferStageDataSetState
                0x000000000000dc9c                DWHCITransferStageDataGetState
                0x000000000000dcc8                DWHCITransferStageDataSetSubState
                0x000000000000dcf8                DWHCITransferStageDataGetSubState
                0x000000000000dd24                DWHCITransferStageDataBeginSplitCycle
                0x000000000000dd2c                DWHCITransferStageDataGetChannelNumber
                0x000000000000dd58                DWHCITransferStageDataIsPeriodic
                0x000000000000ddc4                DWHCITransferStageData
                0x000000000000e0d4                DWHCITransferStageDataGetDeviceAddress
                0x000000000000e128                DWHCITransferStageDataGetEndpointType
                0x000000000000e1cc                DWHCITransferStageDataGetEndpointNumber
                0x000000000000e220                DWHCITransferStageDataGetMaxPacketSize
                0x000000000000e250                DWHCITransferStageDataGetSpeed
                0x000000000000e27c                DWHCITransferStageDataGetPID
                0x000000000000e324                DWHCITransferStageDataIsDirectionIn
                0x000000000000e354                DWHCITransferStageDataIsStatusStage
                0x000000000000e384                DWHCITransferStageDataGetDMAAddress
                0x000000000000e3d4                DWHCITransferStageDataGetBytesToTransfer
                0x000000000000e404                DWHCITransferStageDataGetPacketsToTransfer
                0x000000000000e434                DWHCITransferStageDataIsSplit
                0x000000000000e464                DWHCITransferStageDataIsSplitComplete
                0x000000000000e4b8                DWHCITransferStageDataGetHubAddress
                0x000000000000e530                DWHCITransferStageDataGetHubPortAddress
                0x000000000000e5ac                DWHCITransferStageDataGetSplitPosition
                0x000000000000e5fc                DWHCITransferStageDataGetStatusMask
                0x000000000000e660                DWHCITransferStageDataGetTransactionStatus
                0x000000000000e6b0                DWHCITransferStageDataIsStageComplete
                0x000000000000e6e8                DWHCITransferStageDataGetResultLen
                0x000000000000e724                DWHCITransferStageDataGetURB
                0x000000000000e774                DWHCITransferStageDataGetFrameScheduler
 .text          0x000000000000e7a4      0xdd8 libuspi.a(usbdevice.o)
                0x000000000000e7a4                USBDeviceConfigure
                0x000000000000e86c                USBDevice
                0x000000000000e97c                USBDeviceCopy
                0x000000000000eb4c                _USBDevice
                0x000000000000ec00                USBDeviceGetName
                0x000000000000edc0                USBDeviceGetAddress
                0x000000000000edf0                USBDeviceGetSpeed
                0x000000000000ee20                USBDeviceGetHubAddress
                0x000000000000ee50                USBDeviceGetHubPortNumber
                0x000000000000ee80                USBDeviceGetEndpoint0
                0x000000000000eed4                USBDeviceGetHost
                0x000000000000ef24                USBDeviceGetDeviceDescriptor
                0x000000000000ef74                USBDeviceGetConfigurationDescriptor
                0x000000000000efc8                USBDeviceGetDescriptor
                0x000000000000f028                USBDeviceConfigurationError
                0x000000000000f084                USBDeviceSetAddress
                0x000000000000f0d8                USBDeviceInitialize
 .text          0x000000000000f57c      0x5f8 libuspi.a(usbendpoint.o)
                0x000000000000f57c                USBEndpoint
                0x000000000000f5ec                USBEndpoint2
                0x000000000000f798                USBEndpointCopy
                0x000000000000f834                _USBEndpoint
                0x000000000000f864                USBEndpointGetDevice
                0x000000000000f8b0                USBEndpointGetNumber
                0x000000000000f8dc                USBEndpointGetType
                0x000000000000f908                USBEndpointIsDirectionIn
                0x000000000000f934                USBEndpointSetMaxPacketSize
                0x000000000000f964                USBEndpointGetMaxPacketSize
                0x000000000000f990                USBEndpointGetInterval
                0x000000000000f9dc                USBEndpointGetNextPID
                0x000000000000fa44                USBEndpointSkipPID
                0x000000000000fb24                USBEndpointResetPID
 .text          0x000000000000fb74      0x3b4 libuspi.a(usbrequest.o)
                0x000000000000fb74                USBRequest
                0x000000000000fc1c                _USBRequest
                0x000000000000fc58                USBRequestGetEndpoint
                0x000000000000fca4                USBRequestSetStatus
                0x000000000000fcd4                USBRequestSetResultLen
                0x000000000000fd04                USBRequestGetStatus
                0x000000000000fd30                USBRequestGetResultLength
                0x000000000000fd7c                USBRequestGetSetupData
                0x000000000000fdec                USBRequestGetBuffer
                0x000000000000fe44                USBRequestGetBufLen
                0x000000000000fe70                USBRequestSetCompletionRoutine
                0x000000000000fecc                USBRequestCallCompletionRoutine
 .text          0x000000000000ff28      0x318 libuspi.a(devicenameservice.o)
                0x000000000000ff28                DeviceNameService
                0x000000000000ff88                _DeviceNameService
                0x0000000000010034                DeviceNameServiceAddDevice
                0x0000000000010114                DeviceNameServiceGetDevice
                0x00000000000101f8                DeviceNameServiceGet
 .text          0x0000000000010240      0x39c libuspi.a(macaddress.o)
                0x0000000000010240                MACAddress
                0x0000000000010270                _MACAddress
                0x00000000000102a0                MACAddressSet
                0x0000000000010300                MACAddress2
                0x0000000000010338                MACAddressSetBroadcast
                0x0000000000010378                MACAddressGet
                0x00000000000103c4                MACAddressIsEqual
                0x0000000000010430                MACAddressCopyTo
                0x00000000000104a8                MACAddressIsBroadcast
                0x000000000001052c                MACAddressGetSize
                0x0000000000010534                MACAddressFormat
 .text          0x00000000000105dc      0xb64 libuspi.a(smsc951x.o)
                0x00000000000105dc                SMSC951xDevice
                0x0000000000010658                _SMSC951xDevice
                0x00000000000106e0                SMSC951xDeviceGetMACAddress
                0x0000000000010710                SMSC951xDeviceSendFrame
                0x0000000000010804                SMSC951xDeviceReceiveFrame
                0x00000000000109d4                SMSC951xDeviceWriteReg
                0x0000000000010a60                SMSC951xDeviceConfigure
                0x0000000000010e68                SMSC951xDeviceReadReg
                0x0000000000010ef4                SMSC951xDeviceDumpReg
                0x0000000000010f84                SMSC951xDeviceDumpRegs
 .text          0x0000000000011140      0xa84 libuspi.a(string.o)
                0x0000000000011140                String
                0x0000000000011174                String2
                0x00000000000111c0                _String
                0x0000000000011200                StringGet
                0x000000000001123c                StringSet
                0x000000000001129c                StringGetLength
                0x00000000000112dc                StringAppend
                0x000000000001137c                StringCompare
                0x00000000000113b4                StringFind
                0x000000000001142c                StringReserveSpace
                0x00000000000114c0                StringPutChar
                0x0000000000011524                StringPutString
                0x0000000000011580                ntoa
                0x0000000000011640                StringFormatV
                0x0000000000011b74                StringFormat
 .text          0x0000000000011bc4      0x288 libuspi.a(util.o)
                0x0000000000011bc4                uspi_memset
                0x0000000000011be4                uspi_memcpy
                0x0000000000011c08                uspi_memcmp
                0x0000000000011c80                uspi_strlen
                0x0000000000011cb0                uspi_strcmp
                0x0000000000011d48                uspi_strcpy
                0x0000000000011d7c                uspi_strncpy
                0x0000000000011dd0                uspi_strcat
                0x0000000000011e1c                uspi_char2int
                0x0000000000011e20                uspi_le2be16
                0x0000000000011e30                uspi_le2be32
 .text          0x0000000000011e4c      0xdc4 libuspi.a(usbmassdevice.o)
                0x0000000000011e4c                USBBulkOnlyMassStorageDevice
                0x0000000000011eb0                _USBBulkOnlyMassStorageDevice
                0x0000000000011f20                USBBulkOnlyMassStorageDeviceSeek
                0x0000000000011f60                USBBulkOnlyMassStorageDeviceGetCapacity
                0x0000000000011f90                USBBulkOnlyMassStorageDeviceCommand
                0x0000000000012238                USBBulkOnlyMassStorageDeviceConfigure
                0x0000000000012730                USBBulkOnlyMassStorageDeviceTryRead
                0x0000000000012878                USBBulkOnlyMassStorageDeviceTryWrite
                0x00000000000129b8                USBBulkOnlyMassStorageDeviceReset
                0x0000000000012b28                USBBulkOnlyMassStorageDeviceRead
                0x0000000000012b9c                USBBulkOnlyMassStorageDeviceWrite
 .text          0x0000000000012c10      0x2b0 libuspi.a(dwhciframeschednper.o)
                0x0000000000012c10                DWHCIFrameSchedulerNonPeriodicWaitForFrame
                0x0000000000012c14                DWHCIFrameSchedulerNonPeriodicIsOddFrame
                0x0000000000012c1c                _DWHCIFrameSchedulerNonPeriodic
                0x0000000000012c4c                DWHCIFrameSchedulerNonPeriodicStartSplit
                0x0000000000012c7c                DWHCIFrameSchedulerNonPeriodicCompleteSplit
                0x0000000000012d18                DWHCIFrameSchedulerNonPeriodicTransactionComplete
                0x0000000000012e48                DWHCIFrameSchedulerNonPeriodic
 .text          0x0000000000012ec0      0x37c libuspi.a(dwhciframeschedper.o)
                0x0000000000012ec0                _DWHCIFrameSchedulerPeriodic
                0x0000000000012ef0                DWHCIFrameSchedulerPeriodicStartSplit
                0x0000000000012f28                DWHCIFrameSchedulerPeriodicCompleteSplit
                0x0000000000012fe0                DWHCIFrameSchedulerPeriodicIsOddFrame
                0x0000000000013010                DWHCIFrameSchedulerPeriodicTransactionComplete
                0x0000000000013134                DWHCIFrameSchedulerPeriodicWaitForFrame
                0x00000000000131bc                DWHCIFrameSchedulerPeriodic
 .text          0x000000000001323c      0x8cc libuspi.a(usbkeyboard.o)
                0x0000000000013348                USBKeyboardDeviceConfigure
                0x00000000000138cc                USBKeyboardDevice
                0x0000000000013968                _CUSBKeyboardDevice
                0x00000000000139d8                USBKeyboardDeviceRegisterKeyPressedHandler
                0x0000000000013a24                USBKeyboardDeviceRegisterSelectConsoleHandler
                0x0000000000013a70                USBKeyboardDeviceRegisterShutdownHandler
                0x0000000000013abc                USBKeyboardDeviceRegisterKeyStatusHandlerRaw
 .text          0x0000000000013b08      0x308 libuspi.a(dwhcirootport.o)
                0x0000000000013b08                DWHCIRootPort
                0x0000000000013b5c                _DWHCIRootPort
                0x0000000000013bac                DWHCIRootPortInitialize
 .text          0x0000000000013e10      0x614 libuspi.a(usbmouse.o)
                0x0000000000013f0c                USBMouseDeviceConfigure
                0x00000000000142f0                USBMouseDevice
                0x0000000000014370                _CUSBMouseDevice
                0x00000000000143d8                USBMouseDeviceRegisterStatusHandler
 .text          0x0000000000014424      0x19c libuspi.a(dwhciframeschednsplit.o)
                0x0000000000014424                _DWHCIFrameSchedulerNoSplit
                0x0000000000014428                DWHCIFrameSchedulerNoSplitStartSplit
                0x0000000000014448                DWHCIFrameSchedulerNoSplitCompleteSplit
                0x000000000001446c                DWHCIFrameSchedulerNoSplitTransactionComplete
                0x000000000001448c                DWHCIFrameSchedulerNoSplitIsOddFrame
                0x00000000000144bc                DWHCIFrameSchedulerNoSplitWaitForFrame
                0x0000000000014540                DWHCIFrameSchedulerNoSplit
 .text          0x00000000000145c0      0xe88 libuspi.a(usbgamepad.o)
                0x0000000000014c0c                USBGamePadDeviceConfigure
                0x0000000000015214                USBGamePadDevice
                0x00000000000152f0                _CUSBGamePadDevice
                0x0000000000015390                USBGamePadDeviceRegisterStatusHandler
                0x00000000000153e0                USBGamePadDeviceGetReport
 .text          0x0000000000015448       0xd4 libuspi.a(synchronize.o)
                0x0000000000015448                uspi_EnterCritical
                0x0000000000015488                uspi_LeaveCritical
                0x00000000000154ec                uspi_CleanAndInvalidateDataCacheRange
 .text          0x000000000001551c      0x728 libuspi.a(usbstring.o)
                0x000000000001551c                USBString
                0x00000000000155a0                USBStringCopy
                0x000000000001569c                _USBString
                0x000000000001571c                USBStringGetFromDescriptor
                0x00000000000159e4                USBStringGet
                0x0000000000015a14                USBStringGetLanguageID
 .text          0x0000000000015c44      0x5d0 libuspi.a(usbmidi.o)
                0x0000000000015d40                USBMIDIDeviceConfigure
                0x0000000000016108                USBMIDIDevice
                0x0000000000016160                _CUSBMIDIDevice
                0x00000000000161c8                USBMIDIDeviceRegisterPacketHandler
 .text          0x0000000000016214      0x348 libuspi.a(usbconfigparser.o)
                0x0000000000016214                USBConfigurationParser
                0x00000000000163ac                _USBConfigurationParser
                0x00000000000163dc                USBConfigurationParserIsValid
                0x0000000000016408                USBConfigurationParserGetDescriptor
                0x00000000000164e4                USBConfigurationParserError
 .text          0x000000000001655c      0x314 libuspi.a(usbdevicefactory.o)
                0x000000000001655c                GetDevice
                0x00000000000167e8                USBDeviceFactoryGetDevice
 .text          0x0000000000016870      0xd28 libuspi.a(usbstandardhub.o)
                0x0000000000016870                USBStandardHub
                0x00000000000168dc                _USBStandardHub
                0x0000000000016988                USBStandardHubInitialize
                0x00000000000169b8                USBStandardHubGetDeviceNames
                0x0000000000016adc                USBStandardHubEnumeratePorts
                0x0000000000017230                USBStandardHubConfigure
 .text          0x0000000000017598      0x3f0 libuspi.a(keymap.o)
                0x0000000000017598                KeyMap
                0x00000000000175e8                _KeyMap
                0x00000000000175ec                KeyMapClearTable
                0x0000000000017648                KeyMapSetEntry
                0x00000000000176cc                KeyMapTranslate
                0x0000000000017830                KeyMapGetString
                0x0000000000017930                KeyMapGetLEDStatus
 .text          0x0000000000017988      0x410 libuspienv.a(alloc.o)
                0x0000000000017988                mem_init
                0x00000000000179cc                mem_get_size
                0x00000000000179f4                malloc
                0x0000000000017b98                free
                0x0000000000017c90                palloc
                0x0000000000017d48                pfree
 .text          0x0000000000017d98       0x88 libuspienv.a(assert.o)
                0x0000000000017d98                assertion_failed
 .text          0x0000000000017e20      0x19c libuspienv.a(debug.o)
                0x0000000000017e20                debug_hexdump
                0x0000000000017f30                debug_stacktrace
 .text          0x0000000000017fbc       0x2c libuspienv.a(libstub.o)
                0x0000000000017fbc                __aeabi_uidiv
                0x0000000000017fcc                __aeabi_uidivmod
 .text          0x0000000000017fe8      0x32c libuspienv.a(logger.o)
                0x0000000000017fe8                Logger
                0x0000000000018008                _Logger
                0x0000000000018024                LoggerGet
                0x0000000000018034                LoggerWrite2
                0x000000000001805c                LoggerWriteV
                0x00000000000182bc                LoggerWrite
                0x00000000000182ec                LoggerInitialize
 .text          0x0000000000018314      0xd98 libuspienv.a(screen.o)
                0x0000000000018314                ScreenDevice
                0x0000000000018360                _ScreenDevice
                0x0000000000018390                ScreenDeviceGetWidth
                0x0000000000018398                ScreenDeviceGetHeight
                0x00000000000183a0                ScreenDeviceSetPixel
                0x00000000000183c8                ScreenDeviceGetPixel
                0x0000000000018404                ScreenDeviceCarriageReturn
                0x0000000000018410                ScreenDeviceCursorHome
                0x0000000000018420                ScreenDeviceCursorLeft
                0x0000000000018488                ScreenDeviceCursorMove
                0x00000000000184dc                ScreenDeviceCursorUp
                0x0000000000018514                ScreenDeviceDeleteChars
                0x0000000000018518                ScreenDeviceDeleteLines
                0x000000000001851c                ScreenDeviceInsertLines
                0x0000000000018520                ScreenDeviceInsertMode
                0x0000000000018528                ScreenDeviceReverseScroll
                0x000000000001852c                ScreenDeviceSetCursorMode
                0x0000000000018534                ScreenDeviceSetStandoutMode
                0x00000000000185d4                ScreenDeviceScroll
                0x000000000001864c                ScreenDeviceCursorDown
                0x0000000000018698                ScreenDeviceNewLine
                0x00000000000186ac                ScreenDeviceCursorRight
                0x00000000000186e0                ScreenDeviceTabulator
                0x0000000000018724                ScreenDeviceDisplayChar2
                0x00000000000187c0                ScreenDeviceRotor
                0x0000000000018818                ScreenDeviceDisplayChar
                0x0000000000018854                ScreenDeviceEraseChar
                0x00000000000188c0                ScreenDeviceClearLineEnd
                0x0000000000018908                ScreenDeviceClearDisplayEnd
                0x000000000001894c                ScreenDeviceEraseChars
                0x00000000000189b4                ScreenDeviceWrite2
                0x0000000000018e94                ScreenDeviceInvertCursor
                0x0000000000018f30                ScreenDeviceInitialize
                0x0000000000019058                ScreenDeviceWrite
 .text          0x00000000000190ac       0xa4 libuspienv.a(synchronize.o)
                0x00000000000190ac                EnterCritical
                0x00000000000190ec                LeaveCritical
 .text          0x0000000000019150      0x764 libuspienv.a(timer.o)
                0x0000000000019150                Timer
                0x00000000000191f0                _Timer
                0x0000000000019204                TimerGetClockTicks
                0x0000000000019244                TimerGetTicks
                0x0000000000019270                TimerGetTime
                0x000000000001929c                TimerGetTimeString
                0x0000000000019394                TimerStartKernelTimer
                0x0000000000019470                TimerCancelKernelTimer
                0x00000000000194c8                TimerMsDelay
                0x0000000000019508                TimerusDelay
                0x0000000000019548                TimerGet
                0x0000000000019590                TimerSimpleusDelay
                0x00000000000195dc                TimerSimpleMsDelay
                0x00000000000195f8                TimerPollKernelTimers
                0x0000000000019678                TimerInterruptHandler
                0x0000000000019778                TimerTuneMsDelay
                0x0000000000019808                TimerInitialize
 .text          0x00000000000198b4      0x1f4 libuspienv.a(uspibind.o)
                0x00000000000198b4                MsDelay
                0x00000000000198cc                usDelay
                0x00000000000198e4                StartKernelTimer
                0x000000000001991c                CancelKernelTimer
                0x0000000000019934                ConnectInterrupt
                0x000000000001995c                SetPowerStateOn
                0x00000000000199d8                GetMACAddress
                0x0000000000019a48                LogWrite
                0x0000000000019a90                uspi_assertion_failed
                0x0000000000019a9c                DebugHexdump
 .text          0x0000000000019aa8      0x148 libuspienv.a(uspienv.o)
                0x0000000000019aa8                USPiEnvInitialize
                0x0000000000019ba8                USPiEnvClose
                0x0000000000019be4                USPiEnvGetScreen
 .text          0x0000000000019bf0      0x288 libuspienv.a(util.o)
                0x0000000000019bf0                memset
                0x0000000000019c10                memcpy
                0x0000000000019c34                memcmp
                0x0000000000019cac                strlen
                0x0000000000019cdc                strcmp
                0x0000000000019d74                strcpy
                0x0000000000019da8                strncpy
                0x0000000000019dfc                strcat
                0x0000000000019e48                char2int
                0x0000000000019e4c                le2be16
                0x0000000000019e5c                le2be32
 .text          0x0000000000019e78       0x20 libuspienv.a(util_fast.o)
                0x0000000000019e78                memcpyblk
 .text          0x0000000000019e98      0x2d8 libuspienv.a(memory.o)
                0x0000000000019e98                _MemorySystem
                0x0000000000019f14                MemorySystemGetMemSize
                0x0000000000019f40                MemorySystemEnableMMU
                0x000000000001a040                MemorySystem
 .text          0x000000000001a170      0x218 libuspienv.a(pagetable.o)
                0x000000000001a170                PageTable
                0x000000000001a210                PageTable2
                0x000000000001a314                _PageTable
                0x000000000001a358                PageTableGetBaseAddress
 .text          0x000000000001a388      0x2cc libuspienv.a(exceptionhandler.o)
                0x000000000001a388                ExceptionHandler2
                0x000000000001a444                _ExceptionHandler
                0x000000000001a48c                ExceptionHandlerThrow
                0x000000000001a4e8                ExceptionHandlerThrow2
                0x000000000001a5e4                ExceptionHandlerGet
                0x000000000001a62c                ExceptionHandler
 .text          0x000000000001a654      0x364 libuspienv.a(bcmframebuffer.o)
                0x000000000001a654                BcmFrameBuffer
                0x000000000001a7a4                _BcmFrameBuffer
                0x000000000001a7e4                BcmFrameBufferSetPalette
                0x000000000001a82c                BcmFrameBufferInitialize
                0x000000000001a894                BcmFrameBufferGetWidth
                0x000000000001a8c4                BcmFrameBufferGetHeight
                0x000000000001a8f4                BcmFrameBufferGetPitch
                0x000000000001a924                BcmFrameBufferGetDepth
                0x000000000001a954                BcmFrameBufferGetBuffer
                0x000000000001a988                BcmFrameBufferGetSize
 .text          0x000000000001a9b8      0x1c4 libuspienv.a(bcmpropertytags.o)
                0x000000000001a9b8                BcmPropertyTags
                0x000000000001a9ec                _BcmPropertyTags
                0x000000000001aa1c                BcmPropertyTagsGetTag
 .text          0x000000000001ab7c      0x180 libuspienv.a(chargenerator.o)
                0x000000000001ab7c                CharGenerator
                0x000000000001abac                _CharGenerator
                0x000000000001abb0                CharGeneratorGetCharWidth
                0x000000000001abdc                CharGeneratorGetCharHeight
                0x000000000001ac10                CharGeneratorGetUnderline
                0x000000000001ac44                CharGeneratorGetPixel
 *fill*         0x000000000001acfc        0x4 
 .text          0x000000000001ad00        0xc libuspienv.a(delayloop.o)
                0x000000000001ad00                DelayLoop
 .text          0x000000000001ad0c       0xe0 libuspienv.a(exceptionstub.o)
                0x000000000001ad0c                UndefinedInstructionStub
                0x000000000001ad50                PrefetchAbortStub
                0x000000000001ad94                DataAbortStub
                0x000000000001add8                IRQStub
 .text          0x000000000001adec      0x4d4 libuspienv.a(interrupt.o)
                0x000000000001adec                InterruptSystem
                0x000000000001ae40                _InterruptSystem
                0x000000000001ae54                InterruptSystemInitialize
                0x000000000001af4c                InterruptSystemEnableIRQ
                0x000000000001afc4                InterruptSystemConnectIRQ
                0x000000000001b048                InterruptSystemDisableIRQ
                0x000000000001b0c0                InterruptSystemDisconnectIRQ
                0x000000000001b140                InterruptSystemGet
                0x000000000001b188                InterruptSystemCallIRQHandler
                0x000000000001b1fc                InterruptHandler
 .text          0x000000000001b2c0       0xd8 libuspienv.a(libhelper.o)
                0x000000000001b2c0                Divide
 .text          0x000000000001b398       0x10 libuspienv.a(memio.o)
                0x000000000001b398                read32
                0x000000000001b3a0                write32
 .text          0x000000000001b3a8      0x1e4 libuspienv.a(bcmmailbox.o)
                0x000000000001b3a8                BcmMailBox
                0x000000000001b3d8                _BcmMailBox
                0x000000000001b400                BcmMailBoxFlush
                0x000000000001b460                BcmMailBoxRead
                0x000000000001b4c4                BcmMailBoxWrite
                0x000000000001b538                BcmMailBoxWriteRead
                0x000000000001b58c                _etext = .

.rodata         0x000000000001b58c     0x35fc
 *(.rodata*)
 .rodata        0x000000000001b58c       0x1f build/kernel.o
 *fill*         0x000000000001b5ab        0x1 
 .rodata        0x000000000001b5ac        0x5 libuspi.a(uspilibrary.o)
 *fill*         0x000000000001b5b1        0x3 
 .rodata.str1.4
                0x000000000001b5b4      0x133 libuspi.a(uspilibrary.o)
                                        0x13f (size before relaxing)
 *fill*         0x000000000001b6e7        0x1 
 .rodata        0x000000000001b6e8        0x6 libuspi.a(dwhcidevice.o)
 *fill*         0x000000000001b6ee        0x2 
 .rodata.str1.4
                0x000000000001b6f0      0x586 libuspi.a(dwhcidevice.o)
                                        0x58a (size before relaxing)
 *fill*         0x000000000001bc76        0x2 
 .rodata.str1.4
                0x000000000001bc78       0x85 libuspi.a(dwhciregister.o)
                                         0x91 (size before relaxing)
 *fill*         0x000000000001bcfd        0x3 
 .rodata.str1.4
                0x000000000001bd00      0x1c1 libuspi.a(dwhcixferstagedata.o)
                                        0x1d1 (size before relaxing)
 *fill*         0x000000000001bec1        0x3 
 .rodata        0x000000000001bec4        0x7 libuspi.a(usbdevice.o)
 *fill*         0x000000000001becb        0x1 
 .rodata.str1.4
                0x000000000001becc      0x2e0 libuspi.a(usbdevice.o)
                                        0x2f0 (size before relaxing)
 .rodata.str1.4
                0x000000000001c1ac      0x192 libuspi.a(usbendpoint.o)
                                        0x1c6 (size before relaxing)
 *fill*         0x000000000001c33e        0x2 
 .rodata.str1.4
                0x000000000001c340       0xd1 libuspi.a(usbrequest.o)
                                         0xf5 (size before relaxing)
 *fill*         0x000000000001c411        0x3 
 .rodata.str1.4
                0x000000000001c414       0x75 libuspi.a(devicenameservice.o)
                                         0xa9 (size before relaxing)
 *fill*         0x000000000001c489        0x3 
 .rodata.str1.4
                0x000000000001c48c       0x3e libuspi.a(macaddress.o)
                                         0x7a (size before relaxing)
 *fill*         0x000000000001c4ca        0x2 
 .rodata        0x000000000001c4cc        0x9 libuspi.a(smsc951x.o)
 *fill*         0x000000000001c4d5        0x3 
 .rodata.str1.4
                0x000000000001c4d8      0x24a libuspi.a(smsc951x.o)
                                        0x272 (size before relaxing)
 *fill*         0x000000000001c722        0x2 
 .rodata.str1.4
                0x000000000001c724        0x9 libuspi.a(string.o)
                                         0x19 (size before relaxing)
 *fill*         0x000000000001c72d        0x3 
 .rodata        0x000000000001c730        0x5 libuspi.a(usbmassdevice.o)
 *fill*         0x000000000001c735        0x3 
 .rodata.str1.4
                0x000000000001c738      0x26c libuspi.a(usbmassdevice.o)
                                        0x2ac (size before relaxing)
 .rodata.str1.4
                0x000000000001c9a4       0x58 libuspi.a(dwhciframeschednper.o)
                                         0x68 (size before relaxing)
 .rodata.str1.4
                0x000000000001c9fc       0x15 libuspi.a(dwhciframeschedper.o)
                                         0x68 (size before relaxing)
 *fill*         0x000000000001ca11        0x3 
 .rodata        0x000000000001ca14        0x7 libuspi.a(usbkeyboard.o)
 *fill*         0x000000000001ca1b        0x1 
 .rodata.str1.4
                0x000000000001ca1c      0x14a libuspi.a(usbkeyboard.o)
                                        0x192 (size before relaxing)
 *fill*         0x000000000001cb66        0x2 
 .rodata        0x000000000001cb68        0x7 libuspi.a(dwhcirootport.o)
 *fill*         0x000000000001cb6f        0x1 
 .rodata.str1.4
                0x000000000001cb70       0xbb libuspi.a(dwhcirootport.o)
                                         0xf3 (size before relaxing)
 *fill*         0x000000000001cc2b        0x1 
 .rodata        0x000000000001cc2c        0x7 libuspi.a(usbmouse.o)
 *fill*         0x000000000001cc33        0x1 
 .rodata.str1.4
                0x000000000001cc34       0x2c libuspi.a(usbmouse.o)
                                        0x130 (size before relaxing)
 .rodata.str1.4
                0x000000000001cc60       0x18 libuspi.a(dwhciframeschednsplit.o)
                                         0x27 (size before relaxing)
 .rodata        0x000000000001cc78        0xd libuspi.a(usbgamepad.o)
 *fill*         0x000000000001cc85        0x3 
 .rodata.str1.4
                0x000000000001cc88       0x55 libuspi.a(usbgamepad.o)
                                        0x154 (size before relaxing)
 *fill*         0x000000000001ccdd        0x3 
 .rodata.str1.4
                0x000000000001cce0       0x25 libuspi.a(synchronize.o)
 *fill*         0x000000000001cd05        0x3 
 .rodata.str1.4
                0x000000000001cd08       0x9e libuspi.a(usbstring.o)
                                         0xc2 (size before relaxing)
 *fill*         0x000000000001cda6        0x2 
 .rodata        0x000000000001cda8       0x48 libuspi.a(usbmidi.o)
 .rodata.str1.4
                0x000000000001cdf0       0x7c libuspi.a(usbmidi.o)
                                        0x10c (size before relaxing)
 .rodata.str1.4
                0x000000000001ce6c       0x8f libuspi.a(usbconfigparser.o)
                                         0xab (size before relaxing)
 *fill*         0x000000000001cefb        0x1 
 .rodata.str1.4
                0x000000000001cefc       0x7f libuspi.a(usbdevicefactory.o)
                                         0xab (size before relaxing)
 *fill*         0x000000000001cf7b        0x1 
 .rodata        0x000000000001cf7c        0x7 libuspi.a(usbstandardhub.o)
 *fill*         0x000000000001cf83        0x1 
 .rodata.str1.4
                0x000000000001cf84      0x2fc libuspi.a(usbstandardhub.o)
                                        0x378 (size before relaxing)
 .rodata        0x000000000001d280      0x4cc libuspi.a(keymap.o)
 .rodata.str1.4
                0x000000000001d74c       0xda libuspi.a(keymap.o)
                                         0xf6 (size before relaxing)
 *fill*         0x000000000001d826        0x2 
 .rodata.str1.4
                0x000000000001d828       0xbb libuspienv.a(alloc.o)
 *fill*         0x000000000001d8e3        0x1 
 .rodata.str1.4
                0x000000000001d8e4       0x1d libuspienv.a(assert.o)
 *fill*         0x000000000001d901        0x3 
 .rodata        0x000000000001d904        0x6 libuspienv.a(debug.o)
 *fill*         0x000000000001d90a        0x2 
 .rodata.str1.4
                0x000000000001d90c       0x8e libuspienv.a(debug.o)
 *fill*         0x000000000001d99a        0x2 
 .rodata.str1.4
                0x000000000001d99c       0x2b libuspienv.a(logger.o)
                                         0x33 (size before relaxing)
 *fill*         0x000000000001d9c7        0x1 
 .rodata        0x000000000001d9c8        0x5 libuspienv.a(screen.o)
 .rodata.str1.4
                0x000000000001d9cd       0x25 libuspienv.a(synchronize.o)
 *fill*         0x000000000001d9cd        0x3 
 .rodata.str1.4
                0x000000000001d9d0       0xcb libuspienv.a(timer.o)
                                        0x107 (size before relaxing)
 *fill*         0x000000000001da9b        0x1 
 .rodata.str1.4
                0x000000000001da9c       0xa8 libuspienv.a(memory.o)
                                         0xb4 (size before relaxing)
 .rodata.str1.4
                0x000000000001db44       0x49 libuspienv.a(pagetable.o)
                                         0x55 (size before relaxing)
 *fill*         0x000000000001db8d        0x3 
 .rodata        0x000000000001db90       0x18 libuspienv.a(exceptionhandler.o)
 .rodata.str1.4
                0x000000000001dba8       0xb7 libuspienv.a(exceptionhandler.o)
                                         0xe3 (size before relaxing)
 *fill*         0x000000000001dc5f        0x1 
 .rodata.str1.4
                0x000000000001dc60       0x11 libuspienv.a(bcmframebuffer.o)
                                         0x1f (size before relaxing)
 *fill*         0x000000000001dc71        0x3 
 .rodata.str1.4
                0x000000000001dc74       0x5f libuspienv.a(bcmpropertytags.o)
                                         0x6b (size before relaxing)
 *fill*         0x000000000001dcd3        0x1 
 .rodata        0x000000000001dcd4      0xdf0 libuspienv.a(chargenerator.o)
 .rodata.str1.4
                0x000000000001eac4       0x2c libuspienv.a(chargenerator.o)
                                         0x38 (size before relaxing)
 .rodata.str1.4
                0x000000000001eaf0       0x65 libuspienv.a(interrupt.o)
                                         0x81 (size before relaxing)
 *fill*         0x000000000001eb55        0x3 
 .rodata.str1.4
                0x000000000001eb58        0xc libuspienv.a(libhelper.o)
                                          0xe (size before relaxing)
 .rodata.str1.4
                0x000000000001eb64       0x24 libuspienv.a(bcmmailbox.o)
                                         0x2f (size before relaxing)

COMMON          0x000000000001eb88     0x5f10
 *(COMMON*)
 COMMON         0x000000000001eb88     0x5800 build/terminal.o
                0x000000000001eb88                terminalScreen
                0x0000000000020388                terminalBuffer
 COMMON         0x0000000000024388      0x3e8 build/keyboard.o
                0x0000000000024388                lastPressed
 COMMON         0x0000000000024770      0x328 build/snake.o
                0x0000000000024770                position

/DISCARD/
 *(*)
OUTPUT(build/output.elf elf32-littlearm)
